SQL> select * from clases;

  ID_CLASE FECHA            HORA TIPO                                           
---------- ---------- ---------- --------------------                           
         1 2021/05/17       1230 SPINNING                                       
         2 2021/07/09       1630 ZUMBA                                          
         3 2021/12/14       2230 ZUMBA                                          
         4 2022/03/22        930 SPINNING                                       
         5 2022/03/22       1130 SPINNING                                       
         6 2022/03/22       1330 SPINNING                                       
         7 2022/03/22       1530 SPINNING                                       
         8 2022/03/22       1730 SPINNING                                       
         9 2022/03/22       1930 SPINNING                                       
        10 2022/03/22       2130 SPINNING                                       
        11 2022/03/22        830 ZUMBA                                          

  ID_CLASE FECHA            HORA TIPO                                           
---------- ---------- ---------- --------------------                           
        12 2022/03/22       1030 ZUMBA                                          
        13 2022/03/22       1230 ZUMBA                                          
        14 2022/03/22       1430 ZUMBA                                          
        15 2022/03/22       1630 ZUMBA                                          
        16 2022/03/22       1830 ZUMBA                                          
        17 2022/03/22       2030 ZUMBA                                          
        18 2022/03/22       2230 ZUMBA                                          
        19 2022/04/24        930 ZUMBA                                          
        20 2022/04/24       1130 ZUMBA                                          
        21 2022/04/24       1330 ZUMBA                                          
        22 2022/04/24       1530 ZUMBA                                          

  ID_CLASE FECHA            HORA TIPO                                           
---------- ---------- ---------- --------------------                           
        23 2022/04/24       1730 ZUMBA                                          
        24 2022/04/24       1930 ZUMBA                                          
        25 2022/04/24       2130 ZUMBA                                          
        26 2022/04/24        830 SPINNING                                       
        27 2022/04/24       1030 SPINNING                                       
        28 2022/04/24       1230 SPINNING                                       
        29 2022/04/24       1430 SPINNING                                       
        30 2022/04/24       1630 SPINNING                                       
        31 2022/04/24       1830 SPINNING                                       
        32 2022/04/24       2030 SPINNING                                       
        33 2022/04/24       2230 SPINNING                                       

33 filas seleccionadas.

SQL> select * from salas;

    N_SALA     TAMANO  CAPACIDAD                                                
---------- ---------- ----------                                                
         1         50         20                                                
         2         52         25                                                
         3         82         55                                                
         4        150        200                                                
         5         20          5                                                
         6         35         12                                                
         7        204        246                                                
         8         64         43                                                
         9         76         59                                                
        10        100         50                                                

10 filas seleccionadas.

SQL> desc darse;
 Nombre                                    ¿Nulo?   Tipo
 ----------------------------------------- -------- ----------------------------
 ID_CLASE                                  NOT NULL NUMBER(6)
 N_SALA                                    NOT NULL NUMBER(3)

SQL> rem soy un genio
SQL> insert into darse values(1,8);

1 fila creada.

SQL> insert into darse values(2,3);

1 fila creada.

SQL> insert into darse values(3,8);

1 fila creada.

SQL> insert into darse values(4,4);

1 fila creada.

SQL> insert into darse values(5,2);

1 fila creada.

SQL> insert into darse values(6,10);

1 fila creada.

SQL> insert into darse values(7,1);

1 fila creada.

SQL> insert into darse values(8,1);

1 fila creada.

SQL> insert into darse values(9,3);

1 fila creada.

SQL> insert into darse values(10,10);

1 fila creada.

SQL> insert into darse values(11,8);

1 fila creada.

SQL> insert into darse values(12,3);

1 fila creada.

SQL> insert into darse values(13,1);

1 fila creada.

SQL> insert into darse values(14,7);

1 fila creada.

SQL> insert into darse values(15,5);

1 fila creada.

SQL> insert into darse values(16,1);

1 fila creada.

SQL> insert into darse values(17,5);

1 fila creada.

SQL> insert into darse values(18,9);

1 fila creada.

SQL> insert into darse values(19,3);

1 fila creada.

SQL> insert into darse values(20,9);

1 fila creada.

SQL> insert into darse values(21,1);

1 fila creada.

SQL> insert into darse values(22,3);

1 fila creada.

SQL> insert into darse values(23,6);

1 fila creada.

SQL> insert into darse values(24,4);

1 fila creada.

SQL> insert into darse values(25,7);

1 fila creada.

SQL> insert into darse values(26,7);

1 fila creada.

SQL> insert into darse values(27,2);

1 fila creada.

SQL> insert into darse values(28,4);

1 fila creada.

SQL> insert into darse values(29,10);

1 fila creada.

SQL> insert into darse values(30,3);

1 fila creada.

SQL> insert into darse values(31,5);

1 fila creada.

SQL> insert into darse values(32,4);

1 fila creada.

SQL> insert into darse values(33,9);

1 fila creada.

SQL> insert into darse values(34,9);
insert into darse values(34,9)
*
ERROR en línea 1:
ORA-02291: restricción de integridad (TMACRI.SYS_C004039) violada - clave 
principal no encontrada 


SQL> select * from darse;

  ID_CLASE     N_SALA                                                           
---------- ----------                                                           
         1          8                                                           
         2          3                                                           
         3          8                                                           
         4          4                                                           
         5          2                                                           
         6         10                                                           
         7          1                                                           
         8          1                                                           
         9          3                                                           
        10         10                                                           
        11          8                                                           

  ID_CLASE     N_SALA                                                           
---------- ----------                                                           
        12          3                                                           
        13          1                                                           
        14          7                                                           
        15          5                                                           
        16          1                                                           
        17          5                                                           
        18          9                                                           
        19          3                                                           
        20          9                                                           
        21          1                                                           
        22          3                                                           

  ID_CLASE     N_SALA                                                           
---------- ----------                                                           
        23          6                                                           
        24          4                                                           
        25          7                                                           
        26          7                                                           
        27          2                                                           
        28          4                                                           
        29         10                                                           
        30          3                                                           
        31          5                                                           
        32          4                                                           
        33          9                                                           

33 filas seleccionadas.

SQL> rem creamos tabla socios
SQL> rem creamos tabla socios
SQL> 
SQL> rem creamos tabla socios
SQL> rem creamos tabla socios
SQL> rem creamos tabla socios
SQL> rem creamos tabla socios
SQL> rem creamos tabla socios
SQL> rem creamos tabla socios
SQL> rem creamos tabla socios
SQL> rem creamos tabla socios
SQL> rem creamos tabla socios
SQL> rem creamos tabla socios
SQL> rem creamos tabla socios
SQL> rem creamos tabla socios
SQL> rem creamos tabla socios
SQL> 
SQL> 
SQL> CREATE TABLE SOCIOS(
  2  N_SOCIO number(7),
  3  MAIL varchar(100),
  4  TELEFONO varMSACC:CCC;
TELEFONO varMSACC:CCC
                 *
ERROR en línea 4:
ORA-00907: falta el paréntesis derecho 


SQL> CREATE TABLE SOCIOS(
  2  N_SOCIO number(7),
  3  MAIL varchar2(100),
  4  TELEFONO varchar2(10),
  5  CALLE varchar2(50),
  6  NUMERO number(3)
  7  , CP number(5),
  8  mcas;c:zx_
  9  :;
mcas;c:zx_
    *
ERROR en línea 8:
ORA-00911: carácter no válido 


SQL> CREATE TABLE SOCIOS(
  2  N_SOCIO number(7),
  3  DNI varchar2(9),
  4  NOMBRE varchar2(20),
  5  APELLIDO varchar2(20),
  6  SEG_APELLIDO varchar2(20),
  7  MAIL varchar2(100),
  8  TELEFONO varchar2(10),
  9  CALLE varchar2(50),
 10  NUMERO number(3)
 11  , CP number(5),
 12  primary key (N_SOCIO));

Tabla creada.

SQL> INSERT INTO SOCIOS VALUES(1,'Y7451932S', TOMAS, VEGA, ORTEGA, tvega@gmail.com, 660046009, SUECIA, 44, 28022);
INSERT INTO SOCIOS VALUES(1,'Y7451932S', TOMAS, VEGA, ORTEGA, tvega@gmail.com, 660046009, SUECIA, 44, 28022)
                                                                                          *
ERROR en línea 1:
ORA-00984: columna no permitida aquí 


SQL> INSERT INTO SOCIOS VALUES(1,'Y7451932S', 'TOMAS','VEGA', 'ORTEGA', 'tvega@gmail.com', '660046009', 'SUECIA', 44, 28022);

1 fila creada.

SQL> SELECT * FROM POBLACIONES;

    ID_POB NOMB_POB                               HAB_POB    EXT_POB            
---------- ----------------------------------- ---------- ----------            
N_PROVINCIAS                                                                    
--------------------                                                            
         1 MADRID                                 3305408        604            
MADRID                                                                          
                                                                                
         2 ARANJUEZ                                 59833        201            
MADRID                                                                          
                                                                                
         3 CARTAGENA                               213943        558            
MURCIA                                                                          
                                                                                

    ID_POB NOMB_POB                               HAB_POB    EXT_POB            
---------- ----------------------------------- ---------- ----------            
N_PROVINCIAS                                                                    
--------------------                                                            
         4 MURCIA                                  447182        881            
MURCIA                                                                          
                                                                                
         5 BARCELONA                              1636732        102            
BARCELONA                                                                       
                                                                                
         6 CASTELLDEFELS                            66375         13            
BARCELONA                                                                       
                                                                                

    ID_POB NOMB_POB                               HAB_POB    EXT_POB            
---------- ----------------------------------- ---------- ----------            
N_PROVINCIAS                                                                    
--------------------                                                            
         7 SEVILLA                                 688711        140            
SEVILLA                                                                         
                                                                                
         8 UTRERA                                   52617        684            
SEVILLA                                                                         
                                                                                
        10 VALLAOLID                               298866        198            
VALLADOLID                                                                      
                                                                                

9 filas seleccionadas.

SQL> DROP TABLE SOCIOS;

Tabla borrada.

SQL> CREATE TABLE SOCIOS(
  2  N_SOCIO number(7) primary key,
  3  DNI varchar2(9),
  4  NOMBRE varchar2(20),
  5  APELLIDO varchar2(20),
  6  SEG_APELLIDO varchar2(20),
  7  MAIL varchar2(100),
  8  TELEFONO varchar2(10),
  9  CALLE varchar2(50),
 10  NUMERO number(3)
 11  , CP number(5),
 12  ID_POB number(5),
 13  foreign key (ID_POB) references POBLACIONES);

Tabla creada.

SQL> INSERT INTO SOCIOS VALUES(1,'Y7451932S', 'TOMAS','VEGA', 'ORTEGA', 'tvega@gmail.com', '660046009', 'SUECIA', 44, 28022,2);

1 fila creada.

SQL> INSERT INTO SOCIOS VALUES(2,'43594630Z', 'CARLOS','DA VINCI', 'PAVAROTTI', 'cdavinci@gmail.com', '364814653', 'SEVILLA', 88, 46892,6);

1 fila creada.

SQL> INSERT INTO SOCIOS VALUES(3,'43082463T', 'MARTA','SERRAT', 'SABINA', 'mserrat@gmail.com', '217954856', 'ARANDANO', 864, 28003,6);

1 fila creada.

SQL> INSERT INTO SOCIOS VALUES(4,'68792565F', 'CARLA','MESSI', 'RONALDO', 'cmessi@gmail.com', '793324108', 'ARGENTINA', 86, 36950,4);

1 fila creada.

SQL> INSERT INTO SOCIOS VALUES(5,'13644098S', 'ALEXA','MARTINEZ', 'ORTEGA', 'amartinez@gmail.com', '347186593', 'PADRE NUESTRO', 13, 300,7);

1 fila creada.

SQL> INSERT INTO SOCIOS VALUES(6,'14516978C', 'PAULA','EDERY', null, 'pedery@gmail.com', '604826822', 'CALLEJON', 853, 66038,8);

1 fila creada.

SQL> INSERT INTO SOCIOS VALUES(7,'16139488X', 'SUSANA','VEGA', 'GONZALEZ', 'svega@hotmail.com', '821403819', 'RIO', 359, 99252,9);
INSERT INTO SOCIOS VALUES(7,'16139488X', 'SUSANA','VEGA', 'GONZALEZ', 'svega@hotmail.com', '821403819', 'RIO', 359, 99252,9)
*
ERROR en línea 1:
ORA-02291: restricción de integridad (TMACRI.SYS_C004043) violada - clave 
principal no encontrada 


SQL> INSERT INTO SOCIOS VALUES(8,'69873567B', 'MONICA','BIANCO', 'PEREZ', 'mbianco@hotmail.com', '299217214', 'OSLO', 30, 64203,9);
INSERT INTO SOCIOS VALUES(8,'69873567B', 'MONICA','BIANCO', 'PEREZ', 'mbianco@hotmail.com', '299217214', 'OSLO', 30, 64203,9)
*
ERROR en línea 1:
ORA-02291: restricción de integridad (TMACRI.SYS_C004043) violada - clave 
principal no encontrada 


SQL> INSERT INTO SOCIOS VALUES(9,'Y4635879C', 'ENRIQUE','MARTINEZ', null, 'emartinez@hotmail.com', '514378378', 'NAIROBI', 81, 41620,10);

1 fila creada.

SQL> INSERT INTO SOCIOS VALUES(10,'13454981L', 'JOSE LUIS','GONZALEZ', 'CASARES', 'jlgonzalez@hotmail.com', '595711088', 'BUENOS AIRES', 369, 97723,9);
INSERT INTO SOCIOS VALUES(10,'13454981L', 'JOSE LUIS','GONZALEZ', 'CASARES', 'jlgonzalez@hotmail.com', '595711088', 'BUENOS AIRES', 369, 97723,9)
*
ERROR en línea 1:
ORA-02291: restricción de integridad (TMACRI.SYS_C004043) violada - clave 
principal no encontrada 


SQL> INSERT INTO SOCIOS VALUES(11,'78975461X', 'ALBERTO','FERNANDEZ', null, 'afernandez@yahoo.com', '646503181', 'CHINA', 69, 28022,4);

1 fila creada.

SQL> INSERT INTO SOCIOS VALUES(12,'13597127A', 'MADELEINE','GOMEZ', 'MOREIRA', 'mgomez@yahoo.com', '383638907', 'CALIFORNIA', 8, 64983,9);
INSERT INTO SOCIOS VALUES(12,'13597127A', 'MADELEINE','GOMEZ', 'MOREIRA', 'mgomez@yahoo.com', '383638907', 'CALIFORNIA', 8, 64983,9)
*
ERROR en línea 1:
ORA-02291: restricción de integridad (TMACRI.SYS_C004043) violada - clave 
principal no encontrada 


SQL> INSERT INTO SOCIOS VALUES(13,'49863105Z', 'ALFONSO','ORTEGA', 'SILLERO', 'aortega@yahoo.com', '360462957', 'NORUEGA', 10, 46432,3);

1 fila creada.

SQL> INSERT INTO SOCIOS VALUES(14,'46934489P', 'MERCEDES','CUBILLO', 'MENAYO', 'mcubillo@yahoo.com', '848887557', 'URUGUAY', 11, 46792,1);

1 fila creada.

SQL> INSERT INTO SOCIOS VALUES(15,'Y5689843M', 'OSCAR','NOVILLO', 'CAMACHO', 'onovillo@yahoo.com', '355745640', 'UGANDA', 22, 36569,1);

1 fila creada.

SQL> INSERT INTO SOCIOS VALUES(16,'84695325W', 'JUAN','GARRIDO', null, 'jgarrido@gmail.com', '227652163', 'ALCALA', 256, 28020,6);

1 fila creada.

SQL> set linesize 400
SQL> set pagesize 400
SQL> select * from socios;

   N_SOCIO DNI       NOMBRE               APELLIDO             SEG_APELLIDO         MAIL                                                                                                 TELEFONO   CALLE                                                  NUMERO         CP     ID_POB                                                                                                                         
---------- --------- -------------------- -------------------- -------------------- ---------------------------------------------------------------------------------------------------- ---------- -------------------------------------------------- ---------- ---------- ----------                                                                                                                         
         1 Y7451932S TOMAS                VEGA                 ORTEGA               tvega@gmail.com                                                                                      660046009  SUECIA                                                     44      28022          2                                                                                                                         
         2 43594630Z CARLOS               DA VINCI             PAVAROTTI            cdavinci@gmail.com                                                                                   364814653  SEVILLA                                                    88      46892          6                                                                                                                         
         3 43082463T MARTA                SERRAT               SABINA               mserrat@gmail.com                                                                                    217954856  ARANDANO                                                  864      28003          6                                                                                                                         
         4 68792565F CARLA                MESSI                RONALDO              cmessi@gmail.com                                                                                     793324108  ARGENTINA                                                  86      36950          4                                                                                                                         
         5 13644098S ALEXA                MARTINEZ             ORTEGA               amartinez@gmail.com                                                                                  347186593  PADRE NUESTRO                                              13        300          7                                                                                                                         
         6 14516978C PAULA                EDERY                                     pedery@gmail.com                                                                                     604826822  CALLEJON                                                  853      66038          8                                                                                                                         
         9 Y4635879C ENRIQUE              MARTINEZ                                  emartinez@hotmail.com                                                                                514378378  NAIROBI                                                    81      41620         10                                                                                                                         
        11 78975461X ALBERTO              FERNANDEZ                                 afernandez@yahoo.com                                                                                 646503181  CHINA                                                      69      28022          4                                                                                                                         
        13 49863105Z ALFONSO              ORTEGA               SILLERO              aortega@yahoo.com                                                                                    360462957  NORUEGA                                                    10      46432          3                                                                                                                         
        14 46934489P MERCEDES             CUBILLO              MENAYO               mcubillo@yahoo.com                                                                                   848887557  URUGUAY                                                    11      46792          1                                                                                                                         
        15 Y5689843M OSCAR                NOVILLO              CAMACHO              onovillo@yahoo.com                                                                                   355745640  UGANDA                                                     22      36569          1                                                                                                                         
        16 84695325W JUAN                 GARRIDO                                   jgarrido@gmail.com                                                                                   227652163  ALCALA                                                    256      28020          6                                                                                                                         

12 filas seleccionadas.

SQL> rem socios cargados
SQL> rem socios cargados
SQL> rem socios cargados
SQL> rem socios cargados
SQL> rem socios cargados
SQL> rem socios cargados
SQL> rem socios cargados
SQL> rem socios cargados
SQL> rem socios cargados
SQL> rem socios cargados
SQL> rem socios cargados
SQL> rem socios cargados
SQL> rem socios cargados
SQL> rem socios cargados
SQL> rem socios cargados
SQL> rem socios cargados
SQL> rem socios cargados
SQL> 
SQL> 
SQL> spool off
