SQL> desc maquinas
 Nombre                                    ¿Nulo?   Tipo
 ----------------------------------------- -------- ----------------------------
 ID_PROD_MAQ                                        NUMBER(5)
 COSTE_UD_MAQ                                       NUMBER(4)
 NOMB_PROD_MAQ                                      VARCHAR2(50)
 DESC_PROD_MAQ                                      VARCHAR2(300)
 TIPO                                               VARCHAR2(20)
 LARGO                                              NUMBER(4)
 ANCHO                                              NUMBER(4)

SQL> set linesize 300
SQL> set pagesize 300
SQL> 
SQL> rem llenamos esta tabla
SQL> rem llenamos esta tabla
SQL> rem llenamos esta tabla
SQL> 
SQL> INSERT INTO MAQUINAS VALUES (1, 1500, 'CAMINADORA', 'LA CAMINADORA NUMERO 1 DEL PAIS', 'CAMINADORA', 180, 100);

1 fila creada.

SQL> INSERT INTO MAQUINAS VALUES (2, 2500, 'BICICLETA', 'LA MEJOR BICI DE LA HISTORIA',  'BICICLETA', 140, 60);

1 fila creada.

SQL> UPDATE MAQUINAS SET NOMB_PROD_MAQ = 'CAMINADORA JRKX-2000' WHERE ID_PROD_MAQ = 1;

1 fila actualizada.

SQL> UPDATE MAQUINAS SET NOMB_PROD_MAQ = 'VOLABA SMART BIKE' AND COSTE_UD_MAQ = 549 WHERE ID_PROD_MAQ = 2;
UPDATE MAQUINAS SET NOMB_PROD_MAQ = 'VOLABA SMART BIKE' AND COSTE_UD_MAQ = 549 WHERE ID_PROD_MAQ = 2
                                                        *
ERROR en línea 1:
ORA-00933: comando SQL no terminado correctamente 


SQL> UPDATE MAQUINAS SET NOMB_PROD_MAQ = 'VOLABA SMART BIKE', COSTE_UD_MAQ = 549 WHERE ID_PROD_MAQ = 2;

1 fila actualizada.

SQL> SELECT * FROM MAQUINAS;

ID_PROD_MAQ COSTE_UD_MAQ NOMB_PROD_MAQ                                                                                                                                                                                                                                                                      
----------- ------------ --------------------------------------------------                                                                                                                                                                                                                                 
DESC_PROD_MAQ                                                                                                                                                                                                                                                                                               
------------------------------------------------------------------------------------------------------------------------------------------------------------------------------------------------------------------------------------------------------------------------------------------------------------
TIPO                      LARGO      ANCHO                                                                                                                                                                                                                                                                  
-------------------- ---------- ----------                                                                                                                                                                                                                                                                  
          1         1500 CAMINADORA JRKX-2000                                                                                                                                                                                                                                                               
LA CAMINADORA NUMERO 1 DEL PAIS                                                                                                                                                                                                                                                                             
CAMINADORA                  180        100                                                                                                                                                                                                                                                                  
                                                                                                                                                                                                                                                                                                            
          2          549 VOLABA SMART BIKE                                                                                                                                                                                                                                                                  
LA MEJOR BICI DE LA HISTORIA                                                                                                                                                                                                                                                                                
BICICLETA                   140         60                                                                                                                                                                                                                                                                  
                                                                                                                                                                                                                                                                                                            

SQL> set linesize 300
SQL> set linesize 300
SQL> set pagesize 300
SQL> SELECT * FROM MAQUINAS;

ID_PROD_MAQ COSTE_UD_MAQ NOMB_PROD_MAQ                                                                                                                                                                                                                                                                      
----------- ------------ --------------------------------------------------                                                                                                                                                                                                                                 
DESC_PROD_MAQ                                                                                                                                                                                                                                                                                               
------------------------------------------------------------------------------------------------------------------------------------------------------------------------------------------------------------------------------------------------------------------------------------------------------------
TIPO                      LARGO      ANCHO                                                                                                                                                                                                                                                                  
-------------------- ---------- ----------                                                                                                                                                                                                                                                                  
          1         1500 CAMINADORA JRKX-2000                                                                                                                                                                                                                                                               
LA CAMINADORA NUMERO 1 DEL PAIS                                                                                                                                                                                                                                                                             
CAMINADORA                  180        100                                                                                                                                                                                                                                                                  
                                                                                                                                                                                                                                                                                                            
          2          549 VOLABA SMART BIKE                                                                                                                                                                                                                                                                  
LA MEJOR BICI DE LA HISTORIA                                                                                                                                                                                                                                                                                
BICICLETA                   140         60                                                                                                                                                                                                                                                                  
                                                                                                                                                                                                                                                                                                            

SQL> set linesize 1500
SQL> set pagesize 1500
SQL> SELECT * FROM MAQUINAS;

ID_PROD_MAQ COSTE_UD_MAQ NOMB_PROD_MAQ                                      DESC_PROD_MAQ                                                                                                                                                                                                                                                                                                TIPO                      LARGO      ANCHO                                                                                                                                                                                                                                                                                                                                                                                                                                                                                                                                                                                                                                                                                                                                                                                                                                                                                                                                                                                                                                                                                                                         
----------- ------------ -------------------------------------------------- ------------------------------------------------------------------------------------------------------------------------------------------------------------------------------------------------------------------------------------------------------------------------------------------------------------ -------------------- ---------- ----------                                                                                                                                                                                                                                                                                                                                                                                                                                                                                                                                                                                                                                                                                                                                                                                                                                                                                                                                                                                                                                                                                                                         
          1         1500 CAMINADORA JRKX-2000                               LA CAMINADORA NUMERO 1 DEL PAIS                                                                                                                                                                                                                                                                              CAMINADORA                  180        100                                                                                                                                                                                                                                                                                                                                                                                                                                                                                                                                                                                                                                                                                                                                                                                                                                                                                                                                                                                                                                                                                                                         
          2          549 VOLABA SMART BIKE                                  LA MEJOR BICI DE LA HISTORIA                                                                                                                                                                                                                                                                                 BICICLETA                   140         60                                                                                                                                                                                                                                                                                                                                                                                                                                                                                                                                                                                                                                                                                                                                                                                                                                                                                                                                                                                                                                                                                                                         

SQL> INSERT INTO MAQUINAS VALUES (2, 2500, 'TECHNOGYM ELLIPTICAL', 'TECHNOGYM ELLIPTICAL ES LA éNICA ELÖPTICA COMPACTA DEL MERCADO QUE OFRECE UN ENTRENAMIENTO TOTAL BODY. EJERCITA TODO EL CUERPO CON MOVIMIENTOS NATURALES Y CàMODOS, Y CON MÖNIMO IMPACTO PARA LAS ARTICULACIONES.',  'ELIPTICA', 160, 120);

1 fila creada.

SQL> INSERT INTO MAQUINAS VALUES (2, 700, 'NORDICTRACK RX 800 REMO DE AIRE PLEGABLE', 'TE PERMITIRµ REALIZAR DUROS ENTRENAMIENTOS DÖA TRAS DÖA CON TOTAL SEGURIDAD Y CONFORT.', 'REMO', 180, 60);

1 fila creada.

SQL> SELECT * FROM MAQUINAS
  2  ;

ID_PROD_MAQ COSTE_UD_MAQ NOMB_PROD_MAQ                                      DESC_PROD_MAQ                                                                                                                                                                                                                                                                                                TIPO                      LARGO      ANCHO                                                                                                                                                                                                                                                                                                                                                                                                                                                                                                                                                                                                                                                                                                                                                                                                                                                                                                                                                                                                                                                                                                                         
----------- ------------ -------------------------------------------------- ------------------------------------------------------------------------------------------------------------------------------------------------------------------------------------------------------------------------------------------------------------------------------------------------------------ -------------------- ---------- ----------                                                                                                                                                                                                                                                                                                                                                                                                                                                                                                                                                                                                                                                                                                                                                                                                                                                                                                                                                                                                                                                                                                                         
          1         1500 CAMINADORA JRKX-2000                               LA CAMINADORA NUMERO 1 DEL PAIS                                                                                                                                                                                                                                                                              CAMINADORA                  180        100                                                                                                                                                                                                                                                                                                                                                                                                                                                                                                                                                                                                                                                                                                                                                                                                                                                                                                                                                                                                                                                                                                                         
          2          549 VOLABA SMART BIKE                                  LA MEJOR BICI DE LA HISTORIA                                                                                                                                                                                                                                                                                 BICICLETA                   140         60                                                                                                                                                                                                                                                                                                                                                                                                                                                                                                                                                                                                                                                                                                                                                                                                                                                                                                                                                                                                                                                                                                                         
          2         2500 TECHNOGYM ELLIPTICAL                               TECHNOGYM ELLIPTICAL ES LA éNICA ELÖPTICA COMPACTA DEL MERCADO QUE OFRECE UN ENTRENAMIENTO TOTAL BODY. EJERCITA TODO EL CUERPO CON MOVIMIENTOS NATURALES Y CàMODOS, Y CON MÖNIMO IMPACTO PARA LAS ARTICULACIONES.                                                                                            ELIPTICA                    160        120                                                                                                                                                                                                                                                                                                                                                                                                                                                                                                                                                                                                                                                                                                                                                                                                                                                                                                                                                                                                                                                                                                                         
          2          700 NORDICTRACK RX 800 REMO DE AIRE PLEGABLE           TE PERMITIRµ REALIZAR DUROS ENTRENAMIENTOS DÖA TRAS DÖA CON TOTAL SEGURIDAD Y CONFORT.                                                                                                                                                                                                                       REMO                        180         60                                                                                                                                                                                                                                                                                                                                                                                                                                                                                                                                                                                                                                                                                                                                                                                                                                                                                                                                                                                                                                                                                                                         

SQL> 
SQL> REM BORRO TABLA Y VUELVO A CREAR PORQUE NO TIENE PK
SQL> REM BORRO TABLA Y VUELVO A CREAR PORQUE NO TIENE PK
SQL> REM BORRO TABLA Y VUELVO A CREAR PORQUE NO TIENE PK
SQL> REM BORRO TABLA Y VUELVO A CREAR PORQUE NO TIENE PK
SQL> REM BORRO TABLA Y VUELVO A CREAR PORQUE NO TIENE PK
SQL> REM BORRO TABLA Y VUELVO A CREAR PORQUE NO TIENE PK
SQL> REM BORRO TABLA Y VUELVO A CREAR PORQUE NO TIENE PK
SQL> REM BORRO TABLA Y VUELVO A CREAR PORQUE NO TIENE PK
SQL> REM BORRO TABLA Y VUELVO A CREAR PORQUE NO TIENE PK
SQL> REM BORRO TABLA Y VUELVO A CREAR PORQUE NO TIENE PK
SQL> REM BORRO TABLA Y VUELVO A CREAR PORQUE NO TIENE PK
SQL> REM BORRO TABLA Y VUELVO A CREAR PORQUE NO TIENE PK
SQL> REM BORRO TABLA Y VUELVO A CREAR PORQUE NO TIENE PK
SQL> REM BORRO TABLA Y VUELVO A CREAR PORQUE NO TIENE PK
SQL> 
SQL> 
SQL> 
SQL> 
SQL> DROP TABLE MAQUINAS;

Tabla borrada.

SQL> DROP TABLE ACCESORIOS;

Tabla borrada.

SQL> DROP TABLE mERCHANDISING;

Tabla borrada.

SQL> CREATE TABLE MAQUINAS(ID_PROD_MAQ NUMBER(5) primary key, COSTE_UD_MAQ NUMBER(4), NOMB_PROD_MAQ VARCHAR2(50), DESC_PROD_MAQ VARCHAR2(300), TIPO VARCHAR2(20), LARGO NUMBER(4), ANCHO NUMBER(4));

Tabla creada.

SQL> CREATE TABLE ACCESORIOS (ID_PROD_ACC NUMBER(5) primary key, COSTE_UD_ACC NUMBER(4), NOMB_PROD_ACC VARCHAR2(50), DESC_PROD_ACC VARCHAR2(300), COLOR VARCHAR2(10), TIPO VARCHAR2(20), PESO NUMBER(2), ALTO NUMBER(4), ANCHO NUMBER(4));

Tabla creada.

SQL> CREATE TABLE MERCHANDISING(ID_PROD_MERCH NUMBER(5) primary key, COSTE_UD_MERCH NUMBER(4), NOMB_PROD_MERCH VARCHAR2(50), DESC_PROD_MERCH VARCHAR2(300), PROPIO VARCHAR2(2) CHECK (PROPIO IN('SI','NO')));

Tabla creada.

SQL> DROP TABLE MAQUINAS;

Tabla borrada.

SQL> CREATE TABLE MAQUINAS(ID_PROD_MAQ NUMBER(5) primary key, COSTE_UD_MAQ NUMBER(4), NOMB_PROD_MAQ VARCHAR2(50), DESC_PROD_MAQ VARCHAR2(300), TIPO VARCHAR2(20) CHECK (TIPO IN ('BICICLETA','CAMINADORA', 'MUSCULACION', 'POLEAS/CABLES', 'OTRO')), LARGO NUMBER(4), ANCHO NUMBER(4));

Tabla creada.

SQL> INSERT INTO MAQUINAS VALUES (1, 499, 'Proform Tour de France CLC SMART Bicicleta Indoor', 'Bicicleta indoor genial que cuenta con una gran pantalla led y un asiento acolchado',  'BICICLETA', 140, 60);

1 fila creada.

SQL> INSERT INTO MAQUINAS VALUES (1, 899, 'NordicTrack C5.5 Bicicleta El¡ptica', 'Bicicleta eliptica que cuenta con un sistema de inclinaci¢n manual para incrementar aun mas la intensidad de su ejercicio, 20 niveles de resistencia digital muy silenciosa, o prestaciones como su amplia longitud de zancada de hasta 50 cm que le permite adaptarse a cualquier dimensi¢n de usuario y su sistema de suspensi¢n en los reposapis de gran dimensi¢n.',  'BICICLETA', 140, 60);
INSERT INTO MAQUINAS VALUES (1, 899, 'NordicTrack C5.5 Bicicleta El¡ptica', 'Bicicleta eliptica que cuenta con un sistema de inclinaci¢n manual para incrementar aun mas la intensidad de su ejercicio, 20 niveles de resistencia digital muy silenciosa, o prestaciones como su amplia longitud de zancada de hasta 50 cm que le permite adaptarse a cualquier dimensi¢n de usuario y su sistema de suspensi¢n en los reposapis de gran dimensi¢n.',  'BICICLETA', 140, 60)
                                                                             *
ERROR en línea 1:
ORA-12899: el valor es demasiado grande para la columna "TMACRI"."MAQUINAS"."DESC_PROD_MAQ" (real: 365, máximo: 300) 


SQL> 
SQL> 
SQL> 
SQL> INSERT INTO MAQUINAS VALUES (1, 899, 'NordicTrack C5.5 Bicicleta El¡ptica', 'Bicicleta eliptica que cuenta con un sistema de inclinaci¢n manual para incrementar aun mas la intensidad de su ejercicio y 20 niveles de resistencia digital muy silenciosa.',  'BICICLETA', 140, 60);
INSERT INTO MAQUINAS VALUES (1, 899, 'NordicTrack C5.5 Bicicleta El¡ptica', 'Bicicleta eliptica que cuenta con un sistema de inclinaci¢n manual para incrementar aun mas la intensidad de su ejercicio y 20 niveles de resistencia digital muy silenciosa.',  'BICICLETA', 140, 60)
*
ERROR en línea 1:
ORA-00001: restricción única (TMACRI.SYS_C004025) violada 


SQL> INSERT INTO MAQUINAS VALUES (2, 899, 'NordicTrack C5.5 Bicicleta El¡ptica', 'Bicicleta eliptica que cuenta con un sistema de inclinaci¢n manual para incrementar aun mas la intensidad de su ejercicio y 20 niveles de resistencia digital muy silenciosa.',  'BICICLETA', 140, 60);

1 fila creada.

SQL> INSERT INTO MAQUINAS VALUES (3, 2949, 'Life Fitness G4 Multigimnasio con Prensa de Piernas', 'LA AJUSTABILIDAD de la Life Fitness G4 y su ergonom¡a superior le permiten ejercitarse efectiva y c¢modamente. La s¢lida y elegante imagen de la eficiente GS4, unida a la gran variedad de ejercicios, le mantendr n motivado para conseguir sus metas.',  'MUSCULACION', 150, 150);
INSERT INTO MAQUINAS VALUES (3, 2949, 'Life Fitness G4 Multigimnasio con Prensa de Piernas', 'LA AJUSTABILIDAD de la Life Fitness G4 y su ergonom¡a superior le permiten ejercitarse efectiva y c¢modamente. La s¢lida y elegante imagen de la eficiente GS4, unida a la gran variedad de ejercicios, le mantendr n motivado para conseguir sus metas.',  'MUSCULACION', 150, 150)
                                      *
ERROR en línea 1:
ORA-12899: el valor es demasiado grande para la columna "TMACRI"."MAQUINAS"."NOMB_PROD_MAQ" (real: 51, máximo: 50) 


SQL> INSERT INTO MAQUINAS VALUES (3, 2949, 'Life Fitness G4 con Prensa de Piernas', 'LA AJUSTABILIDAD de la Life Fitness G4 y su ergonom¡a superior le permiten ejercitarse efectiva y c¢modamente. La s¢lida y elegante imagen de la eficiente GS4, unida a la gran variedad de ejercicios, le mantendr n motivado para conseguir sus metas.',  'MUSCULACION', 150, 150);

1 fila creada.

SQL> INSERT INTO MAQUINAS VALUES (4, 699, 'NordicTrack RX 800 Remo de Aire Plegable', 'Si lo que est s buscando es un equipamiento de ejercicio s¢lido y a un precio excepcional, NordicTrack RX 800 es la opci¢n perfecta.',  'REMO', 150, 40);
INSERT INTO MAQUINAS VALUES (4, 699, 'NordicTrack RX 800 Remo de Aire Plegable', 'Si lo que est s buscando es un equipamiento de ejercicio s¢lido y a un precio excepcional, NordicTrack RX 800 es la opci¢n perfecta.',  'REMO', 150, 40)
*
ERROR en línea 1:
ORA-02290: restricción de control (TMACRI.SYS_C004024) violada 


SQL> INSERT INTO MAQUINAS VALUES (5, 699, 'NordicTrack RX 800 Remo de Aire Plegable', 'Si lo que est s buscando es un equipamiento de ejercicio s¢lido y a un precio excepcional, NordicTrack RX 800 es la opci¢n perfecta.',  'REMO', 150, 40);
INSERT INTO MAQUINAS VALUES (5, 699, 'NordicTrack RX 800 Remo de Aire Plegable', 'Si lo que est s buscando es un equipamiento de ejercicio s¢lido y a un precio excepcional, NordicTrack RX 800 es la opci¢n perfecta.',  'REMO', 150, 40)
*
ERROR en línea 1:
ORA-02290: restricción de control (TMACRI.SYS_C004024) violada 


SQL> INSERT INTO MAQUINAS VALUES (4, 699, 'NordicTrack RX 800 Remo de Aire Plegable', 'Si lo que est s buscando es un equipamiento de ejercicio s¢lido y a un precio excepcional, NordicTrack RX 800 es la opci¢n perfecta.',  'MUSCULACION', 150, 40);

1 fila creada.

SQL> INSERT INTO MAQUINAS VALUES (5, 2499, 'Nordictrack Fusion CST Multi Polea', 'Moderna maquina que cuenta con 8 cables para entrenar cualquier parte del cuerpo.',  'POLEAS/CABLES', 150, 105);

1 fila creada.

SQL> SELECT * FROM MAQUINAS;

ID_PROD_MAQ COSTE_UD_MAQ NOMB_PROD_MAQ                                      DESC_PROD_MAQ                                                                                                                                                                                                                                                                                                TIPO                      LARGO      ANCHO                                                                                                                                                                                                                                                                                                                                                                                                                                                                                                                                                                                                                                                                                                                                                                                                                                                                                                                                                                                                                                                                                                                         
----------- ------------ -------------------------------------------------- ------------------------------------------------------------------------------------------------------------------------------------------------------------------------------------------------------------------------------------------------------------------------------------------------------------ -------------------- ---------- ----------                                                                                                                                                                                                                                                                                                                                                                                                                                                                                                                                                                                                                                                                                                                                                                                                                                                                                                                                                                                                                                                                                                                         
          1          499 Proform Tour de France CLC SMART Bicicleta Indoor  Bicicleta indoor genial que cuenta con una gran pantalla led y un asiento acolchado                                                                                                                                                                                                                          BICICLETA                   140         60                                                                                                                                                                                                                                                                                                                                                                                                                                                                                                                                                                                                                                                                                                                                                                                                                                                                                                                                                                                                                                                                                                                         
          2          899 NordicTrack C5.5 Bicicleta El¡ptica                Bicicleta eliptica que cuenta con un sistema de inclinaci¢n manual para incrementar aun mas la intensidad de su ejercicio y 20 niveles de resistencia digital muy silenciosa.                                                                                                                                BICICLETA                   140         60                                                                                                                                                                                                                                                                                                                                                                                                                                                                                                                                                                                                                                                                                                                                                                                                                                                                                                                                                                                                                                                                                                                         
          3         2949 Life Fitness G4 con Prensa de Piernas              LA AJUSTABILIDAD de la Life Fitness G4 y su ergonom¡a superior le permiten ejercitarse efectiva y c¢modamente. La s¢lida y elegante imagen de la eficiente GS4, unida a la gran variedad de ejercicios, le mantendr n motivado para conseguir sus metas.                                                     MUSCULACION                 150        150                                                                                                                                                                                                                                                                                                                                                                                                                                                                                                                                                                                                                                                                                                                                                                                                                                                                                                                                                                                                                                                                                                                         
          4          699 NordicTrack RX 800 Remo de Aire Plegable           Si lo que est s buscando es un equipamiento de ejercicio s¢lido y a un precio excepcional, NordicTrack RX 800 es la opci¢n perfecta.                                                                                                                                                                         MUSCULACION                 150         40                                                                                                                                                                                                                                                                                                                                                                                                                                                                                                                                                                                                                                                                                                                                                                                                                                                                                                                                                                                                                                                                                                                         
          5         2499 Nordictrack Fusion CST Multi Polea                 Moderna maquina que cuenta con 8 cables para entrenar cualquier parte del cuerpo.                                                                                                                                                                                                                            POLEAS/CABLES               150        105                                                                                                                                                                                                                                                                                                                                                                                                                                                                                                                                                                                                                                                                                                                                                                                                                                                                                                                                                                                                                                                                                                                         

SQL> INSERT INTO MAQUINAS VALUES (6, 679, 'Cadenza Fitness T40 Cinta de Correr', 'Lujosa caminadora que viene con pantalla tactil y es plegable.',  'CAMINADORA', 170, 80);

1 fila creada.

SQL> select * from maquinas;

ID_PROD_MAQ COSTE_UD_MAQ NOMB_PROD_MAQ                                      DESC_PROD_MAQ                                                                                                                                                                                                                                                                                                TIPO                      LARGO      ANCHO                                                                                                                                                                                                                                                                                                                                                                                                                                                                                                                                                                                                                                                                                                                                                                                                                                                                                                                                                                                                                                                                                                                         
----------- ------------ -------------------------------------------------- ------------------------------------------------------------------------------------------------------------------------------------------------------------------------------------------------------------------------------------------------------------------------------------------------------------ -------------------- ---------- ----------                                                                                                                                                                                                                                                                                                                                                                                                                                                                                                                                                                                                                                                                                                                                                                                                                                                                                                                                                                                                                                                                                                                         
          1          499 Proform Tour de France CLC SMART Bicicleta Indoor  Bicicleta indoor genial que cuenta con una gran pantalla led y un asiento acolchado                                                                                                                                                                                                                          BICICLETA                   140         60                                                                                                                                                                                                                                                                                                                                                                                                                                                                                                                                                                                                                                                                                                                                                                                                                                                                                                                                                                                                                                                                                                                         
          2          899 NordicTrack C5.5 Bicicleta El¡ptica                Bicicleta eliptica que cuenta con un sistema de inclinaci¢n manual para incrementar aun mas la intensidad de su ejercicio y 20 niveles de resistencia digital muy silenciosa.                                                                                                                                BICICLETA                   140         60                                                                                                                                                                                                                                                                                                                                                                                                                                                                                                                                                                                                                                                                                                                                                                                                                                                                                                                                                                                                                                                                                                                         
          3         2949 Life Fitness G4 con Prensa de Piernas              LA AJUSTABILIDAD de la Life Fitness G4 y su ergonom¡a superior le permiten ejercitarse efectiva y c¢modamente. La s¢lida y elegante imagen de la eficiente GS4, unida a la gran variedad de ejercicios, le mantendr n motivado para conseguir sus metas.                                                     MUSCULACION                 150        150                                                                                                                                                                                                                                                                                                                                                                                                                                                                                                                                                                                                                                                                                                                                                                                                                                                                                                                                                                                                                                                                                                                         
          4          699 NordicTrack RX 800 Remo de Aire Plegable           Si lo que est s buscando es un equipamiento de ejercicio s¢lido y a un precio excepcional, NordicTrack RX 800 es la opci¢n perfecta.                                                                                                                                                                         MUSCULACION                 150         40                                                                                                                                                                                                                                                                                                                                                                                                                                                                                                                                                                                                                                                                                                                                                                                                                                                                                                                                                                                                                                                                                                                         
          5         2499 Nordictrack Fusion CST Multi Polea                 Moderna maquina que cuenta con 8 cables para entrenar cualquier parte del cuerpo.                                                                                                                                                                                                                            POLEAS/CABLES               150        105                                                                                                                                                                                                                                                                                                                                                                                                                                                                                                                                                                                                                                                                                                                                                                                                                                                                                                                                                                                                                                                                                                                         
          6          679 Cadenza Fitness T40 Cinta de Correr                Lujosa caminadora que viene con pantalla tactil y es plegable.                                                                                                                                                                                                                                               CAMINADORA                  170         80                                                                                                                                                                                                                                                                                                                                                                                                                                                                                                                                                                                                                                                                                                                                                                                                                                                                                                                                                                                                                                                                                                                         

6 filas seleccionadas.

SQL> rem fin carga maquinas
SQL> rem fin carga maquinas
SQL> rem fin carga maquinas
SQL> rem fin carga maquinas
SQL> rem fin carga maquinas
SQL> rem fin carga maquinas
SQL> rem fin carga maquinas
SQL> rem fin carga maquinas
SQL> 
SQL> 
SQL> rem carga accesorios
SQL> rem carga accesorios
SQL> rem carga accesorios
SQL> rem carga accesorios
SQL> rem carga accesorios
SQL> rem carga accesorios
SQL> rem carga accesorios
SQL> 
SQL> desc accesorios;
 Nombre                                                                                                                                                                                                                                                                                                                                                                                                                                                                                                                                                                                                                                                                                                                                                                                                                                                                                                                        ¿Nulo?   Tipo
 ----------------------------------------------------------------------------------------------------------------------------------------------------------------------------------------------------------------------------------------------------------------------------------------------------------------------------------------------------------------------------------------------------------------------------------------------------------------------------------------------------------------------------------------------------------------------------------------------------------------------------------------------------------------------------------------------------------------------------------------------------------------------------------------------------------------------------------------------------------------------------------------------------------------------------- -------- --------------------------------------------------------------------------------------------------------------------------------------------------------------------------------------------------------------------------------------------------------------------------------------------------------------------------------------------------------------------------------------------------------------------------------------------------------------------------------------------------------------------------------------------------------------------------------------------------------------------
 ID_PROD_ACC                                                                                                                                                                                                                                                                                                                                                                                                                                                                                                                                                                                                                                                                                                                                                                                                                                                                                                                   NOT NULL NUMBER(5)
 COSTE_UD_ACC                                                                                                                                                                                                                                                                                                                                                                                                                                                                                                                                                                                                                                                                                                                                                                                                                                                                                                                           NUMBER(4)
 NOMB_PROD_ACC                                                                                                                                                                                                                                                                                                                                                                                                                                                                                                                                                                                                                                                                                                                                                                                                                                                                                                                          VARCHAR2(50)
 DESC_PROD_ACC                                                                                                                                                                                                                                                                                                                                                                                                                                                                                                                                                                                                                                                                                                                                                                                                                                                                                                                          VARCHAR2(300)
 COLOR                                                                                                                                                                                                                                                                                                                                                                                                                                                                                                                                                                                                                                                                                                                                                                                                                                                                                                                                  VARCHAR2(10)
 TIPO                                                                                                                                                                                                                                                                                                                                                                                                                                                                                                                                                                                                                                                                                                                                                                                                                                                                                                                                   VARCHAR2(20)
 PESO                                                                                                                                                                                                                                                                                                                                                                                                                                                                                                                                                                                                                                                                                                                                                                                                                                                                                                                                   NUMBER(2)
 ALTO                                                                                                                                                                                                                                                                                                                                                                                                                                                                                                                                                                                                                                                                                                                                                                                                                                                                                                                                   NUMBER(4)
 ANCHO                                                                                                                                                                                                                                                                                                                                                                                                                                                                                                                                                                                                                                                                                                                                                                                                                                                                                                                                  NUMBER(4)

SQL> drop table accesorios;

Tabla borrada.

SQL> CREATE TABLE ACCESORIOS (ID_PROD_ACC NUMBER(5) primary key, COSTE_UD_ACC NUMBER(4), NOMB_PROD_ACC VARCHAR2(50), DESC_PROD_ACC VARCHAR2(300), COLOR VARCHAR2(10), TIPO VARCHAR2(20) CHECK(TIPO IN('MANCUERNA','DISCO', 'MANERAL', 'COLCHONETA', 'CUERDA', 'OTRO')), PESO NUMBER(2), ALTO NUMBER(4), ANCHO NUMBER(4));

Tabla creada.

SQL> INSERT INTO ACCESORIOS VALUES (1, 12, 'Mancuerna de vinilo bodytone 2kg', 'Mancuerna de vinilo bodytone 2kg de color azul.', 'Azul', 'MANCUERNA', 2, 15, 30);

1 fila creada.

SQL> INSERT INTO ACCESORIOS VALUES (2, 12, 'Mancuerna de vinilo bodytone 1kg', 'Mancuerna de vinilo bodytone 1kg de color naranja.', 'Naranja', 'MANCUERNA', 2, 15, 30);

1 fila creada.

SQL> INSERT INTO ACCESORIOS VALUES (3, 12, 'Mancuerna de vinilo bodytone 5kg', 'Mancuerna de vinilo bodytone 5kg de color verde.', 'Verde', 'MANCUERNA', 2, 15, 30);

1 fila creada.

SQL> INSERT INTO ACCESORIOS VALUES (4, 14, 'Cuerda Reebok Premium Speed', 'Mancuerna de vinilo bodytone 5kg de color verde.', 'Verde', 'MANCUERNA', 2, 15, 30);

1 fila creada.

SQL> delete  * from accesorios where id_prod_acc = 4;
delete  * from accesorios where id_prod_acc = 4
        *
ERROR en línea 1:
ORA-00903: nombre de tabla no válido 


SQL> delete * from accesorios where id_prod_acc = 4;
delete * from accesorios where id_prod_acc = 4
       *
ERROR en línea 1:
ORA-00903: nombre de tabla no válido 


SQL> delete * from ACCESORIOS where id_prod_acc = 4;
delete * from ACCESORIOS where id_prod_acc = 4
       *
ERROR en línea 1:
ORA-00903: nombre de tabla no válido 


SQL> delete from ACCESORIOS where id_prod_acc = 4;

1 fila suprimida.

SQL> select * from accesorios;

ID_PROD_ACC COSTE_UD_ACC NOMB_PROD_ACC                                      DESC_PROD_ACC                                                                                                                                                                                                                                                                                                COLOR      TIPO                       PESO       ALTO      ANCHO                                                                                                                                                                                                                                                                                                                                                                                                                                                                                                                                                                                                                                                                                                                                                                                                                                                                                                                                                                                                                                                                                                   
----------- ------------ -------------------------------------------------- ------------------------------------------------------------------------------------------------------------------------------------------------------------------------------------------------------------------------------------------------------------------------------------------------------------ ---------- -------------------- ---------- ---------- ----------                                                                                                                                                                                                                                                                                                                                                                                                                                                                                                                                                                                                                                                                                                                                                                                                                                                                                                                                                                                                                                                                                                   
          1           12 Mancuerna de vinilo bodytone 2kg                   Mancuerna de vinilo bodytone 2kg de color azul.                                                                                                                                                                                                                                                              Azul       MANCUERNA                     2         15         30                                                                                                                                                                                                                                                                                                                                                                                                                                                                                                                                                                                                                                                                                                                                                                                                                                                                                                                                                                                                                                                                                                   
          2           12 Mancuerna de vinilo bodytone 1kg                   Mancuerna de vinilo bodytone 1kg de color naranja.                                                                                                                                                                                                                                                           Naranja    MANCUERNA                     2         15         30                                                                                                                                                                                                                                                                                                                                                                                                                                                                                                                                                                                                                                                                                                                                                                                                                                                                                                                                                                                                                                                                                                   
          3           12 Mancuerna de vinilo bodytone 5kg                   Mancuerna de vinilo bodytone 5kg de color verde.                                                                                                                                                                                                                                                             Verde      MANCUERNA                     2         15         30                                                                                                                                                                                                                                                                                                                                                                                                                                                                                                                                                                                                                                                                                                                                                                                                                                                                                                                                                                                                                                                                                                   

SQL> INSERT INTO ACCESORIOS VALUES (4, 14, 'Cuerda Reebok Premium Speed', 'Cuerda muy buena.', null, 'CUERDA', null, null, 200);

1 fila creada.

SQL> INSERT INTO ACCESORIOS VALUES (5, 9, 'Disco Bumper Fraccional 1kg', 'Disco Bumper Fraccional blanco de 1kg.', 'Blanco', 'DISCO', 1, null, 20);

1 fila creada.

SQL> INSERT INTO ACCESORIOS VALUES (6, 9, 'Disco Bumper Fraccional 2kg', 'Disco Bumper Fraccional azul de 2kg.', 'Azul', 'DISCO', 2, null, 20);

1 fila creada.

SQL> INSERT INTO ACCESORIOS VALUES (7, 9, 'Disco Bumper Fraccional 3kg', 'Disco Bumper Fraccional amarillo de 3kg.', 'Amarillo', 'DISCO', 3, null, 20);

1 fila creada.

SQL> INSERT INTO ACCESORIOS VALUES (8, 13, 'Colchoneta Nbr', 'Colchoneta Nbr azul.', 'Azul', 'COLCHONETA', null, null, 58);

1 fila creada.

SQL> select * from accesorios;

ID_PROD_ACC COSTE_UD_ACC NOMB_PROD_ACC                                      DESC_PROD_ACC                                                                                                                                                                                                                                                                                                COLOR      TIPO                       PESO       ALTO      ANCHO                                                                                                                                                                                                                                                                                                                                                                                                                                                                                                                                                                                                                                                                                                                                                                                                                                                                                                                                                                                                                                                                                                   
----------- ------------ -------------------------------------------------- ------------------------------------------------------------------------------------------------------------------------------------------------------------------------------------------------------------------------------------------------------------------------------------------------------------ ---------- -------------------- ---------- ---------- ----------                                                                                                                                                                                                                                                                                                                                                                                                                                                                                                                                                                                                                                                                                                                                                                                                                                                                                                                                                                                                                                                                                                   
          1           12 Mancuerna de vinilo bodytone 2kg                   Mancuerna de vinilo bodytone 2kg de color azul.                                                                                                                                                                                                                                                              Azul       MANCUERNA                     2         15         30                                                                                                                                                                                                                                                                                                                                                                                                                                                                                                                                                                                                                                                                                                                                                                                                                                                                                                                                                                                                                                                                                                   
          2           12 Mancuerna de vinilo bodytone 1kg                   Mancuerna de vinilo bodytone 1kg de color naranja.                                                                                                                                                                                                                                                           Naranja    MANCUERNA                     2         15         30                                                                                                                                                                                                                                                                                                                                                                                                                                                                                                                                                                                                                                                                                                                                                                                                                                                                                                                                                                                                                                                                                                   
          3           12 Mancuerna de vinilo bodytone 5kg                   Mancuerna de vinilo bodytone 5kg de color verde.                                                                                                                                                                                                                                                             Verde      MANCUERNA                     2         15         30                                                                                                                                                                                                                                                                                                                                                                                                                                                                                                                                                                                                                                                                                                                                                                                                                                                                                                                                                                                                                                                                                                   
          4           14 Cuerda Reebok Premium Speed                        Cuerda muy buena.                                                                                                                                                                                                                                                                                                       CUERDA                                            200                                                                                                                                                                                                                                                                                                                                                                                                                                                                                                                                                                                                                                                                                                                                                                                                                                                                                                                                                                                                                                                                                                   
          5            9 Disco Bumper Fraccional 1kg                        Disco Bumper Fraccional blanco de 1kg.                                                                                                                                                                                                                                                                       Blanco     DISCO                         1                    20                                                                                                                                                                                                                                                                                                                                                                                                                                                                                                                                                                                                                                                                                                                                                                                                                                                                                                                                                                                                                                                                                                   
          6            9 Disco Bumper Fraccional 2kg                        Disco Bumper Fraccional azul de 2kg.                                                                                                                                                                                                                                                                         Azul       DISCO                         2                    20                                                                                                                                                                                                                                                                                                                                                                                                                                                                                                                                                                                                                                                                                                                                                                                                                                                                                                                                                                                                                                                                                                   
          7            9 Disco Bumper Fraccional 3kg                        Disco Bumper Fraccional amarillo de 3kg.                                                                                                                                                                                                                                                                     Amarillo   DISCO                         3                    20                                                                                                                                                                                                                                                                                                                                                                                                                                                                                                                                                                                                                                                                                                                                                                                                                                                                                                                                                                                                                                                                                                   
          8           13 Colchoneta Nbr                                     Colchoneta Nbr azul.                                                                                                                                                                                                                                                                                         Azul       COLCHONETA                                         58                                                                                                                                                                                                                                                                                                                                                                                                                                                                                                                                                                                                                                                                                                                                                                                                                                                                                                                                                                                                                                                                                                   

8 filas seleccionadas.

SQL> rem fin tabla accesorios
SQL> rem fin tabla accesorios
SQL> rem fin tabla accesorios
SQL> rem fin tabla accesorios
SQL> rem fin tabla accesorios
SQL> rem fin tabla accesorios
SQL> select * from accesorios;

ID_PROD_ACC COSTE_UD_ACC NOMB_PROD_ACC                                      DESC_PROD_ACC                                                                                                                                                                                                                                                                                                COLOR      TIPO                       PESO       ALTO      ANCHO                                                                                                                                                                                                                                                                                                                                                                                                                                                                                                                                                                                                                                                                                                                                                                                                                                                                                                                                                                                                                                                                                                   
----------- ------------ -------------------------------------------------- ------------------------------------------------------------------------------------------------------------------------------------------------------------------------------------------------------------------------------------------------------------------------------------------------------------ ---------- -------------------- ---------- ---------- ----------                                                                                                                                                                                                                                                                                                                                                                                                                                                                                                                                                                                                                                                                                                                                                                                                                                                                                                                                                                                                                                                                                                   
          1           12 Mancuerna de vinilo bodytone 2kg                   Mancuerna de vinilo bodytone 2kg de color azul.                                                                                                                                                                                                                                                              Azul       MANCUERNA                     2         15         30                                                                                                                                                                                                                                                                                                                                                                                                                                                                                                                                                                                                                                                                                                                                                                                                                                                                                                                                                                                                                                                                                                   
          2           12 Mancuerna de vinilo bodytone 1kg                   Mancuerna de vinilo bodytone 1kg de color naranja.                                                                                                                                                                                                                                                           Naranja    MANCUERNA                     2         15         30                                                                                                                                                                                                                                                                                                                                                                                                                                                                                                                                                                                                                                                                                                                                                                                                                                                                                                                                                                                                                                                                                                   
          3           12 Mancuerna de vinilo bodytone 5kg                   Mancuerna de vinilo bodytone 5kg de color verde.                                                                                                                                                                                                                                                             Verde      MANCUERNA                     2         15         30                                                                                                                                                                                                                                                                                                                                                                                                                                                                                                                                                                                                                                                                                                                                                                                                                                                                                                                                                                                                                                                                                                   
          4           14 Cuerda Reebok Premium Speed                        Cuerda muy buena.                                                                                                                                                                                                                                                                                                       CUERDA                                            200                                                                                                                                                                                                                                                                                                                                                                                                                                                                                                                                                                                                                                                                                                                                                                                                                                                                                                                                                                                                                                                                                                   
          5            9 Disco Bumper Fraccional 1kg                        Disco Bumper Fraccional blanco de 1kg.                                                                                                                                                                                                                                                                       Blanco     DISCO                         1                    20                                                                                                                                                                                                                                                                                                                                                                                                                                                                                                                                                                                                                                                                                                                                                                                                                                                                                                                                                                                                                                                                                                   
          6            9 Disco Bumper Fraccional 2kg                        Disco Bumper Fraccional azul de 2kg.                                                                                                                                                                                                                                                                         Azul       DISCO                         2                    20                                                                                                                                                                                                                                                                                                                                                                                                                                                                                                                                                                                                                                                                                                                                                                                                                                                                                                                                                                                                                                                                                                   
          7            9 Disco Bumper Fraccional 3kg                        Disco Bumper Fraccional amarillo de 3kg.                                                                                                                                                                                                                                                                     Amarillo   DISCO                         3                    20                                                                                                                                                                                                                                                                                                                                                                                                                                                                                                                                                                                                                                                                                                                                                                                                                                                                                                                                                                                                                                                                                                   
          8           13 Colchoneta Nbr                                     Colchoneta Nbr azul.                                                                                                                                                                                                                                                                                         Azul       COLCHONETA                                         58                                                                                                                                                                                                                                                                                                                                                                                                                                                                                                                                                                                                                                                                                                                                                                                                                                                                                                                                                                                                                                                                                                   

8 filas seleccionadas.

SQL> select * from accesorios;

ID_PROD_ACC COSTE_UD_ACC NOMB_PROD_ACC                                      DESC_PROD_ACC                                                                                                                                                                                                                                                                                                COLOR      TIPO                       PESO       ALTO      ANCHO                                                                                                                                                                                                                                                                                                                                                                                                                                                                                                                                                                                                                                                                                                                                                                                                                                                                                                                                                                                                                                                                                                   
----------- ------------ -------------------------------------------------- ------------------------------------------------------------------------------------------------------------------------------------------------------------------------------------------------------------------------------------------------------------------------------------------------------------ ---------- -------------------- ---------- ---------- ----------                                                                                                                                                                                                                                                                                                                                                                                                                                                                                                                                                                                                                                                                                                                                                                                                                                                                                                                                                                                                                                                                                                   
          1           12 Mancuerna de vinilo bodytone 2kg                   Mancuerna de vinilo bodytone 2kg de color azul.                                                                                                                                                                                                                                                              Azul       MANCUERNA                     2         15         30                                                                                                                                                                                                                                                                                                                                                                                                                                                                                                                                                                                                                                                                                                                                                                                                                                                                                                                                                                                                                                                                                                   
          2           12 Mancuerna de vinilo bodytone 1kg                   Mancuerna de vinilo bodytone 1kg de color naranja.                                                                                                                                                                                                                                                           Naranja    MANCUERNA                     2         15         30                                                                                                                                                                                                                                                                                                                                                                                                                                                                                                                                                                                                                                                                                                                                                                                                                                                                                                                                                                                                                                                                                                   
          3           12 Mancuerna de vinilo bodytone 5kg                   Mancuerna de vinilo bodytone 5kg de color verde.                                                                                                                                                                                                                                                             Verde      MANCUERNA                     2         15         30                                                                                                                                                                                                                                                                                                                                                                                                                                                                                                                                                                                                                                                                                                                                                                                                                                                                                                                                                                                                                                                                                                   
          4           14 Cuerda Reebok Premium Speed                        Cuerda muy buena.                                                                                                                                                                                                                                                                                                       CUERDA                                            200                                                                                                                                                                                                                                                                                                                                                                                                                                                                                                                                                                                                                                                                                                                                                                                                                                                                                                                                                                                                                                                                                                   
          5            9 Disco Bumper Fraccional 1kg                        Disco Bumper Fraccional blanco de 1kg.                                                                                                                                                                                                                                                                       Blanco     DISCO                         1                    20                                                                                                                                                                                                                                                                                                                                                                                                                                                                                                                                                                                                                                                                                                                                                                                                                                                                                                                                                                                                                                                                                                   
          6            9 Disco Bumper Fraccional 2kg                        Disco Bumper Fraccional azul de 2kg.                                                                                                                                                                                                                                                                         Azul       DISCO                         2                    20                                                                                                                                                                                                                                                                                                                                                                                                                                                                                                                                                                                                                                                                                                                                                                                                                                                                                                                                                                                                                                                                                                   
          7            9 Disco Bumper Fraccional 3kg                        Disco Bumper Fraccional amarillo de 3kg.                                                                                                                                                                                                                                                                     Amarillo   DISCO                         3                    20                                                                                                                                                                                                                                                                                                                                                                                                                                                                                                                                                                                                                                                                                                                                                                                                                                                                                                                                                                                                                                                                                                   
          8           13 Colchoneta Nbr                                     Colchoneta Nbr azul.                                                                                                                                                                                                                                                                                         Azul       COLCHONETA                                         58                                                                                                                                                                                                                                                                                                                                                                                                                                                                                                                                                                                                                                                                                                                                                                                                                                                                                                                                                                                                                                                                                                   

8 filas seleccionadas.

SQL> rem fin tabla accesorios
SQL> rem fin tabla accesorios
SQL> rem fin tabla accesorios
SQL> rem fin tabla accesorios
SQL> rem fin tabla accesorios
SQL> rem fin tabla accesorios
SQL> rem fin tabla accesorios
SQL> rem fin tabla accesorios
SQL> rem fin tabla accesorios
SQL> rem fin tabla accesorios
SQL> rem fin tabla accesorios
SQL> rem fin tabla accesorios
SQL> rem fin tabla accesorios
SQL> rem fin tabla accesorios
SQL> 
SQL> 
SQL> 
SQL> desc merchandising
 Nombre                                                                                                                                                                                                                                                                                                                                                                                                                                                                                                                                                                                                                                                                                                                                                                                                                                                                                                                        ¿Nulo?   Tipo
 ----------------------------------------------------------------------------------------------------------------------------------------------------------------------------------------------------------------------------------------------------------------------------------------------------------------------------------------------------------------------------------------------------------------------------------------------------------------------------------------------------------------------------------------------------------------------------------------------------------------------------------------------------------------------------------------------------------------------------------------------------------------------------------------------------------------------------------------------------------------------------------------------------------------------------- -------- --------------------------------------------------------------------------------------------------------------------------------------------------------------------------------------------------------------------------------------------------------------------------------------------------------------------------------------------------------------------------------------------------------------------------------------------------------------------------------------------------------------------------------------------------------------------------------------------------------------------
 ID_PROD_MERCH                                                                                                                                                                                                                                                                                                                                                                                                                                                                                                                                                                                                                                                                                                                                                                                                                                                                                                                 NOT NULL NUMBER(5)
 COSTE_UD_MERCH                                                                                                                                                                                                                                                                                                                                                                                                                                                                                                                                                                                                                                                                                                                                                                                                                                                                                                                         NUMBER(4)
 NOMB_PROD_MERCH                                                                                                                                                                                                                                                                                                                                                                                                                                                                                                                                                                                                                                                                                                                                                                                                                                                                                                                        VARCHAR2(50)
 DESC_PROD_MERCH                                                                                                                                                                                                                                                                                                                                                                                                                                                                                                                                                                                                                                                                                                                                                                                                                                                                                                                        VARCHAR2(300)
 PROPIO                                                                                                                                                                                                                                                                                                                                                                                                                                                                                                                                                                                                                                                                                                                                                                                                                                                                                                                                 VARCHAR2(2)

SQL> INSERT INTO ACCESORIOS VALUES (1, 18, 'Camiseta FIT&US negra', 'Camiseta FIT&US negra y celeste.', 'SI');
Introduzca un valor para us: lsl
Introduzca un valor para us: 1
antiguo   1: INSERT INTO ACCESORIOS VALUES (1, 18, 'Camiseta FIT&US negra', 'Camiseta FIT&US negra y celeste.', 'SI')
nuevo   1: INSERT INTO ACCESORIOS VALUES (1, 18, 'Camiseta FITlsl negra', 'Camiseta FIT1 negra y celeste.', 'SI')
INSERT INTO ACCESORIOS VALUES (1, 18, 'Camiseta FITlsl negra', 'Camiseta FIT1 negra y celeste.', 'SI')
            *
ERROR en línea 1:
ORA-00947: no hay suficientes valores 


SQL> INSERT INTO MERCHANDISING VALUES (1, 18, 'Camiseta FIT&US negra', 'Camiseta FIT&US negra y celeste.', 'SI');
Introduzca un valor para us: EFEWF
Introduzca un valor para us: 2
antiguo   1: INSERT INTO MERCHANDISING VALUES (1, 18, 'Camiseta FIT&US negra', 'Camiseta FIT&US negra y celeste.', 'SI')
nuevo   1: INSERT INTO MERCHANDISING VALUES (1, 18, 'Camiseta FITEFEWF negra', 'Camiseta FIT2 negra y celeste.', 'SI')

1 fila creada.

SQL> SELECT * FROM MERCHANDISING;

ID_PROD_MERCH COSTE_UD_MERCH NOMB_PROD_MERCH                                    DESC_PROD_MERCH                                                                                                                                                                                                                                                                                              PR                                                                                                                                                                                                                                                                                                                                                                                                                                                                                                                                                                                                                                                                                                                                                                                                                                                                                                                                                                                                                                                                                                                                                             
------------- -------------- -------------------------------------------------- ------------------------------------------------------------------------------------------------------------------------------------------------------------------------------------------------------------------------------------------------------------------------------------------------------------ --                                                                                                                                                                                                                                                                                                                                                                                                                                                                                                                                                                                                                                                                                                                                                                                                                                                                                                                                                                                                                                                                                                                                                             
            1             18 Camiseta FITEFEWF negra                            Camiseta FIT2 negra y celeste.                                                                                                                                                                                                                                                                               SI                                                                                                                                                                                                                                                                                                                                                                                                                                                                                                                                                                                                                                                                                                                                                                                                                                                                                                                                                                                                                                                                                                                                                             

SQL> INSERT INTO MERCHANDISING VALUES (2, 18, 'Camiseta FIT&US blanca', 'Camiseta FIT&US blanca y celeste.', 'SI');
Introduzca un valor para us: &US
Introduzca un valor para us: &US
antiguo   1: INSERT INTO MERCHANDISING VALUES (2, 18, 'Camiseta FIT&US blanca', 'Camiseta FIT&US blanca y celeste.', 'SI')
nuevo   1: INSERT INTO MERCHANDISING VALUES (2, 18, 'Camiseta FIT&US blanca', 'Camiseta FIT&US blanca y celeste.', 'SI')

1 fila creada.

SQL> select * from merchandising;

ID_PROD_MERCH COSTE_UD_MERCH NOMB_PROD_MERCH                                    DESC_PROD_MERCH                                                                                                                                                                                                                                                                                              PR                                                                                                                                                                                                                                                                                                                                                                                                                                                                                                                                                                                                                                                                                                                                                                                                                                                                                                                                                                                                                                                                                                                                                             
------------- -------------- -------------------------------------------------- ------------------------------------------------------------------------------------------------------------------------------------------------------------------------------------------------------------------------------------------------------------------------------------------------------------ --                                                                                                                                                                                                                                                                                                                                                                                                                                                                                                                                                                                                                                                                                                                                                                                                                                                                                                                                                                                                                                                                                                                                                             
            1             18 Camiseta FITEFEWF negra                            Camiseta FIT2 negra y celeste.                                                                                                                                                                                                                                                                               SI                                                                                                                                                                                                                                                                                                                                                                                                                                                                                                                                                                                                                                                                                                                                                                                                                                                                                                                                                                                                                                                                                                                                                             
            2             18 Camiseta FIT&US blanca                             Camiseta FIT&US blanca y celeste.                                                                                                                                                                                                                                                                            SI                                                                                                                                                                                                                                                                                                                                                                                                                                                                                                                                                                                                                                                                                                                                                                                                                                                                                                                                                                                                                                                                                                                                                             

SQL> delete from merchandising;

2 filas suprimidas.

SQL> INSERT INTO MERCHANDISING VALUES (1, 18, 'Camiseta FIT & US blanca', 'Camiseta FIT & US blanca y celeste.', 'SI');
Introduzca un valor para us: 333
Introduzca un valor para us: 3
antiguo   1: INSERT INTO MERCHANDISING VALUES (1, 18, 'Camiseta FIT & US blanca', 'Camiseta FIT & US blanca y celeste.', 'SI')
nuevo   1: INSERT INTO MERCHANDISING VALUES (1, 18, 'Camiseta FIT 333 blanca', 'Camiseta FIT 3 blanca y celeste.', 'SI')

1 fila creada.

SQL> delete * from merchandising;
delete * from merchandising
       *
ERROR en línea 1:
ORA-00903: nombre de tabla no válido 


SQL> delete from merchandising;

1 fila suprimida.

SQL> INSERT INTO MERCHANDISING VALUES (1, 18, 'Camiseta FIT-US NEGRA', 'Camiseta FIT-US negra y celeste.', 'SI');

1 fila creada.

SQL> INSERT INTO MERCHANDISING VALUES (2, 18, 'Camiseta FIT-US BLANCA', 'Camiseta FIT-US blanca y celeste.', 'SI');

1 fila creada.

SQL> INSERT INTO MERCHANDISING VALUES (3, 4, 'Lacasitos 240gr', 'Paquete de lacacitos x240gr', 'NO');

1 fila creada.

SQL> INSERT INTO MERCHANDISING VALUES (4, 15, 'Pantalon para la bici FIT-US', 'pantalon para la bici FIT-US negro', 'SI');

1 fila creada.

SQL> INSERT INTO MERCHANDISING VALUES (5, 15, 'Pantalon para la bici FIT-US blanco', 'pantalon para la bici FIT-US blanco', 'SI');

1 fila creada.

SQL> update merchandising set nomb_prod_merch = 'Pantalon para la bici FIT-US negro' where id_prod_merch = 4;

1 fila actualizada.

SQL> select * from merchandising;

ID_PROD_MERCH COSTE_UD_MERCH NOMB_PROD_MERCH                                    DESC_PROD_MERCH                                                                                                                                                                                                                                                                                              PR                                                                                                                                                                                                                                                                                                                                                                                                                                                                                                                                                                                                                                                                                                                                                                                                                                                                                                                                                                                                                                                                                                                                                             
------------- -------------- -------------------------------------------------- ------------------------------------------------------------------------------------------------------------------------------------------------------------------------------------------------------------------------------------------------------------------------------------------------------------ --                                                                                                                                                                                                                                                                                                                                                                                                                                                                                                                                                                                                                                                                                                                                                                                                                                                                                                                                                                                                                                                                                                                                                             
            1             18 Camiseta FIT-US NEGRA                              Camiseta FIT-US negra y celeste.                                                                                                                                                                                                                                                                             SI                                                                                                                                                                                                                                                                                                                                                                                                                                                                                                                                                                                                                                                                                                                                                                                                                                                                                                                                                                                                                                                                                                                                                             
            2             18 Camiseta FIT-US BLANCA                             Camiseta FIT-US blanca y celeste.                                                                                                                                                                                                                                                                            SI                                                                                                                                                                                                                                                                                                                                                                                                                                                                                                                                                                                                                                                                                                                                                                                                                                                                                                                                                                                                                                                                                                                                                             
            3              4 Lacasitos 240gr                                    Paquete de lacacitos x240gr                                                                                                                                                                                                                                                                                  NO                                                                                                                                                                                                                                                                                                                                                                                                                                                                                                                                                                                                                                                                                                                                                                                                                                                                                                                                                                                                                                                                                                                                                             
            4             15 Pantalon para la bici FIT-US negro                 pantalon para la bici FIT-US negro                                                                                                                                                                                                                                                                           SI                                                                                                                                                                                                                                                                                                                                                                                                                                                                                                                                                                                                                                                                                                                                                                                                                                                                                                                                                                                                                                                                                                                                                             
            5             15 Pantalon para la bici FIT-US blanco                pantalon para la bici FIT-US blanco                                                                                                                                                                                                                                                                          SI                                                                                                                                                                                                                                                                                                                                                                                                                                                                                                                                                                                                                                                                                                                                                                                                                                                                                                                                                                                                                                                                                                                                                             

SQL> update merchandising set desc_prod_merch = 'Pantalon para la bici FIT-US negro' where id_prod_merch = 4;

1 fila actualizada.

SQL> update merchandising set desc_prod_merch = 'Pantalon para la bici FIT-US blanco' where id_prod_merch = 5;

1 fila actualizada.

SQL> select * from merchandising;

ID_PROD_MERCH COSTE_UD_MERCH NOMB_PROD_MERCH                                    DESC_PROD_MERCH                                                                                                                                                                                                                                                                                              PR                                                                                                                                                                                                                                                                                                                                                                                                                                                                                                                                                                                                                                                                                                                                                                                                                                                                                                                                                                                                                                                                                                                                                             
------------- -------------- -------------------------------------------------- ------------------------------------------------------------------------------------------------------------------------------------------------------------------------------------------------------------------------------------------------------------------------------------------------------------ --                                                                                                                                                                                                                                                                                                                                                                                                                                                                                                                                                                                                                                                                                                                                                                                                                                                                                                                                                                                                                                                                                                                                                             
            1             18 Camiseta FIT-US NEGRA                              Camiseta FIT-US negra y celeste.                                                                                                                                                                                                                                                                             SI                                                                                                                                                                                                                                                                                                                                                                                                                                                                                                                                                                                                                                                                                                                                                                                                                                                                                                                                                                                                                                                                                                                                                             
            2             18 Camiseta FIT-US BLANCA                             Camiseta FIT-US blanca y celeste.                                                                                                                                                                                                                                                                            SI                                                                                                                                                                                                                                                                                                                                                                                                                                                                                                                                                                                                                                                                                                                                                                                                                                                                                                                                                                                                                                                                                                                                                             
            3              4 Lacasitos 240gr                                    Paquete de lacacitos x240gr                                                                                                                                                                                                                                                                                  NO                                                                                                                                                                                                                                                                                                                                                                                                                                                                                                                                                                                                                                                                                                                                                                                                                                                                                                                                                                                                                                                                                                                                                             
            4             15 Pantalon para la bici FIT-US negro                 Pantalon para la bici FIT-US negro                                                                                                                                                                                                                                                                           SI                                                                                                                                                                                                                                                                                                                                                                                                                                                                                                                                                                                                                                                                                                                                                                                                                                                                                                                                                                                                                                                                                                                                                             
            5             15 Pantalon para la bici FIT-US blanco                Pantalon para la bici FIT-US blanco                                                                                                                                                                                                                                                                          SI                                                                                                                                                                                                                                                                                                                                                                                                                                                                                                                                                                                                                                                                                                                                                                                                                                                                                                                                                                                                                                                                                                                                                             

SQL> rem fin carga de las tres tablas
SQL> rem fin carga de las tres tablas
SQL> rem fin carga de las tres tablas
SQL> rem fin carga de las tres tablas
SQL> rem fin carga de las tres tablas
SQL> rem fin carga de las tres tablas
SQL> rem fin carga de las tres tablas
SQL> rem fin carga de las tres tablas
SQL> rem fin carga de las tres tablas
SQL> rem fin carga de las tres tablas
SQL> rem fin carga de las tres tablas
SQL> rem fin carga de las tres tablas
SQL> rem fin carga de las tres tablas
SQL> rem fin carga de las tres tablas
SQL> rem fin carga de las tres tablas
SQL> rem fin carga de las tres tablas
SQL> rem fin carga de las tres tablas
SQL> rem fin carga de las tres tablas
SQL> rem fin carga de las tres tablas
SQL> rem fin carga de las tres tablas
SQL> rem fin carga de las tres tablas
SQL> rem fin carga de las tres tablas
SQL> rem fin carga de las tres tablas
SQL> rem fin carga de las tres tablas
SQL> rem fin carga de las tres tablas
SQL> rem fin carga de las tres tablas
SQL> rem fin carga de las tres tablas
SQL> rem fin carga de las tres tablas
SQL> rem fin carga de las tres tablas
SQL> rem fin carga de las tres tablas
SQL> rem fin carga de las tres tablas
SQL> rem fin carga de las tres tablas
SQL> rem fin carga de las tres tablas
SQL> rem fin carga de las tres tablas
SQL> 
SQL> 
SQL> 
SQL> 
SQL> 
SQL> 
SQL> 
SQL> 
SQL> 
SQL> 
SQL> 
SQL> rem creamos tabla proveer
SQL> rem creamos tabla proveer
SQL> rem creamos tabla proveer
SQL> rem creamos tabla proveer
SQL> rem creamos tabla proveer
SQL> 
SQL> CREATE TABLE PROVEER (
  2  ID_PROD_MAQ,
  3  ;:;
;:
*
ERROR en línea 3:
ORA-00911: carácter no válido 


SQL> CREATE TABLE PROVEER (
  2  ID_PROD_MAQ NUMBER(5),
  3  ID_PROD_ACC NUMBER(5),
  4  ID_PROD_MERCH NUMBER(5),
  5  ID_PROV NUMBER(4),
  6  ID_SEDE NUMBER(6),
  7  EXCLUSIVO VARCHAR2(2) CHECK (EXCLUSIVO IN('SI','NO')),
  8  primary key (ID_PROD_MAQ, ID_PROD_ACC, ID_PROD_MERCH, ID_PROV, ID_SEDE),
  9  foreign key (ID_PROD_MAQ) references MAQUINAS,
 10  foreign key (ID_PROD_ACC) references ACCESORIOS,
 11  foreign key (ID_PROD_MERCH) references MERCHANDISING,
 12  foreign key (ID_PROV) references PROVEEDORES,
 13  foreign key (ID_SEDES) references SEDES
 14  );
foreign key (ID_SEDES) references SEDES
             *
ERROR en línea 13:
ORA-00904: "ID_SEDES": identificador no válido 


SQL> CREATE TABLE PROVEER (
  2  ID_PROD_MAQ NUMBER(5),
  3  ID_PROD_ACC NUMBER(5),
  4  ID_PROD_MERCH NUMBER(5),
  5  ID_PROV NUMBER(4),
  6  ID_SEDE NUMBER(6),
  7  EXCLUSIVO VARCHAR2(2) CHECK (EXCLUSIVO IN('SI','NO')),
  8  primary key (ID_PROD_MAQ, ID_PROD_ACC, ID_PROD_MERCH, ID_PROV, ID_SEDE),
  9  foreign key (ID_PROD_MAQ) references MAQUINAS,
 10  foreign key (ID_PROD_ACC) references ACCESORIOS,
 11  foreign key (ID_PROD_MERCH) references MERCHANDISING,
 12  foreign key (ID_PROV) references PROVEEDORES,
 13  foreign key (ID_SEDE) references SEDES
 14  );

Tabla creada.

SQL> DESC PROVEER
 Nombre                                                                                                                                                                                                                                                                                                                                                                                                                                                                                                                                                                                                                                                                                                                                                                                                                                                                                                                        ¿Nulo?   Tipo
 ----------------------------------------------------------------------------------------------------------------------------------------------------------------------------------------------------------------------------------------------------------------------------------------------------------------------------------------------------------------------------------------------------------------------------------------------------------------------------------------------------------------------------------------------------------------------------------------------------------------------------------------------------------------------------------------------------------------------------------------------------------------------------------------------------------------------------------------------------------------------------------------------------------------------------- -------- --------------------------------------------------------------------------------------------------------------------------------------------------------------------------------------------------------------------------------------------------------------------------------------------------------------------------------------------------------------------------------------------------------------------------------------------------------------------------------------------------------------------------------------------------------------------------------------------------------------------
 ID_PROD_MAQ                                                                                                                                                                                                                                                                                                                                                                                                                                                                                                                                                                                                                                                                                                                                                                                                                                                                                                                   NOT NULL NUMBER(5)
 ID_PROD_ACC                                                                                                                                                                                                                                                                                                                                                                                                                                                                                                                                                                                                                                                                                                                                                                                                                                                                                                                   NOT NULL NUMBER(5)
 ID_PROD_MERCH                                                                                                                                                                                                                                                                                                                                                                                                                                                                                                                                                                                                                                                                                                                                                                                                                                                                                                                 NOT NULL NUMBER(5)
 ID_PROV                                                                                                                                                                                                                                                                                                                                                                                                                                                                                                                                                                                                                                                                                                                                                                                                                                                                                                                       NOT NULL NUMBER(4)
 ID_SEDE                                                                                                                                                                                                                                                                                                                                                                                                                                                                                                                                                                                                                                                                                                                                                                                                                                                                                                                       NOT NULL NUMBER(6)
 EXCLUSIVO                                                                                                                                                                                                                                                                                                                                                                                                                                                                                                                                                                                                                                                                                                                                                                                                                                                                                                                              VARCHAR2(2)

SQL> INSERT INTO PROVEER (1,,,1,1);
INSERT INTO PROVEER (1,,,1,1)
                     *
ERROR en línea 1:
ORA-00928: falta la palabra clave SELECT 


SQL> INSERT INTO PROVEER VALUES (1,,,1,1);
INSERT INTO PROVEER VALUES (1,,,1,1)
                              *
ERROR en línea 1:
ORA-00936: falta una expresión 


SQL> INSERT INTO PROVEER VALUES (1,NULL,NULL,1,1);
INSERT INTO PROVEER VALUES (1,NULL,NULL,1,1)
            *
ERROR en línea 1:
ORA-00947: no hay suficientes valores 


SQL> INSERT INTO PROVEER VALUES (1,NULL,NULL,2,1, 'NO');
INSERT INTO PROVEER VALUES (1,NULL,NULL,2,1, 'NO')
                              *
ERROR en línea 1:
ORA-01400: no se puede realizar una inserción NULL en ("TMACRI"."PROVEER"."ID_PROD_ACC") 


SQL> INSERT INTO PROVEER VALUES (1,,,2,1, 'NO');
INSERT INTO PROVEER VALUES (1,,,2,1, 'NO')
                              *
ERROR en línea 1:
ORA-00936: falta una expresión 


SQL> INSERT INTO PROVEER VALUES (1, , ,2,1, 'NO');
INSERT INTO PROVEER VALUES (1, , ,2,1, 'NO')
                               *
ERROR en línea 1:
ORA-00936: falta una expresión 


SQL> INSERT INTO PROVEER VALUES (1,0 ,0 ,2,1, 'NO');
INSERT INTO PROVEER VALUES (1,0 ,0 ,2,1, 'NO')
*
ERROR en línea 1:
ORA-02291: restricción de integridad (TMACRI.SYS_C004032) violada - clave principal no encontrada 


SQL> REM CREAR UN PROD, ACC, MERCH CON ID 100 CON VALORES NULL PARA USAR EN PROVEER
SQL> REM CREAR UN PROD, ACC, MERCH CON ID 100 CON VALORES NULL PARA USAR EN PROVEER
SQL> REM CREAR UN PROD, ACC, MERCH CON ID 100 CON VALORES NULL PARA USAR EN PROVEER
SQL> REM CREAR UN PROD, ACC, MERCH CON ID 100 CON VALORES NULL PARA USAR EN PROVEER
SQL> REM CREAR UN PROD, ACC, MERCH CON ID 100 CON VALORES NULL PARA USAR EN PROVEER
SQL> REM CREAR UN PROD, ACC, MERCH CON ID 100 CON VALORES NULL PARA USAR EN PROVEER
SQL> REM CREAR UN PROD, ACC, MERCH CON ID 100 CON VALORES NULL PARA USAR EN PROVEER
SQL> REM CREAR UN PROD, ACC, MERCH CON ID 100 CON VALORES NULL PARA USAR EN PROVEER
SQL> REM CREAR UN PROD, ACC, MERCH CON ID 100 CON VALORES NULL PARA USAR EN PROVEER
SQL> REM CREAR UN PROD, ACC, MERCH CON ID 100 CON VALORES NULL PARA USAR EN PROVEER
SQL> REM CREAR UN PROD, ACC, MERCH CON ID 100 CON VALORES NULL PARA USAR EN PROVEER
SQL> REM CREAR UN PROD, ACC, MERCH CON ID 100 CON VALORES NULL PARA USAR EN PROVEER
SQL> REM CREAR UN PROD, ACC, MERCH CON ID 100 CON VALORES NULL PARA USAR EN PROVEER
SQL> REM CREAR UN PROD, ACC, MERCH CON ID 100 CON VALORES NULL PARA USAR EN PROVEER
SQL> 
SQL> 
SQL> SPOOL OFF
