SQL> CREATE TABLE MAQUINAS(ID_PROD_MAQ NUMBER(5), COSTE_UD_MAQ NUMBER(4), NOMB_PROD_MAQ VARCHAR2(50), DESC_PROD_MAQ(300), TIPO VARCHAR2(20), LARGO NUMBER(4), ANCHO NUMBER(4));
CREATE TABLE MAQUINAS(ID_PROD_MAQ NUMBER(5), COSTE_UD_MAQ NUMBER(4), NOMB_PROD_MAQ VARCHAR2(50), DESC_PROD_MAQ(300), TIPO VARCHAR2(20), LARGO NUMBER(4), ANCHO NUMBER(4))
                                                                                                              *
ERROR en línea 1:
ORA-00902: tipo de dato no válido 


SQL> 
SQL> CREATE TABLE ACCESORIOS (ID_PROD_ACC NUMBER(5), COSTE_UD_ACC NUMBER(4), NOMB_PROD_ACC VARCHAR2(50), DESC_PROD_ACC(300), COLOR VARCHAR2(10), TIPO VARCHAR2(20), PESO NUMBER(2), ALTO NUMBER(4), ANCHO NUMBER(4));
CREATE TABLE ACCESORIOS (ID_PROD_ACC NUMBER(5), COSTE_UD_ACC NUMBER(4), NOMB_PROD_ACC VARCHAR2(50), DESC_PROD_ACC(300), COLOR VARCHAR2(10), TIPO VARCHAR2(20), PESO NUMBER(2), ALTO NUMBER(4), ANCHO NUMBER(4))
                                                                                                                 *
ERROR en línea 1:
ORA-00902: tipo de dato no válido 


SQL> 
SQL> CREATE TABLE MERCHANDISING(ID_PROD_MERCH NUMBER(5), COSTE_UD_MERCH NUMBER(4), NOMB_PROD_MERCH VARCHAR2(50), DESC_PROD_MERCH(300), PROPIO VARCHAR2(2) CHECK (PROPIO = 'SI' || PROPIO = 'NO'));
CREATE TABLE MERCHANDISING(ID_PROD_MERCH NUMBER(5), COSTE_UD_MERCH NUMBER(4), NOMB_PROD_MERCH VARCHAR2(50), DESC_PROD_MERCH(300), PROPIO VARCHAR2(2) CHECK (PROPIO = 'SI' || PROPIO = 'NO'))
                                                                                                                           *
ERROR en línea 1:
ORA-00902: tipo de dato no válido 


SQL> CREATE TABLE MAQUINAS(ID_PROD_MAQ NUMBER(5), COSTE_UD_MAQ NUMBER(4), NOMB_PROD_MAQ VARCHAR2(50), DESC_PROD_MAQ VARCHAR2(300), TIPO VARCHAR2(20), LARGO NUMBER(4), ANCHO NUMBER(4));

Tabla creada.

SQL> CREATE TABLE ACCESORIOS (ID_PROD_ACC NUMBER(5), COSTE_UD_ACC NUMBER(4), NOMB_PROD_ACC VARCHAR2(50), DESC_PROD_ACC VARCHAR2(300), COLOR VARCHAR2(10), TIPO VARCHAR2(20), PESO NUMBER(2), ALTO NUMBER(4), ANCHO NUMBER(4));

Tabla creada.

SQL> CREATE TABLE MERCHANDISING(ID_PROD_MERCH NUMBER(5), COSTE_UD_MERCH NUMBER(4), NOMB_PROD_MERCH VARCHAR2(50), DESC_PROD_MERCH VARCHAR2(300), PROPIO VARCHAR2(2) CHECK (PROPIO = 'SI' || PROPIO = 'NO'));
CREATE TABLE MERCHANDISING(ID_PROD_MERCH NUMBER(5), COSTE_UD_MERCH NUMBER(4), NOMB_PROD_MERCH VARCHAR2(50), DESC_PROD_MERCH VARCHAR2(300), PROPIO VARCHAR2(2) CHECK (PROPIO = 'SI' || PROPIO = 'NO'))
                                                                                                                                                                                             *
ERROR en línea 1:
ORA-00907: falta el paréntesis derecho 


SQL> CREATE TABLE MERCHANDISING(ID_PROD_MERCH NUMBER(5), COSTE_UD_MERCH NUMBER(4), NOMB_PROD_MERCH VARCHAR2(50), DESC_PROD_MERCH VARCHAR2(300), PROPIO VARCHAR2(2) CHECK ((PROPIO = 'SI' || PROPIO = 'NO')));
CREATE TABLE MERCHANDISING(ID_PROD_MERCH NUMBER(5), COSTE_UD_MERCH NUMBER(4), NOMB_PROD_MERCH VARCHAR2(50), DESC_PROD_MERCH VARCHAR2(300), PROPIO VARCHAR2(2) CHECK ((PROPIO = 'SI' || PROPIO = 'NO')))
                                                                                                                                                                             *
ERROR en línea 1:
ORA-00907: falta el paréntesis derecho 


SQL> CREATE TABLE MERCHANDISING(ID_PROD_MERCH NUMBER(5), COSTE_UD_MERCH NUMBER(4), NOMB_PROD_MERCH VARCHAR2(50), DESC_PROD_MERCH VARCHAR2(300), PROPIO VARCHAR2(2) CHECK (PROPIO == 'SI' || PROPIO == 'NO'));
CREATE TABLE MERCHANDISING(ID_PROD_MERCH NUMBER(5), COSTE_UD_MERCH NUMBER(4), NOMB_PROD_MERCH VARCHAR2(50), DESC_PROD_MERCH VARCHAR2(300), PROPIO VARCHAR2(2) CHECK (PROPIO == 'SI' || PROPIO == 'NO'))
                                                                                                                                                                             *
ERROR en línea 1:
ORA-00936: falta una expresión 


SQL> CREATE TABLE MERCHANDISING(ID_PROD_MERCH NUMBER(5), COSTE_UD_MERCH NUMBER(4), NOMB_PROD_MERCH VARCHAR2(50), DESC_PROD_MERCH VARCHAR2(300), PROPIO VARCHAR2(2) CHECK (PROPIO ='SI' || PROPIO ='NO'));
CREATE TABLE MERCHANDISING(ID_PROD_MERCH NUMBER(5), COSTE_UD_MERCH NUMBER(4), NOMB_PROD_MERCH VARCHAR2(50), DESC_PROD_MERCH VARCHAR2(300), PROPIO VARCHAR2(2) CHECK (PROPIO ='SI' || PROPIO ='NO'))
                                                                                                                                                                                            *
ERROR en línea 1:
ORA-00907: falta el paréntesis derecho 


SQL> CREATE TABLE MERCHANDISING(ID_PROD_MERCH NUMBER(5), COSTE_UD_MERCH NUMBER(4), NOMB_PROD_MERCH VARCHAR2(50), DESC_PROD_MERCH VARCHAR2(300), PROPIO VARCHAR2(2) CHECK ((PROPIO ='SI') ||(PROPIO ='NO')));
CREATE TABLE MERCHANDISING(ID_PROD_MERCH NUMBER(5), COSTE_UD_MERCH NUMBER(4), NOMB_PROD_MERCH VARCHAR2(50), DESC_PROD_MERCH VARCHAR2(300), PROPIO VARCHAR2(2) CHECK ((PROPIO ='SI') ||(PROPIO ='NO')))
                                                                                                                                                                                    *
ERROR en línea 1:
ORA-00907: falta el paréntesis derecho 


SQL> CREATE TABLE MERCHANDISING(ID_PROD_MERCH NUMBER(5), COSTE_UD_MERCH NUMBER(4), NOMB_PROD_MERCH VARCHAR2(50), DESC_PROD_MERCH VARCHAR2(300), PROPIO VARCHAR2(2) CHECK ((PROPIO ='SI') || (PROPIO ='NO')));
CREATE TABLE MERCHANDISING(ID_PROD_MERCH NUMBER(5), COSTE_UD_MERCH NUMBER(4), NOMB_PROD_MERCH VARCHAR2(50), DESC_PROD_MERCH VARCHAR2(300), PROPIO VARCHAR2(2) CHECK ((PROPIO ='SI') || (PROPIO ='NO')))
                                                                                                                                                                                    *
ERROR en línea 1:
ORA-00907: falta el paréntesis derecho 


SQL> CREATE TABLE MERCHANDISING(ID_PROD_MERCH NUMBER(5), COSTE_UD_MERCH NUMBER(4), NOMB_PROD_MERCH VARCHAR2(50), DESC_PROD_MERCH VARCHAR2(300), PROPIO VARCHAR2(2) CHECK (((PROPIO ='SI') || (PROPIO ='NO'))));
CREATE TABLE MERCHANDISING(ID_PROD_MERCH NUMBER(5), COSTE_UD_MERCH NUMBER(4), NOMB_PROD_MERCH VARCHAR2(50), DESC_PROD_MERCH VARCHAR2(300), PROPIO VARCHAR2(2) CHECK (((PROPIO ='SI') || (PROPIO ='NO'))))
                                                                                                                                                                              *
ERROR en línea 1:
ORA-00907: falta el paréntesis derecho 


SQL> CREATE TABLE MERCHANDISING(ID_PROD_MERCH NUMBER(5), COSTE_UD_MERCH NUMBER(4), NOMB_PROD_MERCH VARCHAR2(50), DESC_PROD_MERCH VARCHAR2(300), PROPIO VARCHAR2(2) CHECK (PROPIO ='SI' || PROPIO ='NO'));
CREATE TABLE MERCHANDISING(ID_PROD_MERCH NUMBER(5), COSTE_UD_MERCH NUMBER(4), NOMB_PROD_MERCH VARCHAR2(50), DESC_PROD_MERCH VARCHAR2(300), PROPIO VARCHAR2(2) CHECK (PROPIO ='SI' || PROPIO ='NO'))
                                                                                                                                                                                            *
ERROR en línea 1:
ORA-00907: falta el paréntesis derecho 


SQL> CREATE TABLE MERCHANDISING(ID_PROD_MERCH NUMBER(5), COSTE_UD_MERCH NUMBER(4), NOMB_PROD_MERCH VARCHAR2(50), DESC_PROD_MERCH VARCHAR2(300), PROPIO VARCHAR2(2) CHECK (PROPIO ='SI' || PROPIO ='NO'));
CREATE TABLE MERCHANDISING(ID_PROD_MERCH NUMBER(5), COSTE_UD_MERCH NUMBER(4), NOMB_PROD_MERCH VARCHAR2(50), DESC_PROD_MERCH VARCHAR2(300), PROPIO VARCHAR2(2) CHECK (PROPIO ='SI' || PROPIO ='NO'))
                                                                                                                                                                                            *
ERROR en línea 1:
ORA-00907: falta el paréntesis derecho 


SQL> CREATE TABLE MERCHANDISING(ID_PROD_MERCH NUMBER(5), COSTE_UD_MERCH NUMBER(4), NOMB_PROD_MERCH VARCHAR2(50), DESC_PROD_MERCH VARCHAR2(300), PROPIO VARCHAR2(2) CHECK (PROPIO IN('SI','NO'));
CREATE TABLE MERCHANDISING(ID_PROD_MERCH NUMBER(5), COSTE_UD_MERCH NUMBER(4), NOMB_PROD_MERCH VARCHAR2(50), DESC_PROD_MERCH VARCHAR2(300), PROPIO VARCHAR2(2) CHECK (PROPIO IN('SI','NO'))
                                                                                                                                                                                         *
ERROR en línea 1:
ORA-00907: falta el paréntesis derecho 


SQL> CREATE TABLE MERCHANDISING(ID_PROD_MERCH NUMBER(5), COSTE_UD_MERCH NUMBER(4), NOMB_PROD_MERCH VARCHAR2(50), DESC_PROD_MERCH VARCHAR2(300), PROPIO VARCHAR2(2) CHECK (PROPIO IN('SI','NO')));

Tabla creada.

SQL> REM TABLAS CREADAS
SQL> REM TABLAS CREADAS
SQL> REM TABLAS CREADAS
SQL> REM TABLAS CREADAS
SQL> REM TABLAS CREADAS
SQL> REM TABLAS CREADAS
SQL> REM TABLAS CREADAS
SQL> REM TABLAS CREADAS
SQL> REM TABLAS CREADAS
SQL> REM TABLAS CREADAS
SQL> SPOOL OFF
