SQL> select * from profesores;

N_PROFESOR DNI       NOMBRE               APELLIDO             SEG_APELLIDO         MAIL                                                                                                 TELEFONO   CALLE                                                  NUMERO         CP   LICENCIA ESTILO       ID_POB                                                                                                                                                                                                         
---------- --------- -------------------- -------------------- -------------------- ---------------------------------------------------------------------------------------------------- ---------- -------------------------------------------------- ---------- ---------- ---------- -------- ----------                                                                                                                                                                                                         
         4 50065349J DANIEL               NAVARRO              MONTERO              dnavarro@gmail.com                                                                                   648462568  DOMINGO                                                    12      28300     656359 ZUMBA             1                                                                                                                                                                                                         
         2 67497836R MARINA               DIAZ                 HERNANDO             mdiazhernando@gmail.com                                                                              358369526  AGUILERA                                                   15      28300     682945 SPINNING          4                                                                                                                                                                                                         
         3 92373905F ANGELA               OLIVA                JIMIENEZ             aoliva@gmail.com                                                                                     629490361  SANMIGUEL                                                  32      28300     673823 ZUMBA             5                                                                                                                                                                                                         
         5 95494729K ROCIO                MOSQUERA             HERRERO              rmosquera@gmail.com                                                                                  649349364  ALTAMIRA                                                   33      28300     672294 SPINNING          8                                                                                                                                                                                                         
         6 73936305L ELENA                MONTOYA              VILLEGAS             emontoya@gmail.com                                                                                   688374953  SANTIAGO                                                   27      28300     633566 SPINNING          6                                                                                                                                                                                                         

SQL> select * from socios;

   N_SOCIO DNI       NOMBRE               APELLIDO             SEG_APELLIDO         MAIL                                                                                                 TELEFONO   CALLE                                                  NUMERO         CP     ID_POB                                                                                                                                                                                                                             
---------- --------- -------------------- -------------------- -------------------- ---------------------------------------------------------------------------------------------------- ---------- -------------------------------------------------- ---------- ---------- ----------                                                                                                                                                                                                                             
         1 Y7451932S TOMAS                VEGA                 ORTEGA               tvega@gmail.com                                                                                      660046009  SUECIA                                                     44      28022          2                                                                                                                                                                                                                             
         2 43594630Z CARLOS               DA VINCI             PAVAROTTI            cdavinci@gmail.com                                                                                   364814653  SEVILLA                                                    88      46892          6                                                                                                                                                                                                                             
         3 43082463T MARTA                SERRAT               SABINA               mserrat@gmail.com                                                                                    217954856  ARANDANO                                                  864      28003          6                                                                                                                                                                                                                             
         4 68792565F CARLA                MESSI                RONALDO              cmessi@gmail.com                                                                                     793324108  ARGENTINA                                                  86      36950          4                                                                                                                                                                                                                             
         5 13644098S ALEXA                MARTINEZ             ORTEGA               amartinez@gmail.com                                                                                  347186593  PADRE NUESTRO                                              13        300          7                                                                                                                                                                                                                             
         6 14516978C PAULA                EDERY                                     pedery@gmail.com                                                                                     604826822  CALLEJON                                                  853      66038          8                                                                                                                                                                                                                             
         9 Y4635879C ENRIQUE              MARTINEZ                                  emartinez@hotmail.com                                                                                514378378  NAIROBI                                                    81      41620         10                                                                                                                                                                                                                             
        11 78975461X ALBERTO              FERNANDEZ                                 afernandez@yahoo.com                                                                                 646503181  CHINA                                                      69      28022          4                                                                                                                                                                                                                             
        13 49863105Z ALFONSO              ORTEGA               SILLERO              aortega@yahoo.com                                                                                    360462957  NORUEGA                                                    10      46432          3                                                                                                                                                                                                                             
        14 46934489P MERCEDES             CUBILLO              MENAYO               mcubillo@yahoo.com                                                                                   848887557  URUGUAY                                                    11      46792          1                                                                                                                                                                                                                             
        15 Y5689843M OSCAR                NOVILLO              CAMACHO              onovillo@yahoo.com                                                                                   355745640  UGANDA                                                     22      36569          1                                                                                                                                                                                                                             
        16 84695325W JUAN                 GARRIDO                                   jgarrido@gmail.com                                                                                   227652163  ALCALA                                                    256      28020          6                                                                                                                                                                                                                             
        12 13597127A MADELEINE            GOMEZ                MOREIRA              mgomez@yahoo.com                                                                                     383638907  CALIFORNIA                                                  8      64983          1                                                                                                                                                                                                                             

13 filas seleccionadas.

SQL> delete * from profesoreS;
delete * from profesoreS
       *
ERROR en línea 1:
ORA-00903: nombre de tabla no válido 


SQL> delete * from profesores;
delete * from profesores
       *
ERROR en línea 1:
ORA-00903: nombre de tabla no válido 


SQL> delete from profesores;

5 filas suprimidas.

SQL> select * from profesores;

ninguna fila seleccionada

SQL> INSERT INTO PROFESORES VALUES(1,'50065349J', 'DANIEL','NAVARRO', 'MONTERO', 'dnavarro@gmail.com', '648462568', 'DOMINGO', 12, 28300, 656359, 'ZUMBA', 1);

1 fila creada.

SQL> INSERT INTO PROFESORES VALUES(2,'67497836R', 'MARINA','DIAZ', 'HERNANDO', 'mdiazhernando@gmail.com', '358369526', 'AGUILERA', 15, 28300, 682945, 'SPINNING', 4);

1 fila creada.

SQL> INSERT INTO PROFESORES VALUES(3,'92373905F', 'ANGELA','OLIVA', 'JIMIENEZ', 'aoliva@gmail.com', '629490361', 'SANMIGUEL', 32, 28300, 673823, 'ZUMBA', 5);

1 fila creada.

SQL> INSERT INTO PROFESORES VALUES(4,'84736492H', 'HELENA','ROMAN', 'PULIDO', 'hroman@gmail.com', '636830511', 'GIRASOLES', 2, 28540, 649321, 'ZUMBA', 7);

1 fila creada.

SQL> INSERT INTO PROFESORES VALUES(5,'95494729K', 'ROCIO','MOSQUERA', 'HERRERO', 'rmosquera@gmail.com', '649349364', 'ALTAMIRA', 33, 28300, 672294, 'SPINNING', 8);

1 fila creada.

SQL> INSERT INTO PROFESORES VALUES(6,'73936305L', 'ELENA','MONTOYA', 'VILLEGAS', 'emontoya@gmail.com', '688374953', 'SANTIAGO', 27, 28300, 633566, 'SPINNING', 6);

1 fila creada.

SQL> select * from profesores;

N_PROFESOR DNI       NOMBRE               APELLIDO             SEG_APELLIDO         MAIL                                                                                                 TELEFONO   CALLE                                                  NUMERO         CP   LICENCIA ESTILO       ID_POB                                                                                                                                                                                                         
---------- --------- -------------------- -------------------- -------------------- ---------------------------------------------------------------------------------------------------- ---------- -------------------------------------------------- ---------- ---------- ---------- -------- ----------                                                                                                                                                                                                         
         1 50065349J DANIEL               NAVARRO              MONTERO              dnavarro@gmail.com                                                                                   648462568  DOMINGO                                                    12      28300     656359 ZUMBA             1                                                                                                                                                                                                         
         2 67497836R MARINA               DIAZ                 HERNANDO             mdiazhernando@gmail.com                                                                              358369526  AGUILERA                                                   15      28300     682945 SPINNING          4                                                                                                                                                                                                         
         3 92373905F ANGELA               OLIVA                JIMIENEZ             aoliva@gmail.com                                                                                     629490361  SANMIGUEL                                                  32      28300     673823 ZUMBA             5                                                                                                                                                                                                         
         4 84736492H HELENA               ROMAN                PULIDO               hroman@gmail.com                                                                                     636830511  GIRASOLES                                                   2      28540     649321 ZUMBA             7                                                                                                                                                                                                         
         5 95494729K ROCIO                MOSQUERA             HERRERO              rmosquera@gmail.com                                                                                  649349364  ALTAMIRA                                                   33      28300     672294 SPINNING          8                                                                                                                                                                                                         
         6 73936305L ELENA                MONTOYA              VILLEGAS             emontoya@gmail.com                                                                                   688374953  SANTIAGO                                                   27      28300     633566 SPINNING          6                                                                                                                                                                                                         

6 filas seleccionadas.

SQL> rem profesores y socios cargados
SQL> rem tabla asistir
SQL> rem tabla asistir
SQL> rem tabla asistir
SQL> rem tabla asistir
SQL> rem tabla asistir
SQL> rem tabla asistir
SQL> rem tabla asistir
SQL> create table ASISTIR(
  2    ID_CLASE number(6),
  3    N_SOCIO number(7),
  4    foreign key (ID_CLASE) references CLASES,
  5    foreign key (N_SOCIO) references SOCIOS,
  6    primary key (ID_CLASE, N_SOCIO)
  7    );

Tabla creada.

SQL> SELECT * FROM SOCIOS;

   N_SOCIO DNI       NOMBRE               APELLIDO             SEG_APELLIDO         MAIL                                                                                                 TELEFONO   CALLE                                                  NUMERO         CP     ID_POB                                                                                                                                                                                                                             
---------- --------- -------------------- -------------------- -------------------- ---------------------------------------------------------------------------------------------------- ---------- -------------------------------------------------- ---------- ---------- ----------                                                                                                                                                                                                                             
         1 Y7451932S TOMAS                VEGA                 ORTEGA               tvega@gmail.com                                                                                      660046009  SUECIA                                                     44      28022          2                                                                                                                                                                                                                             
         2 43594630Z CARLOS               DA VINCI             PAVAROTTI            cdavinci@gmail.com                                                                                   364814653  SEVILLA                                                    88      46892          6                                                                                                                                                                                                                             
         3 43082463T MARTA                SERRAT               SABINA               mserrat@gmail.com                                                                                    217954856  ARANDANO                                                  864      28003          6                                                                                                                                                                                                                             
         4 68792565F CARLA                MESSI                RONALDO              cmessi@gmail.com                                                                                     793324108  ARGENTINA                                                  86      36950          4                                                                                                                                                                                                                             
         5 13644098S ALEXA                MARTINEZ             ORTEGA               amartinez@gmail.com                                                                                  347186593  PADRE NUESTRO                                              13        300          7                                                                                                                                                                                                                             
         6 14516978C PAULA                EDERY                                     pedery@gmail.com                                                                                     604826822  CALLEJON                                                  853      66038          8                                                                                                                                                                                                                             
         9 Y4635879C ENRIQUE              MARTINEZ                                  emartinez@hotmail.com                                                                                514378378  NAIROBI                                                    81      41620         10                                                                                                                                                                                                                             
        11 78975461X ALBERTO              FERNANDEZ                                 afernandez@yahoo.com                                                                                 646503181  CHINA                                                      69      28022          4                                                                                                                                                                                                                             
        13 49863105Z ALFONSO              ORTEGA               SILLERO              aortega@yahoo.com                                                                                    360462957  NORUEGA                                                    10      46432          3                                                                                                                                                                                                                             
        14 46934489P MERCEDES             CUBILLO              MENAYO               mcubillo@yahoo.com                                                                                   848887557  URUGUAY                                                    11      46792          1                                                                                                                                                                                                                             
        15 Y5689843M OSCAR                NOVILLO              CAMACHO              onovillo@yahoo.com                                                                                   355745640  UGANDA                                                     22      36569          1                                                                                                                                                                                                                             
        16 84695325W JUAN                 GARRIDO                                   jgarrido@gmail.com                                                                                   227652163  ALCALA                                                    256      28020          6                                                                                                                                                                                                                             
        12 13597127A MADELEINE            GOMEZ                MOREIRA              mgomez@yahoo.com                                                                                     383638907  CALIFORNIA                                                  8      64983          1                                                                                                                                                                                                                             

13 filas seleccionadas.

SQL> SELECT * FROM CLASES;

  ID_CLASE FECHA            HORA TIPO                                                                                                                                                                                                                                                                                                                                                                                                                                                                               
---------- ---------- ---------- --------------------                                                                                                                                                                                                                                                                                                                                                                                                                                                               
         1 2021/05/17       1230 SPINNING                                                                                                                                                                                                                                                                                                                                                                                                                                                                           
         2 2021/07/09       1630 ZUMBA                                                                                                                                                                                                                                                                                                                                                                                                                                                                              
         3 2021/12/14       2230 ZUMBA                                                                                                                                                                                                                                                                                                                                                                                                                                                                              
         4 2022/03/22        930 SPINNING                                                                                                                                                                                                                                                                                                                                                                                                                                                                           
         5 2022/03/22       1130 SPINNING                                                                                                                                                                                                                                                                                                                                                                                                                                                                           
         6 2022/03/22       1330 SPINNING                                                                                                                                                                                                                                                                                                                                                                                                                                                                           
         7 2022/03/22       1530 SPINNING                                                                                                                                                                                                                                                                                                                                                                                                                                                                           
         8 2022/03/22       1730 SPINNING                                                                                                                                                                                                                                                                                                                                                                                                                                                                           
         9 2022/03/22       1930 SPINNING                                                                                                                                                                                                                                                                                                                                                                                                                                                                           
        10 2022/03/22       2130 SPINNING                                                                                                                                                                                                                                                                                                                                                                                                                                                                           
        11 2022/03/22        830 ZUMBA                                                                                                                                                                                                                                                                                                                                                                                                                                                                              
        12 2022/03/22       1030 ZUMBA                                                                                                                                                                                                                                                                                                                                                                                                                                                                              
        13 2022/03/22       1230 ZUMBA                                                                                                                                                                                                                                                                                                                                                                                                                                                                              
        14 2022/03/22       1430 ZUMBA                                                                                                                                                                                                                                                                                                                                                                                                                                                                              
        15 2022/03/22       1630 ZUMBA                                                                                                                                                                                                                                                                                                                                                                                                                                                                              
        16 2022/03/22       1830 ZUMBA                                                                                                                                                                                                                                                                                                                                                                                                                                                                              
        17 2022/03/22       2030 ZUMBA                                                                                                                                                                                                                                                                                                                                                                                                                                                                              
        18 2022/03/22       2230 ZUMBA                                                                                                                                                                                                                                                                                                                                                                                                                                                                              
        19 2022/04/24        930 ZUMBA                                                                                                                                                                                                                                                                                                                                                                                                                                                                              
        20 2022/04/24       1130 ZUMBA                                                                                                                                                                                                                                                                                                                                                                                                                                                                              
        21 2022/04/24       1330 ZUMBA                                                                                                                                                                                                                                                                                                                                                                                                                                                                              
        22 2022/04/24       1530 ZUMBA                                                                                                                                                                                                                                                                                                                                                                                                                                                                              
        23 2022/04/24       1730 ZUMBA                                                                                                                                                                                                                                                                                                                                                                                                                                                                              
        24 2022/04/24       1930 ZUMBA                                                                                                                                                                                                                                                                                                                                                                                                                                                                              
        25 2022/04/24       2130 ZUMBA                                                                                                                                                                                                                                                                                                                                                                                                                                                                              
        26 2022/04/24        830 SPINNING                                                                                                                                                                                                                                                                                                                                                                                                                                                                           
        27 2022/04/24       1030 SPINNING                                                                                                                                                                                                                                                                                                                                                                                                                                                                           
        28 2022/04/24       1230 SPINNING                                                                                                                                                                                                                                                                                                                                                                                                                                                                           
        29 2022/04/24       1430 SPINNING                                                                                                                                                                                                                                                                                                                                                                                                                                                                           
        30 2022/04/24       1630 SPINNING                                                                                                                                                                                                                                                                                                                                                                                                                                                                           
        31 2022/04/24       1830 SPINNING                                                                                                                                                                                                                                                                                                                                                                                                                                                                           
        32 2022/04/24       2030 SPINNING                                                                                                                                                                                                                                                                                                                                                                                                                                                                           
        33 2022/04/24       2230 SPINNING                                                                                                                                                                                                                                                                                                                                                                                                                                                                           

33 filas seleccionadas.

SQL>  INSERT INTO SOCIOS VALUES(7,'16139488X', 'SUSANA','VEGA', 'GONZALEZ', 'svega@hotmail.com', '821403819', 'RIO', 359, 99252,10);10);
 INSERT INTO SOCIOS VALUES(7,'16139488X', 'SUSANA','VEGA', 'GONZALEZ', 'svega@hotmail.com', '821403819', 'RIO', 359, 99252,10);10)
                                                                                                                              *
ERROR en línea 1:
ORA-00911: carácter no válido 


SQL> INSERT INTO SOCIOS VALUES(8,'69873567B', 'MONICA','BIANCO', 'PEREZ', 'mbianco@hotmail.com', '299217214', 'OSLO', 30, 64203,8);

1 fila creada.

SQL>  INSERT INTO SOCIOS VALUES(7,'16139488X', 'SUSANA','VEGA', 'GONZALEZ', 'svega@hotmail.com', '821403819', 'RIO', 359, 99252,10);

1 fila creada.

SQL> INSERT INTO SOCIOS VALUES(10,'13454981L', 'JOSE LUIS','GONZALEZ', 'CASARES', 'jlgonzalez@hotmail.com', '595711088', 'BUENOS AIRES', 369, 97723,1);

1 fila creada.

SQL> SELECT * FROM SOCIOS ORDER BY N_SOCIO;

   N_SOCIO DNI       NOMBRE               APELLIDO             SEG_APELLIDO         MAIL                                                                                                 TELEFONO   CALLE                                                  NUMERO         CP     ID_POB                                                                                                                                                                                                                             
---------- --------- -------------------- -------------------- -------------------- ---------------------------------------------------------------------------------------------------- ---------- -------------------------------------------------- ---------- ---------- ----------                                                                                                                                                                                                                             
         1 Y7451932S TOMAS                VEGA                 ORTEGA               tvega@gmail.com                                                                                      660046009  SUECIA                                                     44      28022          2                                                                                                                                                                                                                             
         2 43594630Z CARLOS               DA VINCI             PAVAROTTI            cdavinci@gmail.com                                                                                   364814653  SEVILLA                                                    88      46892          6                                                                                                                                                                                                                             
         3 43082463T MARTA                SERRAT               SABINA               mserrat@gmail.com                                                                                    217954856  ARANDANO                                                  864      28003          6                                                                                                                                                                                                                             
         4 68792565F CARLA                MESSI                RONALDO              cmessi@gmail.com                                                                                     793324108  ARGENTINA                                                  86      36950          4                                                                                                                                                                                                                             
         5 13644098S ALEXA                MARTINEZ             ORTEGA               amartinez@gmail.com                                                                                  347186593  PADRE NUESTRO                                              13        300          7                                                                                                                                                                                                                             
         6 14516978C PAULA                EDERY                                     pedery@gmail.com                                                                                     604826822  CALLEJON                                                  853      66038          8                                                                                                                                                                                                                             
         7 16139488X SUSANA               VEGA                 GONZALEZ             svega@hotmail.com                                                                                    821403819  RIO                                                       359      99252         10                                                                                                                                                                                                                             
         8 69873567B MONICA               BIANCO               PEREZ                mbianco@hotmail.com                                                                                  299217214  OSLO                                                       30      64203          8                                                                                                                                                                                                                             
         9 Y4635879C ENRIQUE              MARTINEZ                                  emartinez@hotmail.com                                                                                514378378  NAIROBI                                                    81      41620         10                                                                                                                                                                                                                             
        10 13454981L JOSE LUIS            GONZALEZ             CASARES              jlgonzalez@hotmail.com                                                                               595711088  BUENOS AIRES                                              369      97723          1                                                                                                                                                                                                                             
        11 78975461X ALBERTO              FERNANDEZ                                 afernandez@yahoo.com                                                                                 646503181  CHINA                                                      69      28022          4                                                                                                                                                                                                                             
        12 13597127A MADELEINE            GOMEZ                MOREIRA              mgomez@yahoo.com                                                                                     383638907  CALIFORNIA                                                  8      64983          1                                                                                                                                                                                                                             
        13 49863105Z ALFONSO              ORTEGA               SILLERO              aortega@yahoo.com                                                                                    360462957  NORUEGA                                                    10      46432          3                                                                                                                                                                                                                             
        14 46934489P MERCEDES             CUBILLO              MENAYO               mcubillo@yahoo.com                                                                                   848887557  URUGUAY                                                    11      46792          1                                                                                                                                                                                                                             
        15 Y5689843M OSCAR                NOVILLO              CAMACHO              onovillo@yahoo.com                                                                                   355745640  UGANDA                                                     22      36569          1                                                                                                                                                                                                                             
        16 84695325W JUAN                 GARRIDO                                   jgarrido@gmail.com                                                                                   227652163  ALCALA                                                    256      28020          6                                                                                                                                                                                                                             

16 filas seleccionadas.

SQL> INSERT INTO ASISTIR VALUES(1,15);

1 fila creada.

SQL> INSERT INTO ASISTIR VALUES(11,11);

1 fila creada.

SQL> INSERT INTO ASISTIR VALUES(7,24);
INSERT INTO ASISTIR VALUES(7,24)
*
ERROR en línea 1:
ORA-02291: restricción de integridad (TMACRI.SYS_C004052) violada - clave principal no encontrada 


SQL> INSERT INTO ASISTIR VALUES(7,26);
INSERT INTO ASISTIR VALUES(7,26)
*
ERROR en línea 1:
ORA-02291: restricción de integridad (TMACRI.SYS_C004052) violada - clave principal no encontrada 


SQL> INSERT INTO ASISTIR VALUES(2,2);

1 fila creada.

SQL> INSERT INTO ASISTIR VALUES(11,30);
INSERT INTO ASISTIR VALUES(11,30)
*
ERROR en línea 1:
ORA-02291: restricción de integridad (TMACRI.SYS_C004052) violada - clave principal no encontrada 


SQL> INSERT INTO ASISTIR VALUES(15,18);
INSERT INTO ASISTIR VALUES(15,18)
*
ERROR en línea 1:
ORA-02291: restricción de integridad (TMACRI.SYS_C004052) violada - clave principal no encontrada 


SQL> INSERT INTO ASISTIR VALUES(15,18);
INSERT INTO ASISTIR VALUES(15,18)
*
ERROR en línea 1:
ORA-02291: restricción de integridad (TMACRI.SYS_C004052) violada - clave principal no encontrada 


SQL> INSERT INTO ASISTIR VALUES(8,27);
INSERT INTO ASISTIR VALUES(8,27)
*
ERROR en línea 1:
ORA-02291: restricción de integridad (TMACRI.SYS_C004052) violada - clave principal no encontrada 


SQL> INSERT INTO ASISTIR VALUES(12,28);
INSERT INTO ASISTIR VALUES(12,28)
*
ERROR en línea 1:
ORA-02291: restricción de integridad (TMACRI.SYS_C004052) violada - clave principal no encontrada 


SQL> INSERT INTO ASISTIR VALUES(8,31);
INSERT INTO ASISTIR VALUES(8,31)
*
ERROR en línea 1:
ORA-02291: restricción de integridad (TMACRI.SYS_C004052) violada - clave principal no encontrada 


SQL> INSERT INTO ASISTIR VALUES(7,9);

1 fila creada.

SQL> INSERT INTO ASISTIR VALUES(12,17);
INSERT INTO ASISTIR VALUES(12,17)
*
ERROR en línea 1:
ORA-02291: restricción de integridad (TMACRI.SYS_C004052) violada - clave principal no encontrada 


SQL> INSERT INTO ASISTIR VALUES(13,21);
INSERT INTO ASISTIR VALUES(13,21)
*
ERROR en línea 1:
ORA-02291: restricción de integridad (TMACRI.SYS_C004052) violada - clave principal no encontrada 


SQL> INSERT INTO ASISTIR VALUES(15,18);
INSERT INTO ASISTIR VALUES(15,18)
*
ERROR en línea 1:
ORA-02291: restricción de integridad (TMACRI.SYS_C004052) violada - clave principal no encontrada 


SQL> INSERT INTO ASISTIR VALUES(4,7);

1 fila creada.

SQL> INSERT INTO ASISTIR VALUES(15,2);

1 fila creada.

SQL> INSERT INTO ASISTIR VALUES(1,13);

1 fila creada.

SQL> INSERT INTO ASISTIR VALUES(14,4);

1 fila creada.

SQL> INSERT INTO ASISTIR VALUES(2,4);

1 fila creada.

SQL> INSERT INTO ASISTIR VALUES(7,4);

1 fila creada.

SQL> INSERT INTO ASISTIR VALUES(2,32);
INSERT INTO ASISTIR VALUES(2,32)
*
ERROR en línea 1:
ORA-02291: restricción de integridad (TMACRI.SYS_C004052) violada - clave principal no encontrada 


SQL> INSERT INTO ASISTIR VALUES(15,15);

1 fila creada.

SQL> INSERT INTO ASISTIR VALUES(5,2);

1 fila creada.

SQL> INSERT INTO ASISTIR VALUES(13,16);

1 fila creada.

SQL> INSERT INTO ASISTIR VALUES(12,6);

1 fila creada.

SQL> INSERT INTO ASISTIR VALUES(14,26);
INSERT INTO ASISTIR VALUES(14,26)
*
ERROR en línea 1:
ORA-02291: restricción de integridad (TMACRI.SYS_C004052) violada - clave principal no encontrada 


SQL> INSERT INTO ASISTIR VALUES(15,4);

1 fila creada.

SQL> INSERT INTO ASISTIR VALUES(11,5);

1 fila creada.

SQL> SELECT * FROM SOCIOS ORDER BY N_SOCIO;

   N_SOCIO DNI       NOMBRE               APELLIDO             SEG_APELLIDO         MAIL                                                                                                 TELEFONO   CALLE                                                  NUMERO         CP     ID_POB                                                                                                                                                                                                                             
---------- --------- -------------------- -------------------- -------------------- ---------------------------------------------------------------------------------------------------- ---------- -------------------------------------------------- ---------- ---------- ----------                                                                                                                                                                                                                             
         1 Y7451932S TOMAS                VEGA                 ORTEGA               tvega@gmail.com                                                                                      660046009  SUECIA                                                     44      28022          2                                                                                                                                                                                                                             
         2 43594630Z CARLOS               DA VINCI             PAVAROTTI            cdavinci@gmail.com                                                                                   364814653  SEVILLA                                                    88      46892          6                                                                                                                                                                                                                             
         3 43082463T MARTA                SERRAT               SABINA               mserrat@gmail.com                                                                                    217954856  ARANDANO                                                  864      28003          6                                                                                                                                                                                                                             
         4 68792565F CARLA                MESSI                RONALDO              cmessi@gmail.com                                                                                     793324108  ARGENTINA                                                  86      36950          4                                                                                                                                                                                                                             
         5 13644098S ALEXA                MARTINEZ             ORTEGA               amartinez@gmail.com                                                                                  347186593  PADRE NUESTRO                                              13        300          7                                                                                                                                                                                                                             
         6 14516978C PAULA                EDERY                                     pedery@gmail.com                                                                                     604826822  CALLEJON                                                  853      66038          8                                                                                                                                                                                                                             
         7 16139488X SUSANA               VEGA                 GONZALEZ             svega@hotmail.com                                                                                    821403819  RIO                                                       359      99252         10                                                                                                                                                                                                                             
         8 69873567B MONICA               BIANCO               PEREZ                mbianco@hotmail.com                                                                                  299217214  OSLO                                                       30      64203          8                                                                                                                                                                                                                             
         9 Y4635879C ENRIQUE              MARTINEZ                                  emartinez@hotmail.com                                                                                514378378  NAIROBI                                                    81      41620         10                                                                                                                                                                                                                             
        10 13454981L JOSE LUIS            GONZALEZ             CASARES              jlgonzalez@hotmail.com                                                                               595711088  BUENOS AIRES                                              369      97723          1                                                                                                                                                                                                                             
        11 78975461X ALBERTO              FERNANDEZ                                 afernandez@yahoo.com                                                                                 646503181  CHINA                                                      69      28022          4                                                                                                                                                                                                                             
        12 13597127A MADELEINE            GOMEZ                MOREIRA              mgomez@yahoo.com                                                                                     383638907  CALIFORNIA                                                  8      64983          1                                                                                                                                                                                                                             
        13 49863105Z ALFONSO              ORTEGA               SILLERO              aortega@yahoo.com                                                                                    360462957  NORUEGA                                                    10      46432          3                                                                                                                                                                                                                             
        14 46934489P MERCEDES             CUBILLO              MENAYO               mcubillo@yahoo.com                                                                                   848887557  URUGUAY                                                    11      46792          1                                                                                                                                                                                                                             
        15 Y5689843M OSCAR                NOVILLO              CAMACHO              onovillo@yahoo.com                                                                                   355745640  UGANDA                                                     22      36569          1                                                                                                                                                                                                                             
        16 84695325W JUAN                 GARRIDO                                   jgarrido@gmail.com                                                                                   227652163  ALCALA                                                    256      28020          6                                                                                                                                                                                                                             

16 filas seleccionadas.

SQL> SELECT * FROM DARSE;

  ID_CLASE     N_SALA                                                                                                                                                                                                                                                                                                                                                                                                                                                                                               
---------- ----------                                                                                                                                                                                                                                                                                                                                                                                                                                                                                               
         1          8                                                                                                                                                                                                                                                                                                                                                                                                                                                                                               
         2          3                                                                                                                                                                                                                                                                                                                                                                                                                                                                                               
         3          8                                                                                                                                                                                                                                                                                                                                                                                                                                                                                               
         4          4                                                                                                                                                                                                                                                                                                                                                                                                                                                                                               
         5          2                                                                                                                                                                                                                                                                                                                                                                                                                                                                                               
         6         10                                                                                                                                                                                                                                                                                                                                                                                                                                                                                               
         7          1                                                                                                                                                                                                                                                                                                                                                                                                                                                                                               
         8          1                                                                                                                                                                                                                                                                                                                                                                                                                                                                                               
         9          3                                                                                                                                                                                                                                                                                                                                                                                                                                                                                               
        10         10                                                                                                                                                                                                                                                                                                                                                                                                                                                                                               
        11          8                                                                                                                                                                                                                                                                                                                                                                                                                                                                                               
        12          3                                                                                                                                                                                                                                                                                                                                                                                                                                                                                               
        13          1                                                                                                                                                                                                                                                                                                                                                                                                                                                                                               
        14          7                                                                                                                                                                                                                                                                                                                                                                                                                                                                                               
        15          5                                                                                                                                                                                                                                                                                                                                                                                                                                                                                               
        16          1                                                                                                                                                                                                                                                                                                                                                                                                                                                                                               
        17          5                                                                                                                                                                                                                                                                                                                                                                                                                                                                                               
        18          9                                                                                                                                                                                                                                                                                                                                                                                                                                                                                               
        19          3                                                                                                                                                                                                                                                                                                                                                                                                                                                                                               
        20          9                                                                                                                                                                                                                                                                                                                                                                                                                                                                                               
        21          1                                                                                                                                                                                                                                                                                                                                                                                                                                                                                               
        22          3                                                                                                                                                                                                                                                                                                                                                                                                                                                                                               
        23          6                                                                                                                                                                                                                                                                                                                                                                                                                                                                                               
        24          4                                                                                                                                                                                                                                                                                                                                                                                                                                                                                               
        25          7                                                                                                                                                                                                                                                                                                                                                                                                                                                                                               
        26          7                                                                                                                                                                                                                                                                                                                                                                                                                                                                                               
        27          2                                                                                                                                                                                                                                                                                                                                                                                                                                                                                               
        28          4                                                                                                                                                                                                                                                                                                                                                                                                                                                                                               
        29         10                                                                                                                                                                                                                                                                                                                                                                                                                                                                                               
        30          3                                                                                                                                                                                                                                                                                                                                                                                                                                                                                               
        31          5                                                                                                                                                                                                                                                                                                                                                                                                                                                                                               
        32          4                                                                                                                                                                                                                                                                                                                                                                                                                                                                                               
        33          9                                                                                                                                                                                                                                                                                                                                                                                                                                                                                               

33 filas seleccionadas.

SQL> SELECT * FROM ASISTIR;

  ID_CLASE    N_SOCIO                                                                                                                                                                                                                                                                                                                                                                                                                                                                                               
---------- ----------                                                                                                                                                                                                                                                                                                                                                                                                                                                                                               
         1         13                                                                                                                                                                                                                                                                                                                                                                                                                                                                                               
         1         15                                                                                                                                                                                                                                                                                                                                                                                                                                                                                               
         2          2                                                                                                                                                                                                                                                                                                                                                                                                                                                                                               
         2          4                                                                                                                                                                                                                                                                                                                                                                                                                                                                                               
         4          7                                                                                                                                                                                                                                                                                                                                                                                                                                                                                               
         5          2                                                                                                                                                                                                                                                                                                                                                                                                                                                                                               
         7          4                                                                                                                                                                                                                                                                                                                                                                                                                                                                                               
         7          9                                                                                                                                                                                                                                                                                                                                                                                                                                                                                               
        11          5                                                                                                                                                                                                                                                                                                                                                                                                                                                                                               
        11         11                                                                                                                                                                                                                                                                                                                                                                                                                                                                                               
        12          6                                                                                                                                                                                                                                                                                                                                                                                                                                                                                               
        13         16                                                                                                                                                                                                                                                                                                                                                                                                                                                                                               
        14          4                                                                                                                                                                                                                                                                                                                                                                                                                                                                                               
        15          2                                                                                                                                                                                                                                                                                                                                                                                                                                                                                               
        15          4                                                                                                                                                                                                                                                                                                                                                                                                                                                                                               
        15         15                                                                                                                                                                                                                                                                                                                                                                                                                                                                                               

16 filas seleccionadas.

SQL> INSERT INTO ASISTIR VALUES(3,29);
INSERT INTO ASISTIR VALUES(3,29)
*
ERROR en línea 1:
ORA-02291: restricción de integridad (TMACRI.SYS_C004052) violada - clave principal no encontrada 


SQL> INSERT INTO ASISTIR VALUES(16,22);
INSERT INTO ASISTIR VALUES(16,22)
*
ERROR en línea 1:
ORA-02291: restricción de integridad (TMACRI.SYS_C004052) violada - clave principal no encontrada 


SQL> INSERT INTO ASISTIR VALUES(1,9);

1 fila creada.

SQL> INSERT INTO ASISTIR VALUES(16,1);

1 fila creada.

SQL> INSERT INTO ASISTIR VALUES(15,16);

1 fila creada.

SQL> INSERT INTO ASISTIR VALUES(5,11);

1 fila creada.

SQL> INSERT INTO ASISTIR VALUES(4,22);
INSERT INTO ASISTIR VALUES(4,22)
*
ERROR en línea 1:
ORA-02291: restricción de integridad (TMACRI.SYS_C004052) violada - clave principal no encontrada 


SQL> INSERT INTO ASISTIR VALUES(12,20);
INSERT INTO ASISTIR VALUES(12,20)
*
ERROR en línea 1:
ORA-02291: restricción de integridad (TMACRI.SYS_C004052) violada - clave principal no encontrada 


SQL> INSERT INTO ASISTIR VALUES(14,22);
INSERT INTO ASISTIR VALUES(14,22)
*
ERROR en línea 1:
ORA-02291: restricción de integridad (TMACRI.SYS_C004052) violada - clave principal no encontrada 


SQL> INSERT INTO ASISTIR VALUES(13,25);
INSERT INTO ASISTIR VALUES(13,25)
*
ERROR en línea 1:
ORA-02291: restricción de integridad (TMACRI.SYS_C004052) violada - clave principal no encontrada 


SQL> INSERT INTO ASISTIR VALUES(6,4);

1 fila creada.

SQL> INSERT INTO ASISTIR VALUES(10,20);
INSERT INTO ASISTIR VALUES(10,20)
*
ERROR en línea 1:
ORA-02291: restricción de integridad (TMACRI.SYS_C004052) violada - clave principal no encontrada 


SQL> INSERT INTO ASISTIR VALUES(7,9);
INSERT INTO ASISTIR VALUES(7,9)
*
ERROR en línea 1:
ORA-00001: restricción única (TMACRI.SYS_C004050) violada 


SQL> INSERT INTO ASISTIR VALUES(9,9);

1 fila creada.

SQL> INSERT INTO ASISTIR VALUES(15,33);
INSERT INTO ASISTIR VALUES(15,33)
*
ERROR en línea 1:
ORA-02291: restricción de integridad (TMACRI.SYS_C004052) violada - clave principal no encontrada 


SQL> INSERT INTO ASISTIR VALUES(7,3);

1 fila creada.

SQL> INSERT INTO ASISTIR VALUES(14,9);

1 fila creada.

SQL> INSERT INTO ASISTIR VALUES(11,25);
INSERT INTO ASISTIR VALUES(11,25)
*
ERROR en línea 1:
ORA-02291: restricción de integridad (TMACRI.SYS_C004052) violada - clave principal no encontrada 


SQL> INSERT INTO ASISTIR VALUES(1,18);
INSERT INTO ASISTIR VALUES(1,18)
*
ERROR en línea 1:
ORA-02291: restricción de integridad (TMACRI.SYS_C004052) violada - clave principal no encontrada 


SQL> INSERT INTO ASISTIR VALUES(15,19);
INSERT INTO ASISTIR VALUES(15,19)
*
ERROR en línea 1:
ORA-02291: restricción de integridad (TMACRI.SYS_C004052) violada - clave principal no encontrada 


SQL> INSERT INTO ASISTIR VALUES(1,31);
INSERT INTO ASISTIR VALUES(1,31)
*
ERROR en línea 1:
ORA-02291: restricción de integridad (TMACRI.SYS_C004052) violada - clave principal no encontrada 


SQL> INSERT INTO ASISTIR VALUES(16,28);
INSERT INTO ASISTIR VALUES(16,28)
*
ERROR en línea 1:
ORA-02291: restricción de integridad (TMACRI.SYS_C004052) violada - clave principal no encontrada 


SQL> INSERT INTO ASISTIR VALUES(14,7);

1 fila creada.

SQL> INSERT INTO ASISTIR VALUES(13,6);

1 fila creada.

SQL> INSERT INTO ASISTIR VALUES(1,27);
INSERT INTO ASISTIR VALUES(1,27)
*
ERROR en línea 1:
ORA-02291: restricción de integridad (TMACRI.SYS_C004052) violada - clave principal no encontrada 


SQL> INSERT INTO ASISTIR VALUES(12,27);
INSERT INTO ASISTIR VALUES(12,27)
*
ERROR en línea 1:
ORA-02291: restricción de integridad (TMACRI.SYS_C004052) violada - clave principal no encontrada 


SQL> INSERT INTO ASISTIR VALUES(1,2);

1 fila creada.

SQL> INSERT INTO ASISTIR VALUES(11,13);

1 fila creada.

SQL> INSERT INTO ASISTIR VALUES(16,1);
INSERT INTO ASISTIR VALUES(16,1)
*
ERROR en línea 1:
ORA-00001: restricción única (TMACRI.SYS_C004050) violada 


SQL> INSERT INTO ASISTIR VALUES(12,26);
INSERT INTO ASISTIR VALUES(12,26)
*
ERROR en línea 1:
ORA-02291: restricción de integridad (TMACRI.SYS_C004052) violada - clave principal no encontrada 


SQL> INSERT INTO ASISTIR VALUES(2,30);
INSERT INTO ASISTIR VALUES(2,30)
*
ERROR en línea 1:
ORA-02291: restricción de integridad (TMACRI.SYS_C004052) violada - clave principal no encontrada 


SQL> INSERT INTO ASISTIR VALUES(9,27);
INSERT INTO ASISTIR VALUES(9,27)
*
ERROR en línea 1:
ORA-02291: restricción de integridad (TMACRI.SYS_C004052) violada - clave principal no encontrada 


SQL> INSERT INTO ASISTIR VALUES(4,28);
INSERT INTO ASISTIR VALUES(4,28)
*
ERROR en línea 1:
ORA-02291: restricción de integridad (TMACRI.SYS_C004052) violada - clave principal no encontrada 


SQL> INSERT INTO ASISTIR VALUES(1,4);

1 fila creada.

SQL> INSERT INTO ASISTIR VALUES(4,13);

1 fila creada.

SQL> INSERT INTO ASISTIR VALUES(11,23);
INSERT INTO ASISTIR VALUES(11,23)
*
ERROR en línea 1:
ORA-02291: restricción de integridad (TMACRI.SYS_C004052) violada - clave principal no encontrada 


SQL> INSERT INTO ASISTIR VALUES(13,20);
INSERT INTO ASISTIR VALUES(13,20)
*
ERROR en línea 1:
ORA-02291: restricción de integridad (TMACRI.SYS_C004052) violada - clave principal no encontrada 


SQL> INSERT INTO ASISTIR VALUES(5,15);

1 fila creada.

SQL> INSERT INTO ASISTIR VALUES(15,23);
INSERT INTO ASISTIR VALUES(15,23)
*
ERROR en línea 1:
ORA-02291: restricción de integridad (TMACRI.SYS_C004052) violada - clave principal no encontrada 


SQL> INSERT INTO ASISTIR VALUES(10,29);
INSERT INTO ASISTIR VALUES(10,29)
*
ERROR en línea 1:
ORA-02291: restricción de integridad (TMACRI.SYS_C004052) violada - clave principal no encontrada 


SQL> INSERT INTO ASISTIR VALUES(14,11);

1 fila creada.

SQL> INSERT INTO ASISTIR VALUES(15,6);

1 fila creada.

SQL> INSERT INTO ASISTIR VALUES(5,29);
INSERT INTO ASISTIR VALUES(5,29)
*
ERROR en línea 1:
ORA-02291: restricción de integridad (TMACRI.SYS_C004052) violada - clave principal no encontrada 


SQL> INSERT INTO ASISTIR VALUES(2,32);
INSERT INTO ASISTIR VALUES(2,32)
*
ERROR en línea 1:
ORA-02291: restricción de integridad (TMACRI.SYS_C004052) violada - clave principal no encontrada 


SQL> INSERT INTO ASISTIR VALUES(13,8);

1 fila creada.

SQL> INSERT INTO ASISTIR VALUES(2,16);

1 fila creada.

SQL> INSERT INTO ASISTIR VALUES(9,16);

1 fila creada.

SQL> INSERT INTO ASISTIR VALUES(4,31);
INSERT INTO ASISTIR VALUES(4,31)
*
ERROR en línea 1:
ORA-02291: restricción de integridad (TMACRI.SYS_C004052) violada - clave principal no encontrada 


SQL> INSERT INTO ASISTIR VALUES(8,4);

1 fila creada.

SQL> INSERT INTO ASISTIR VALUES(2,14);

1 fila creada.

SQL> INSERT INTO ASISTIR VALUES(10,28);
INSERT INTO ASISTIR VALUES(10,28)
*
ERROR en línea 1:
ORA-02291: restricción de integridad (TMACRI.SYS_C004052) violada - clave principal no encontrada 


SQL> INSERT INTO ASISTIR VALUES(15,5);

1 fila creada.

SQL> INSERT INTO ASISTIR VALUES(11,31);
INSERT INTO ASISTIR VALUES(11,31)
*
ERROR en línea 1:
ORA-02291: restricción de integridad (TMACRI.SYS_C004052) violada - clave principal no encontrada 


SQL> SELECT * FROM ASISTIR;

  ID_CLASE    N_SOCIO                                                                                                                                                                                                                                                                                                                                                                                                                                                                                               
---------- ----------                                                                                                                                                                                                                                                                                                                                                                                                                                                                                               
         1          2                                                                                                                                                                                                                                                                                                                                                                                                                                                                                               
         1          4                                                                                                                                                                                                                                                                                                                                                                                                                                                                                               
         1          9                                                                                                                                                                                                                                                                                                                                                                                                                                                                                               
         1         13                                                                                                                                                                                                                                                                                                                                                                                                                                                                                               
         1         15                                                                                                                                                                                                                                                                                                                                                                                                                                                                                               
         2          2                                                                                                                                                                                                                                                                                                                                                                                                                                                                                               
         2          4                                                                                                                                                                                                                                                                                                                                                                                                                                                                                               
         2         14                                                                                                                                                                                                                                                                                                                                                                                                                                                                                               
         2         16                                                                                                                                                                                                                                                                                                                                                                                                                                                                                               
         4          7                                                                                                                                                                                                                                                                                                                                                                                                                                                                                               
         4         13                                                                                                                                                                                                                                                                                                                                                                                                                                                                                               
         5          2                                                                                                                                                                                                                                                                                                                                                                                                                                                                                               
         5         11                                                                                                                                                                                                                                                                                                                                                                                                                                                                                               
         5         15                                                                                                                                                                                                                                                                                                                                                                                                                                                                                               
         6          4                                                                                                                                                                                                                                                                                                                                                                                                                                                                                               
         7          3                                                                                                                                                                                                                                                                                                                                                                                                                                                                                               
         7          4                                                                                                                                                                                                                                                                                                                                                                                                                                                                                               
         7          9                                                                                                                                                                                                                                                                                                                                                                                                                                                                                               
         8          4                                                                                                                                                                                                                                                                                                                                                                                                                                                                                               
         9          9                                                                                                                                                                                                                                                                                                                                                                                                                                                                                               
         9         16                                                                                                                                                                                                                                                                                                                                                                                                                                                                                               
        11          5                                                                                                                                                                                                                                                                                                                                                                                                                                                                                               
        11         11                                                                                                                                                                                                                                                                                                                                                                                                                                                                                               
        11         13                                                                                                                                                                                                                                                                                                                                                                                                                                                                                               
        12          6                                                                                                                                                                                                                                                                                                                                                                                                                                                                                               
        13          6                                                                                                                                                                                                                                                                                                                                                                                                                                                                                               
        13          8                                                                                                                                                                                                                                                                                                                                                                                                                                                                                               
        13         16                                                                                                                                                                                                                                                                                                                                                                                                                                                                                               
        14          4                                                                                                                                                                                                                                                                                                                                                                                                                                                                                               
        14          7                                                                                                                                                                                                                                                                                                                                                                                                                                                                                               
        14          9                                                                                                                                                                                                                                                                                                                                                                                                                                                                                               
        14         11                                                                                                                                                                                                                                                                                                                                                                                                                                                                                               
        15          2                                                                                                                                                                                                                                                                                                                                                                                                                                                                                               
        15          4                                                                                                                                                                                                                                                                                                                                                                                                                                                                                               
        15          5                                                                                                                                                                                                                                                                                                                                                                                                                                                                                               
        15          6                                                                                                                                                                                                                                                                                                                                                                                                                                                                                               
        15         15                                                                                                                                                                                                                                                                                                                                                                                                                                                                                               
        15         16                                                                                                                                                                                                                                                                                                                                                                                                                                                                                               
        16          1                                                                                                                                                                                                                                                                                                                                                                                                                                                                                               

39 filas seleccionadas.

SQL> INSERT INTO ASISTIR VALUES(9,17);
INSERT INTO ASISTIR VALUES(9,17)
*
ERROR en línea 1:
ORA-02291: restricción de integridad (TMACRI.SYS_C004052) violada - clave principal no encontrada 


SQL> INSERT INTO ASISTIR VALUES(3,28);
INSERT INTO ASISTIR VALUES(3,28)
*
ERROR en línea 1:
ORA-02291: restricción de integridad (TMACRI.SYS_C004052) violada - clave principal no encontrada 


SQL> INSERT INTO ASISTIR VALUES(5,16);

1 fila creada.

SQL> INSERT INTO ASISTIR VALUES(14,1);

1 fila creada.

SQL> INSERT INTO ASISTIR VALUES(13,9);

1 fila creada.

SQL> INSERT INTO ASISTIR VALUES(3,31);
INSERT INTO ASISTIR VALUES(3,31)
*
ERROR en línea 1:
ORA-02291: restricción de integridad (TMACRI.SYS_C004052) violada - clave principal no encontrada 


SQL> INSERT INTO ASISTIR VALUES(4,23);
INSERT INTO ASISTIR VALUES(4,23)
*
ERROR en línea 1:
ORA-02291: restricción de integridad (TMACRI.SYS_C004052) violada - clave principal no encontrada 


SQL> INSERT INTO ASISTIR VALUES(9,1);

1 fila creada.

SQL> INSERT INTO ASISTIR VALUES(11,15);

1 fila creada.

SQL> INSERT INTO ASISTIR VALUES(11,15);
INSERT INTO ASISTIR VALUES(11,15)
*
ERROR en línea 1:
ORA-00001: restricción única (TMACRI.SYS_C004050) violada 


SQL> INSERT INTO ASISTIR VALUES(6,19);
INSERT INTO ASISTIR VALUES(6,19)
*
ERROR en línea 1:
ORA-02291: restricción de integridad (TMACRI.SYS_C004052) violada - clave principal no encontrada 


SQL> INSERT INTO ASISTIR VALUES(15,6);
INSERT INTO ASISTIR VALUES(15,6)
*
ERROR en línea 1:
ORA-00001: restricción única (TMACRI.SYS_C004050) violada 


SQL> INSERT INTO ASISTIR VALUES(9,22);
INSERT INTO ASISTIR VALUES(9,22)
*
ERROR en línea 1:
ORA-02291: restricción de integridad (TMACRI.SYS_C004052) violada - clave principal no encontrada 


SQL> INSERT INTO ASISTIR VALUES(6,6);

1 fila creada.

SQL> INSERT INTO ASISTIR VALUES(16,20);
INSERT INTO ASISTIR VALUES(16,20)
*
ERROR en línea 1:
ORA-02291: restricción de integridad (TMACRI.SYS_C004052) violada - clave principal no encontrada 


SQL> INSERT INTO ASISTIR VALUES(11,28);
INSERT INTO ASISTIR VALUES(11,28)
*
ERROR en línea 1:
ORA-02291: restricción de integridad (TMACRI.SYS_C004052) violada - clave principal no encontrada 


SQL> INSERT INTO ASISTIR VALUES(12,3);

1 fila creada.

SQL> INSERT INTO ASISTIR VALUES(2,31);
INSERT INTO ASISTIR VALUES(2,31)
*
ERROR en línea 1:
ORA-02291: restricción de integridad (TMACRI.SYS_C004052) violada - clave principal no encontrada 


SQL> INSERT INTO ASISTIR VALUES(11,26);
INSERT INTO ASISTIR VALUES(11,26)
*
ERROR en línea 1:
ORA-02291: restricción de integridad (TMACRI.SYS_C004052) violada - clave principal no encontrada 


SQL> INSERT INTO ASISTIR VALUES(12,30);
INSERT INTO ASISTIR VALUES(12,30)
*
ERROR en línea 1:
ORA-02291: restricción de integridad (TMACRI.SYS_C004052) violada - clave principal no encontrada 


SQL> INSERT INTO ASISTIR VALUES(8,3);

1 fila creada.

SQL> INSERT INTO ASISTIR VALUES(13,1);

1 fila creada.

SQL> INSERT INTO ASISTIR VALUES(3,32);
INSERT INTO ASISTIR VALUES(3,32)
*
ERROR en línea 1:
ORA-02291: restricción de integridad (TMACRI.SYS_C004052) violada - clave principal no encontrada 


SQL> INSERT INTO ASISTIR VALUES(11,6);

1 fila creada.

SQL> INSERT INTO ASISTIR VALUES(15,20);
INSERT INTO ASISTIR VALUES(15,20)
*
ERROR en línea 1:
ORA-02291: restricción de integridad (TMACRI.SYS_C004052) violada - clave principal no encontrada 


SQL> INSERT INTO ASISTIR VALUES(10,14);

1 fila creada.

SQL> INSERT INTO ASISTIR VALUES(9,14);

1 fila creada.

SQL> INSERT INTO ASISTIR VALUES(10,12);

1 fila creada.

SQL> INSERT INTO ASISTIR VALUES(14,9);
INSERT INTO ASISTIR VALUES(14,9)
*
ERROR en línea 1:
ORA-00001: restricción única (TMACRI.SYS_C004050) violada 


SQL> INSERT INTO ASISTIR VALUES(9,4);

1 fila creada.

SQL> INSERT INTO ASISTIR VALUES(5,9);

1 fila creada.

SQL> INSERT INTO ASISTIR VALUES(15,33);
INSERT INTO ASISTIR VALUES(15,33)
*
ERROR en línea 1:
ORA-02291: restricción de integridad (TMACRI.SYS_C004052) violada - clave principal no encontrada 


SQL> INSERT INTO ASISTIR VALUES(1,13);
INSERT INTO ASISTIR VALUES(1,13)
*
ERROR en línea 1:
ORA-00001: restricción única (TMACRI.SYS_C004050) violada 


SQL> INSERT INTO ASISTIR VALUES(3,9);

1 fila creada.

SQL> INSERT INTO ASISTIR VALUES(5,29);
INSERT INTO ASISTIR VALUES(5,29)
*
ERROR en línea 1:
ORA-02291: restricción de integridad (TMACRI.SYS_C004052) violada - clave principal no encontrada 


SQL> INSERT INTO ASISTIR VALUES(6,25);
INSERT INTO ASISTIR VALUES(6,25)
*
ERROR en línea 1:
ORA-02291: restricción de integridad (TMACRI.SYS_C004052) violada - clave principal no encontrada 


SQL> INSERT INTO ASISTIR VALUES(2,19);
INSERT INTO ASISTIR VALUES(2,19)
*
ERROR en línea 1:
ORA-02291: restricción de integridad (TMACRI.SYS_C004052) violada - clave principal no encontrada 


SQL> INSERT INTO ASISTIR VALUES(1,33);
INSERT INTO ASISTIR VALUES(1,33)
*
ERROR en línea 1:
ORA-02291: restricción de integridad (TMACRI.SYS_C004052) violada - clave principal no encontrada 


SQL> INSERT INTO ASISTIR VALUES(15,6);
INSERT INTO ASISTIR VALUES(15,6)
*
ERROR en línea 1:
ORA-00001: restricción única (TMACRI.SYS_C004050) violada 


SQL> INSERT INTO ASISTIR VALUES(15,14);

1 fila creada.

SQL> INSERT INTO ASISTIR VALUES(10,7);

1 fila creada.

SQL> INSERT INTO ASISTIR VALUES(16,28);
INSERT INTO ASISTIR VALUES(16,28)
*
ERROR en línea 1:
ORA-02291: restricción de integridad (TMACRI.SYS_C004052) violada - clave principal no encontrada 


SQL> INSERT INTO ASISTIR VALUES(2,22);
INSERT INTO ASISTIR VALUES(2,22)
*
ERROR en línea 1:
ORA-02291: restricción de integridad (TMACRI.SYS_C004052) violada - clave principal no encontrada 


SQL> INSERT INTO ASISTIR VALUES(1,17);
INSERT INTO ASISTIR VALUES(1,17)
*
ERROR en línea 1:
ORA-02291: restricción de integridad (TMACRI.SYS_C004052) violada - clave principal no encontrada 


SQL> INSERT INTO ASISTIR VALUES(14,31);
INSERT INTO ASISTIR VALUES(14,31)
*
ERROR en línea 1:
ORA-02291: restricción de integridad (TMACRI.SYS_C004052) violada - clave principal no encontrada 


SQL> INSERT INTO ASISTIR VALUES(3,20);
INSERT INTO ASISTIR VALUES(3,20)
*
ERROR en línea 1:
ORA-02291: restricción de integridad (TMACRI.SYS_C004052) violada - clave principal no encontrada 


SQL> INSERT INTO ASISTIR VALUES(2,20);
INSERT INTO ASISTIR VALUES(2,20)
*
ERROR en línea 1:
ORA-02291: restricción de integridad (TMACRI.SYS_C004052) violada - clave principal no encontrada 


SQL> INSERT INTO ASISTIR VALUES(5,33);
INSERT INTO ASISTIR VALUES(5,33)
*
ERROR en línea 1:
ORA-02291: restricción de integridad (TMACRI.SYS_C004052) violada - clave principal no encontrada 


SQL> INSERT INTO ASISTIR VALUES(3,27);
INSERT INTO ASISTIR VALUES(3,27)
*
ERROR en línea 1:
ORA-02291: restricción de integridad (TMACRI.SYS_C004052) violada - clave principal no encontrada 


SQL> INSERT INTO ASISTIR VALUES(5,27);
INSERT INTO ASISTIR VALUES(5,27)
*
ERROR en línea 1:
ORA-02291: restricción de integridad (TMACRI.SYS_C004052) violada - clave principal no encontrada 


SQL> INSERT INTO ASISTIR VALUES(5,24);
INSERT INTO ASISTIR VALUES(5,24)
*
ERROR en línea 1:
ORA-02291: restricción de integridad (TMACRI.SYS_C004052) violada - clave principal no encontrada 


SQL> INSERT INTO ASISTIR VALUES(16,18);
INSERT INTO ASISTIR VALUES(16,18)
*
ERROR en línea 1:
ORA-02291: restricción de integridad (TMACRI.SYS_C004052) violada - clave principal no encontrada 


SQL> INSERT INTO ASISTIR VALUES(13,20);
INSERT INTO ASISTIR VALUES(13,20)
*
ERROR en línea 1:
ORA-02291: restricción de integridad (TMACRI.SYS_C004052) violada - clave principal no encontrada 


SQL> INSERT INTO ASISTIR VALUES(4,10);

1 fila creada.

SQL> INSERT INTO ASISTIR VALUES(13,5);

1 fila creada.

SQL> INSERT INTO ASISTIR VALUES(13,9);
INSERT INTO ASISTIR VALUES(13,9)
*
ERROR en línea 1:
ORA-00001: restricción única (TMACRI.SYS_C004050) violada 


SQL> INSERT INTO ASISTIR VALUES(13,25);
INSERT INTO ASISTIR VALUES(13,25)
*
ERROR en línea 1:
ORA-02291: restricción de integridad (TMACRI.SYS_C004052) violada - clave principal no encontrada 


SQL> INSERT INTO ASISTIR VALUES(9,3);

1 fila creada.

SQL> INSERT INTO ASISTIR VALUES(7,13);

1 fila creada.

SQL> INSERT INTO ASISTIR VALUES(11,30);
INSERT INTO ASISTIR VALUES(11,30)
*
ERROR en línea 1:
ORA-02291: restricción de integridad (TMACRI.SYS_C004052) violada - clave principal no encontrada 


SQL> INSERT INTO ASISTIR VALUES(9,25);
INSERT INTO ASISTIR VALUES(9,25)
*
ERROR en línea 1:
ORA-02291: restricción de integridad (TMACRI.SYS_C004052) violada - clave principal no encontrada 


SQL> INSERT INTO ASISTIR VALUES(12,19);
INSERT INTO ASISTIR VALUES(12,19)
*
ERROR en línea 1:
ORA-02291: restricción de integridad (TMACRI.SYS_C004052) violada - clave principal no encontrada 


SQL> INSERT INTO ASISTIR VALUES(16,5);

1 fila creada.

SQL> INSERT INTO ASISTIR VALUES(15,8);

1 fila creada.

SQL> INSERT INTO ASISTIR VALUES(2,17);
INSERT INTO ASISTIR VALUES(2,17)
*
ERROR en línea 1:
ORA-02291: restricción de integridad (TMACRI.SYS_C004052) violada - clave principal no encontrada 


SQL> INSERT INTO ASISTIR VALUES(11,4);

1 fila creada.

SQL> INSERT INTO ASISTIR VALUES(16,28);
INSERT INTO ASISTIR VALUES(16,28)
*
ERROR en línea 1:
ORA-02291: restricción de integridad (TMACRI.SYS_C004052) violada - clave principal no encontrada 


SQL> INSERT INTO ASISTIR VALUES(15,26);
INSERT INTO ASISTIR VALUES(15,26)
*
ERROR en línea 1:
ORA-02291: restricción de integridad (TMACRI.SYS_C004052) violada - clave principal no encontrada 


SQL> INSERT INTO ASISTIR VALUES(15,8);
INSERT INTO ASISTIR VALUES(15,8)
*
ERROR en línea 1:
ORA-00001: restricción única (TMACRI.SYS_C004050) violada 


SQL> INSERT INTO ASISTIR VALUES(12,29);
INSERT INTO ASISTIR VALUES(12,29)
*
ERROR en línea 1:
ORA-02291: restricción de integridad (TMACRI.SYS_C004052) violada - clave principal no encontrada 


SQL> INSERT INTO ASISTIR VALUES(13,17);
INSERT INTO ASISTIR VALUES(13,17)
*
ERROR en línea 1:
ORA-02291: restricción de integridad (TMACRI.SYS_C004052) violada - clave principal no encontrada 


SQL> INSERT INTO ASISTIR VALUES(13,8);
INSERT INTO ASISTIR VALUES(13,8)
*
ERROR en línea 1:
ORA-00001: restricción única (TMACRI.SYS_C004050) violada 


SQL> INSERT INTO ASISTIR VALUES(14,3);

1 fila creada.

SQL> INSERT INTO ASISTIR VALUES(7,25);
INSERT INTO ASISTIR VALUES(7,25)
*
ERROR en línea 1:
ORA-02291: restricción de integridad (TMACRI.SYS_C004052) violada - clave principal no encontrada 


SQL> INSERT INTO ASISTIR VALUES(5,15);
INSERT INTO ASISTIR VALUES(5,15)
*
ERROR en línea 1:
ORA-00001: restricción única (TMACRI.SYS_C004050) violada 


SQL> INSERT INTO ASISTIR VALUES(13,2);

1 fila creada.

SQL> INSERT INTO ASISTIR VALUES(13,17);
INSERT INTO ASISTIR VALUES(13,17)
*
ERROR en línea 1:
ORA-02291: restricción de integridad (TMACRI.SYS_C004052) violada - clave principal no encontrada 


SQL> INSERT INTO ASISTIR VALUES(6,7);

1 fila creada.

SQL> INSERT INTO ASISTIR VALUES(3,13);

1 fila creada.

SQL> INSERT INTO ASISTIR VALUES(12,24);
INSERT INTO ASISTIR VALUES(12,24)
*
ERROR en línea 1:
ORA-02291: restricción de integridad (TMACRI.SYS_C004052) violada - clave principal no encontrada 


SQL> INSERT INTO ASISTIR VALUES(2,24);
INSERT INTO ASISTIR VALUES(2,24)
*
ERROR en línea 1:
ORA-02291: restricción de integridad (TMACRI.SYS_C004052) violada - clave principal no encontrada 


SQL> INSERT INTO ASISTIR VALUES(7,4);
INSERT INTO ASISTIR VALUES(7,4)
*
ERROR en línea 1:
ORA-00001: restricción única (TMACRI.SYS_C004050) violada 


SQL> INSERT INTO ASISTIR VALUES(16,28);
INSERT INTO ASISTIR VALUES(16,28)
*
ERROR en línea 1:
ORA-02291: restricción de integridad (TMACRI.SYS_C004052) violada - clave principal no encontrada 


SQL> INSERT INTO ASISTIR VALUES(2,4);
INSERT INTO ASISTIR VALUES(2,4)
*
ERROR en línea 1:
ORA-00001: restricción única (TMACRI.SYS_C004050) violada 


SQL> INSERT INTO ASISTIR VALUES(6,14);

1 fila creada.

SQL> INSERT INTO ASISTIR VALUES(8,7);

1 fila creada.

SQL> INSERT INTO ASISTIR VALUES(5,5);

1 fila creada.

SQL> INSERT INTO ASISTIR VALUES(16,13);

1 fila creada.

SQL> INSERT INTO ASISTIR VALUES(16,1);
INSERT INTO ASISTIR VALUES(16,1)
*
ERROR en línea 1:
ORA-00001: restricción única (TMACRI.SYS_C004050) violada 


SQL> INSERT INTO ASISTIR VALUES(12,12);

1 fila creada.

SQL> INSERT INTO ASISTIR VALUES(9,17);
INSERT INTO ASISTIR VALUES(9,17)
*
ERROR en línea 1:
ORA-02291: restricción de integridad (TMACRI.SYS_C004052) violada - clave principal no encontrada 


SQL> INSERT INTO ASISTIR VALUES(7,22);
INSERT INTO ASISTIR VALUES(7,22)
*
ERROR en línea 1:
ORA-02291: restricción de integridad (TMACRI.SYS_C004052) violada - clave principal no encontrada 


SQL> INSERT INTO ASISTIR VALUES(12,6);
INSERT INTO ASISTIR VALUES(12,6)
*
ERROR en línea 1:
ORA-00001: restricción única (TMACRI.SYS_C004050) violada 


SQL> INSERT INTO ASISTIR VALUES(8,5);

1 fila creada.

SQL> INSERT INTO ASISTIR VALUES(9,8);

1 fila creada.

SQL> INSERT INTO ASISTIR VALUES(15,23);
INSERT INTO ASISTIR VALUES(15,23)
*
ERROR en línea 1:
ORA-02291: restricción de integridad (TMACRI.SYS_C004052) violada - clave principal no encontrada 


SQL> INSERT INTO ASISTIR VALUES(8,7);
INSERT INTO ASISTIR VALUES(8,7)
*
ERROR en línea 1:
ORA-00001: restricción única (TMACRI.SYS_C004050) violada 


SQL> INSERT INTO ASISTIR VALUES(1,25);
INSERT INTO ASISTIR VALUES(1,25)
*
ERROR en línea 1:
ORA-02291: restricción de integridad (TMACRI.SYS_C004052) violada - clave principal no encontrada 


SQL> INSERT INTO ASISTIR VALUES(1,24);
INSERT INTO ASISTIR VALUES(1,24)
*
ERROR en línea 1:
ORA-02291: restricción de integridad (TMACRI.SYS_C004052) violada - clave principal no encontrada 


SQL> INSERT INTO ASISTIR VALUES(11,28);
INSERT INTO ASISTIR VALUES(11,28)
*
ERROR en línea 1:
ORA-02291: restricción de integridad (TMACRI.SYS_C004052) violada - clave principal no encontrada 


SQL> INSERT INTO ASISTIR VALUES(5,27);
INSERT INTO ASISTIR VALUES(5,27)
*
ERROR en línea 1:
ORA-02291: restricción de integridad (TMACRI.SYS_C004052) violada - clave principal no encontrada 


SQL> INSERT INTO ASISTIR VALUES(13,1);
INSERT INTO ASISTIR VALUES(13,1)
*
ERROR en línea 1:
ORA-00001: restricción única (TMACRI.SYS_C004050) violada 


SQL> INSERT INTO ASISTIR VALUES(6,7);
INSERT INTO ASISTIR VALUES(6,7)
*
ERROR en línea 1:
ORA-00001: restricción única (TMACRI.SYS_C004050) violada 


SQL> INSERT INTO ASISTIR VALUES(2,5);

1 fila creada.

SQL> INSERT INTO ASISTIR VALUES(6,31);
INSERT INTO ASISTIR VALUES(6,31)
*
ERROR en línea 1:
ORA-02291: restricción de integridad (TMACRI.SYS_C004052) violada - clave principal no encontrada 


SQL> INSERT INTO ASISTIR VALUES(16,29);
INSERT INTO ASISTIR VALUES(16,29)
*
ERROR en línea 1:
ORA-02291: restricción de integridad (TMACRI.SYS_C004052) violada - clave principal no encontrada 


SQL> INSERT INTO ASISTIR VALUES(16,21);
INSERT INTO ASISTIR VALUES(16,21)
*
ERROR en línea 1:
ORA-02291: restricción de integridad (TMACRI.SYS_C004052) violada - clave principal no encontrada 


SQL> INSERT INTO ASISTIR VALUES(16,20);
INSERT INTO ASISTIR VALUES(16,20)
*
ERROR en línea 1:
ORA-02291: restricción de integridad (TMACRI.SYS_C004052) violada - clave principal no encontrada 


SQL> INSERT INTO ASISTIR VALUES(12,9);

1 fila creada.

SQL> INSERT INTO ASISTIR VALUES(15,18);
INSERT INTO ASISTIR VALUES(15,18)
*
ERROR en línea 1:
ORA-02291: restricción de integridad (TMACRI.SYS_C004052) violada - clave principal no encontrada 


SQL> INSERT INTO ASISTIR VALUES(15,13);

1 fila creada.

SQL> INSERT INTO ASISTIR VALUES(5,24);
INSERT INTO ASISTIR VALUES(5,24)
*
ERROR en línea 1:
ORA-02291: restricción de integridad (TMACRI.SYS_C004052) violada - clave principal no encontrada 


SQL> INSERT INTO ASISTIR VALUES(13,30);
INSERT INTO ASISTIR VALUES(13,30)
*
ERROR en línea 1:
ORA-02291: restricción de integridad (TMACRI.SYS_C004052) violada - clave principal no encontrada 


SQL> INSERT INTO ASISTIR VALUES(1,33);
INSERT INTO ASISTIR VALUES(1,33)
*
ERROR en línea 1:
ORA-02291: restricción de integridad (TMACRI.SYS_C004052) violada - clave principal no encontrada 


SQL> INSERT INTO ASISTIR VALUES(5,10);

1 fila creada.

SQL> INSERT INTO ASISTIR VALUES(1,11);

1 fila creada.

SQL> INSERT INTO ASISTIR VALUES(10,3);

1 fila creada.

SQL> INSERT INTO ASISTIR VALUES(6,22);
INSERT INTO ASISTIR VALUES(6,22)
*
ERROR en línea 1:
ORA-02291: restricción de integridad (TMACRI.SYS_C004052) violada - clave principal no encontrada 


SQL> INSERT INTO ASISTIR VALUES(5,16);
INSERT INTO ASISTIR VALUES(5,16)
*
ERROR en línea 1:
ORA-00001: restricción única (TMACRI.SYS_C004050) violada 


SQL> INSERT INTO ASISTIR VALUES(15,32);
INSERT INTO ASISTIR VALUES(15,32)
*
ERROR en línea 1:
ORA-02291: restricción de integridad (TMACRI.SYS_C004052) violada - clave principal no encontrada 


SQL> INSERT INTO ASISTIR VALUES(6,9);

1 fila creada.

SQL> INSERT INTO ASISTIR VALUES(7,14);

1 fila creada.

SQL> SELECT * FROM ASISTIR;

  ID_CLASE    N_SOCIO                                                                                                                                                                                                                                                                                                                                                                                                                                                                                               
---------- ----------                                                                                                                                                                                                                                                                                                                                                                                                                                                                                               
         1          2                                                                                                                                                                                                                                                                                                                                                                                                                                                                                               
         1          4                                                                                                                                                                                                                                                                                                                                                                                                                                                                                               
         1          9                                                                                                                                                                                                                                                                                                                                                                                                                                                                                               
         1         11                                                                                                                                                                                                                                                                                                                                                                                                                                                                                               
         1         13                                                                                                                                                                                                                                                                                                                                                                                                                                                                                               
         1         15                                                                                                                                                                                                                                                                                                                                                                                                                                                                                               
         2          2                                                                                                                                                                                                                                                                                                                                                                                                                                                                                               
         2          4                                                                                                                                                                                                                                                                                                                                                                                                                                                                                               
         2          5                                                                                                                                                                                                                                                                                                                                                                                                                                                                                               
         2         14                                                                                                                                                                                                                                                                                                                                                                                                                                                                                               
         2         16                                                                                                                                                                                                                                                                                                                                                                                                                                                                                               
         3          9                                                                                                                                                                                                                                                                                                                                                                                                                                                                                               
         3         13                                                                                                                                                                                                                                                                                                                                                                                                                                                                                               
         4          7                                                                                                                                                                                                                                                                                                                                                                                                                                                                                               
         4         10                                                                                                                                                                                                                                                                                                                                                                                                                                                                                               
         4         13                                                                                                                                                                                                                                                                                                                                                                                                                                                                                               
         5          2                                                                                                                                                                                                                                                                                                                                                                                                                                                                                               
         5          5                                                                                                                                                                                                                                                                                                                                                                                                                                                                                               
         5          9                                                                                                                                                                                                                                                                                                                                                                                                                                                                                               
         5         10                                                                                                                                                                                                                                                                                                                                                                                                                                                                                               
         5         11                                                                                                                                                                                                                                                                                                                                                                                                                                                                                               
         5         15                                                                                                                                                                                                                                                                                                                                                                                                                                                                                               
         5         16                                                                                                                                                                                                                                                                                                                                                                                                                                                                                               
         6          4                                                                                                                                                                                                                                                                                                                                                                                                                                                                                               
         6          6                                                                                                                                                                                                                                                                                                                                                                                                                                                                                               
         6          7                                                                                                                                                                                                                                                                                                                                                                                                                                                                                               
         6          9                                                                                                                                                                                                                                                                                                                                                                                                                                                                                               
         6         14                                                                                                                                                                                                                                                                                                                                                                                                                                                                                               
         7          3                                                                                                                                                                                                                                                                                                                                                                                                                                                                                               
         7          4                                                                                                                                                                                                                                                                                                                                                                                                                                                                                               
         7          9                                                                                                                                                                                                                                                                                                                                                                                                                                                                                               
         7         13                                                                                                                                                                                                                                                                                                                                                                                                                                                                                               
         7         14                                                                                                                                                                                                                                                                                                                                                                                                                                                                                               
         8          3                                                                                                                                                                                                                                                                                                                                                                                                                                                                                               
         8          4                                                                                                                                                                                                                                                                                                                                                                                                                                                                                               
         8          5                                                                                                                                                                                                                                                                                                                                                                                                                                                                                               
         8          7                                                                                                                                                                                                                                                                                                                                                                                                                                                                                               
         9          1                                                                                                                                                                                                                                                                                                                                                                                                                                                                                               
         9          3                                                                                                                                                                                                                                                                                                                                                                                                                                                                                               
         9          4                                                                                                                                                                                                                                                                                                                                                                                                                                                                                               
         9          8                                                                                                                                                                                                                                                                                                                                                                                                                                                                                               
         9          9                                                                                                                                                                                                                                                                                                                                                                                                                                                                                               
         9         14                                                                                                                                                                                                                                                                                                                                                                                                                                                                                               
         9         16                                                                                                                                                                                                                                                                                                                                                                                                                                                                                               
        10          3                                                                                                                                                                                                                                                                                                                                                                                                                                                                                               
        10          7                                                                                                                                                                                                                                                                                                                                                                                                                                                                                               
        10         12                                                                                                                                                                                                                                                                                                                                                                                                                                                                                               
        10         14                                                                                                                                                                                                                                                                                                                                                                                                                                                                                               
        11          4                                                                                                                                                                                                                                                                                                                                                                                                                                                                                               
        11          5                                                                                                                                                                                                                                                                                                                                                                                                                                                                                               
        11          6                                                                                                                                                                                                                                                                                                                                                                                                                                                                                               
        11         11                                                                                                                                                                                                                                                                                                                                                                                                                                                                                               
        11         13                                                                                                                                                                                                                                                                                                                                                                                                                                                                                               
        11         15                                                                                                                                                                                                                                                                                                                                                                                                                                                                                               
        12          3                                                                                                                                                                                                                                                                                                                                                                                                                                                                                               
        12          6                                                                                                                                                                                                                                                                                                                                                                                                                                                                                               
        12          9                                                                                                                                                                                                                                                                                                                                                                                                                                                                                               
        12         12                                                                                                                                                                                                                                                                                                                                                                                                                                                                                               
        13          1                                                                                                                                                                                                                                                                                                                                                                                                                                                                                               
        13          2                                                                                                                                                                                                                                                                                                                                                                                                                                                                                               
        13          5                                                                                                                                                                                                                                                                                                                                                                                                                                                                                               
        13          6                                                                                                                                                                                                                                                                                                                                                                                                                                                                                               
        13          8                                                                                                                                                                                                                                                                                                                                                                                                                                                                                               
        13          9                                                                                                                                                                                                                                                                                                                                                                                                                                                                                               
        13         16                                                                                                                                                                                                                                                                                                                                                                                                                                                                                               
        14          1                                                                                                                                                                                                                                                                                                                                                                                                                                                                                               
        14          3                                                                                                                                                                                                                                                                                                                                                                                                                                                                                               
        14          4                                                                                                                                                                                                                                                                                                                                                                                                                                                                                               
        14          7                                                                                                                                                                                                                                                                                                                                                                                                                                                                                               
        14          9                                                                                                                                                                                                                                                                                                                                                                                                                                                                                               
        14         11                                                                                                                                                                                                                                                                                                                                                                                                                                                                                               
        15          2                                                                                                                                                                                                                                                                                                                                                                                                                                                                                               
        15          4                                                                                                                                                                                                                                                                                                                                                                                                                                                                                               
        15          5                                                                                                                                                                                                                                                                                                                                                                                                                                                                                               
        15          6                                                                                                                                                                                                                                                                                                                                                                                                                                                                                               
        15          8                                                                                                                                                                                                                                                                                                                                                                                                                                                                                               
        15         13                                                                                                                                                                                                                                                                                                                                                                                                                                                                                               
        15         14                                                                                                                                                                                                                                                                                                                                                                                                                                                                                               
        15         15                                                                                                                                                                                                                                                                                                                                                                                                                                                                                               
        15         16                                                                                                                                                                                                                                                                                                                                                                                                                                                                                               
        16          1                                                                                                                                                                                                                                                                                                                                                                                                                                                                                               
        16          5                                                                                                                                                                                                                                                                                                                                                                                                                                                                                               
        16         13                                                                                                                                                                                                                                                                                                                                                                                                                                                                                               

83 filas seleccionadas.

SQL> SELECT * FROM PROFESOREs;

N_PROFESOR DNI       NOMBRE               APELLIDO             SEG_APELLIDO         MAIL                                                                                                 TELEFONO   CALLE                                                  NUMERO         CP   LICENCIA ESTILO       ID_POB                                                                                                                                                                                                         
---------- --------- -------------------- -------------------- -------------------- ---------------------------------------------------------------------------------------------------- ---------- -------------------------------------------------- ---------- ---------- ---------- -------- ----------                                                                                                                                                                                                         
         1 50065349J DANIEL               NAVARRO              MONTERO              dnavarro@gmail.com                                                                                   648462568  DOMINGO                                                    12      28300     656359 ZUMBA             1                                                                                                                                                                                                         
         2 67497836R MARINA               DIAZ                 HERNANDO             mdiazhernando@gmail.com                                                                              358369526  AGUILERA                                                   15      28300     682945 SPINNING          4                                                                                                                                                                                                         
         3 92373905F ANGELA               OLIVA                JIMIENEZ             aoliva@gmail.com                                                                                     629490361  SANMIGUEL                                                  32      28300     673823 ZUMBA             5                                                                                                                                                                                                         
         4 84736492H HELENA               ROMAN                PULIDO               hroman@gmail.com                                                                                     636830511  GIRASOLES                                                   2      28540     649321 ZUMBA             7                                                                                                                                                                                                         
         5 95494729K ROCIO                MOSQUERA             HERRERO              rmosquera@gmail.com                                                                                  649349364  ALTAMIRA                                                   33      28300     672294 SPINNING          8                                                                                                                                                                                                         
         6 73936305L ELENA                MONTOYA              VILLEGAS             emontoya@gmail.com                                                                                   688374953  SANTIAGO                                                   27      28300     633566 SPINNING          6                                                                                                                                                                                                         

6 filas seleccionadas.

SQL> UPDATE PROFESORES SET ESTILO = 'ZUMBA' WHERE N_PROFESOR = 2;

1 fila actualizada.

SQL> UPDATE PROFESORES SET ESTILO = 'SPINNING' WHERE N_PROFESOR = 4;

1 fila actualizada.

SQL> SELECT * FROM PROFESOREs;

N_PROFESOR DNI       NOMBRE               APELLIDO             SEG_APELLIDO         MAIL                                                                                                 TELEFONO   CALLE                                                  NUMERO         CP   LICENCIA ESTILO       ID_POB                                                                                                                                                                                                         
---------- --------- -------------------- -------------------- -------------------- ---------------------------------------------------------------------------------------------------- ---------- -------------------------------------------------- ---------- ---------- ---------- -------- ----------                                                                                                                                                                                                         
         1 50065349J DANIEL               NAVARRO              MONTERO              dnavarro@gmail.com                                                                                   648462568  DOMINGO                                                    12      28300     656359 ZUMBA             1                                                                                                                                                                                                         
         2 67497836R MARINA               DIAZ                 HERNANDO             mdiazhernando@gmail.com                                                                              358369526  AGUILERA                                                   15      28300     682945 ZUMBA             4                                                                                                                                                                                                         
         3 92373905F ANGELA               OLIVA                JIMIENEZ             aoliva@gmail.com                                                                                     629490361  SANMIGUEL                                                  32      28300     673823 ZUMBA             5                                                                                                                                                                                                         
         4 84736492H HELENA               ROMAN                PULIDO               hroman@gmail.com                                                                                     636830511  GIRASOLES                                                   2      28540     649321 SPINNING          7                                                                                                                                                                                                         
         5 95494729K ROCIO                MOSQUERA             HERRERO              rmosquera@gmail.com                                                                                  649349364  ALTAMIRA                                                   33      28300     672294 SPINNING          8                                                                                                                                                                                                         
         6 73936305L ELENA                MONTOYA              VILLEGAS             emontoya@gmail.com                                                                                   688374953  SANTIAGO                                                   27      28300     633566 SPINNING          6                                                                                                                                                                                                         

6 filas seleccionadas.

SQL> create table DAR_ZUMBA(
  2    ID_CLASE number(6),
  3    N_PROFESOR number(7),
  4    foreign key (ID_CLASE) references CLASES,
  5    foreign key (N_PROFESOR) references PROFESORES,
  6    primary key (ID_CLASE)
  7    );

Tabla creada.

SQL> 
SQL> create table DAR_SPINNING(
  2    ID_CLASE number(6),
  3    N_PROFESOR number(7),
  4    foreign key (ID_CLASE) references CLASES,
  5    foreign key (N_PROFESOR) references PROFESORES,
  6    primary key (ID_CLASE)
  7    );

Tabla creada.

SQL> update profesores set estilo = 'SPINNING';

6 filas actualizadas.

SQL> INSERT INTO PROFESORES VALUES(7,'74965085H', 'MARIA','OSUNA', 'GALISTEO', 'mosuna@gmail.com', '638648832', 'BENITO', 1, 28300, 654993, 'ZUMBA', 2);

1 fila creada.

SQL> INSERT INTO PROFESORES VALUES(8,'73964598I', 'SERGIO','NAVAS', NULL, 'snavas@gmail.com', '648340902', 'MIRASIERRA', 4, 28765, 678774, 'ZUMBA', 6);

1 fila creada.

SQL> INSERT INTO PROFESORES VALUES(9,'73965552T', 'MANUEL','GALLEGO', 'HERRERA', 'mgallego@gmail.com', '679882394', 'ATOCHA', 65, 28004, 676384, 'ZUMBA', 6);

1 fila creada.

SQL> INSERT INTO PROFESORES VALUES(10,'74934284P', 'ALEJANDRO,'ALONSO', 'ORIHUELA', 'aalonso@gmail.com', '693779843', 'VERDE', 16, 28005, 687453, 'ZUMBA', 3);
ERROR:
ORA-01756: la cadena entrecomillada no está terminada correctamente 


SQL> INSERT INTO PROFESORES VALUES(11,'73842338E', 'JULIA','MARTINEZ', 'ATIENZA', 'jatienza@gmail.com', '678343309', 'CAMPOAMOR', 35, 28004, 657789, 'ZUMBA', 5);

1 fila creada.

SQL> INSERT INTO PROFESORES VALUES(12,'73823984R', 'LUCIA','ALVAR', 'ORTEGA', 'lalvar@gmail.com', '655892302', 'FOSO', 13, 28300, 678455, 'ZUMBA', 1);

1 fila creada.

SQL> select * from profesores;

N_PROFESOR DNI       NOMBRE               APELLIDO             SEG_APELLIDO         MAIL                                                                                                 TELEFONO   CALLE                                                  NUMERO         CP   LICENCIA ESTILO       ID_POB                                                                                                                                                                                                         
---------- --------- -------------------- -------------------- -------------------- ---------------------------------------------------------------------------------------------------- ---------- -------------------------------------------------- ---------- ---------- ---------- -------- ----------                                                                                                                                                                                                         
         7 74965085H MARIA                OSUNA                GALISTEO             mosuna@gmail.com                                                                                     638648832  BENITO                                                      1      28300     654993 ZUMBA             2                                                                                                                                                                                                         
         8 73964598I SERGIO               NAVAS                                     snavas@gmail.com                                                                                     648340902  MIRASIERRA                                                  4      28765     678774 ZUMBA             6                                                                                                                                                                                                         
         9 73965552T MANUEL               GALLEGO              HERRERA              mgallego@gmail.com                                                                                   679882394  ATOCHA                                                     65      28004     676384 ZUMBA             6                                                                                                                                                                                                         
        11 73842338E JULIA                MARTINEZ             ATIENZA              jatienza@gmail.com                                                                                   678343309  CAMPOAMOR                                                  35      28004     657789 ZUMBA             5                                                                                                                                                                                                         
        12 73823984R LUCIA                ALVAR                ORTEGA               lalvar@gmail.com                                                                                     655892302  FOSO                                                       13      28300     678455 ZUMBA             1                                                                                                                                                                                                         
         1 50065349J DANIEL               NAVARRO              MONTERO              dnavarro@gmail.com                                                                                   648462568  DOMINGO                                                    12      28300     656359 SPINNING          1                                                                                                                                                                                                         
         2 67497836R MARINA               DIAZ                 HERNANDO             mdiazhernando@gmail.com                                                                              358369526  AGUILERA                                                   15      28300     682945 SPINNING          4                                                                                                                                                                                                         
         3 92373905F ANGELA               OLIVA                JIMIENEZ             aoliva@gmail.com                                                                                     629490361  SANMIGUEL                                                  32      28300     673823 SPINNING          5                                                                                                                                                                                                         
         4 84736492H HELENA               ROMAN                PULIDO               hroman@gmail.com                                                                                     636830511  GIRASOLES                                                   2      28540     649321 SPINNING          7                                                                                                                                                                                                         
         5 95494729K ROCIO                MOSQUERA             HERRERO              rmosquera@gmail.com                                                                                  649349364  ALTAMIRA                                                   33      28300     672294 SPINNING          8                                                                                                                                                                                                         
         6 73936305L ELENA                MONTOYA              VILLEGAS             emontoya@gmail.com                                                                                   688374953  SANTIAGO                                                   27      28300     633566 SPINNING          6                                                                                                                                                                                                         

11 filas seleccionadas.

SQL> select * from profesores order by n_profesor;

N_PROFESOR DNI       NOMBRE               APELLIDO             SEG_APELLIDO         MAIL                                                                                                 TELEFONO   CALLE                                                  NUMERO         CP   LICENCIA ESTILO       ID_POB                                                                                                                                                                                                         
---------- --------- -------------------- -------------------- -------------------- ---------------------------------------------------------------------------------------------------- ---------- -------------------------------------------------- ---------- ---------- ---------- -------- ----------                                                                                                                                                                                                         
         1 50065349J DANIEL               NAVARRO              MONTERO              dnavarro@gmail.com                                                                                   648462568  DOMINGO                                                    12      28300     656359 SPINNING          1                                                                                                                                                                                                         
         2 67497836R MARINA               DIAZ                 HERNANDO             mdiazhernando@gmail.com                                                                              358369526  AGUILERA                                                   15      28300     682945 SPINNING          4                                                                                                                                                                                                         
         3 92373905F ANGELA               OLIVA                JIMIENEZ             aoliva@gmail.com                                                                                     629490361  SANMIGUEL                                                  32      28300     673823 SPINNING          5                                                                                                                                                                                                         
         4 84736492H HELENA               ROMAN                PULIDO               hroman@gmail.com                                                                                     636830511  GIRASOLES                                                   2      28540     649321 SPINNING          7                                                                                                                                                                                                         
         5 95494729K ROCIO                MOSQUERA             HERRERO              rmosquera@gmail.com                                                                                  649349364  ALTAMIRA                                                   33      28300     672294 SPINNING          8                                                                                                                                                                                                         
         6 73936305L ELENA                MONTOYA              VILLEGAS             emontoya@gmail.com                                                                                   688374953  SANTIAGO                                                   27      28300     633566 SPINNING          6                                                                                                                                                                                                         
         7 74965085H MARIA                OSUNA                GALISTEO             mosuna@gmail.com                                                                                     638648832  BENITO                                                      1      28300     654993 ZUMBA             2                                                                                                                                                                                                         
         8 73964598I SERGIO               NAVAS                                     snavas@gmail.com                                                                                     648340902  MIRASIERRA                                                  4      28765     678774 ZUMBA             6                                                                                                                                                                                                         
         9 73965552T MANUEL               GALLEGO              HERRERA              mgallego@gmail.com                                                                                   679882394  ATOCHA                                                     65      28004     676384 ZUMBA             6                                                                                                                                                                                                         
        11 73842338E JULIA                MARTINEZ             ATIENZA              jatienza@gmail.com                                                                                   678343309  CAMPOAMOR                                                  35      28004     657789 ZUMBA             5                                                                                                                                                                                                         
        12 73823984R LUCIA                ALVAR                ORTEGA               lalvar@gmail.com                                                                                     655892302  FOSO                                                       13      28300     678455 ZUMBA             1                                                                                                                                                                                                         

11 filas seleccionadas.

SQL> INSERT INTO PROFESORES VALUES(10,'74934284P', 'ALEJANDRO,'ALONSO', 'ORIHUELA', 'aalonso@gmail.com', '693779843', 'VERDE', 16, 28005, 687453, 'ZUMBA', 3);
ERROR:
ORA-01756: la cadena entrecomillada no está terminada correctamente 


SQL> INSERT INTO PROFESORES VALUES(10,'74934284P', 'ALEJANDRO, 'ALONSO', 'ORIHUELA', 'aalonso@gmail.com', '693779843', 'VERDE', 16, 28005, 687453, 'ZUMBA', 3);
ERROR:
ORA-01756: la cadena entrecomillada no está terminada correctamente 


SQL> INSERT INTO PROFESORES VALUES(10,'74934284P', 'ALEJANDRO', 'ALONSO', 'ORIHUELA', 'aalonso@gmail.com', '693779843', 'VERDE', 16, 28005, 687453, 'ZUMBA', 3);

1 fila creada.

SQL> select * from profesores order by n_profesor;

N_PROFESOR DNI       NOMBRE               APELLIDO             SEG_APELLIDO         MAIL                                                                                                 TELEFONO   CALLE                                                  NUMERO         CP   LICENCIA ESTILO       ID_POB                                                                                                                                                                                                         
---------- --------- -------------------- -------------------- -------------------- ---------------------------------------------------------------------------------------------------- ---------- -------------------------------------------------- ---------- ---------- ---------- -------- ----------                                                                                                                                                                                                         
         1 50065349J DANIEL               NAVARRO              MONTERO              dnavarro@gmail.com                                                                                   648462568  DOMINGO                                                    12      28300     656359 SPINNING          1                                                                                                                                                                                                         
         2 67497836R MARINA               DIAZ                 HERNANDO             mdiazhernando@gmail.com                                                                              358369526  AGUILERA                                                   15      28300     682945 SPINNING          4                                                                                                                                                                                                         
         3 92373905F ANGELA               OLIVA                JIMIENEZ             aoliva@gmail.com                                                                                     629490361  SANMIGUEL                                                  32      28300     673823 SPINNING          5                                                                                                                                                                                                         
         4 84736492H HELENA               ROMAN                PULIDO               hroman@gmail.com                                                                                     636830511  GIRASOLES                                                   2      28540     649321 SPINNING          7                                                                                                                                                                                                         
         5 95494729K ROCIO                MOSQUERA             HERRERO              rmosquera@gmail.com                                                                                  649349364  ALTAMIRA                                                   33      28300     672294 SPINNING          8                                                                                                                                                                                                         
         6 73936305L ELENA                MONTOYA              VILLEGAS             emontoya@gmail.com                                                                                   688374953  SANTIAGO                                                   27      28300     633566 SPINNING          6                                                                                                                                                                                                         
         7 74965085H MARIA                OSUNA                GALISTEO             mosuna@gmail.com                                                                                     638648832  BENITO                                                      1      28300     654993 ZUMBA             2                                                                                                                                                                                                         
         8 73964598I SERGIO               NAVAS                                     snavas@gmail.com                                                                                     648340902  MIRASIERRA                                                  4      28765     678774 ZUMBA             6                                                                                                                                                                                                         
         9 73965552T MANUEL               GALLEGO              HERRERA              mgallego@gmail.com                                                                                   679882394  ATOCHA                                                     65      28004     676384 ZUMBA             6                                                                                                                                                                                                         
        10 74934284P ALEJANDRO            ALONSO               ORIHUELA             aalonso@gmail.com                                                                                    693779843  VERDE                                                      16      28005     687453 ZUMBA             3                                                                                                                                                                                                         
        11 73842338E JULIA                MARTINEZ             ATIENZA              jatienza@gmail.com                                                                                   678343309  CAMPOAMOR                                                  35      28004     657789 ZUMBA             5                                                                                                                                                                                                         
        12 73823984R LUCIA                ALVAR                ORTEGA               lalvar@gmail.com                                                                                     655892302  FOSO                                                       13      28300     678455 ZUMBA             1                                                                                                                                                                                                         

12 filas seleccionadas.

SQL> select * from clases;

  ID_CLASE FECHA            HORA TIPO                                                                                                                                                                                                                                                                                                                                                                                                                                                                               
---------- ---------- ---------- --------------------                                                                                                                                                                                                                                                                                                                                                                                                                                                               
         1 2021/05/17       1230 SPINNING                                                                                                                                                                                                                                                                                                                                                                                                                                                                           
         2 2021/07/09       1630 ZUMBA                                                                                                                                                                                                                                                                                                                                                                                                                                                                              
         3 2021/12/14       2230 ZUMBA                                                                                                                                                                                                                                                                                                                                                                                                                                                                              
         4 2022/03/22        930 SPINNING                                                                                                                                                                                                                                                                                                                                                                                                                                                                           
         5 2022/03/22       1130 SPINNING                                                                                                                                                                                                                                                                                                                                                                                                                                                                           
         6 2022/03/22       1330 SPINNING                                                                                                                                                                                                                                                                                                                                                                                                                                                                           
         7 2022/03/22       1530 SPINNING                                                                                                                                                                                                                                                                                                                                                                                                                                                                           
         8 2022/03/22       1730 SPINNING                                                                                                                                                                                                                                                                                                                                                                                                                                                                           
         9 2022/03/22       1930 SPINNING                                                                                                                                                                                                                                                                                                                                                                                                                                                                           
        10 2022/03/22       2130 SPINNING                                                                                                                                                                                                                                                                                                                                                                                                                                                                           
        11 2022/03/22        830 ZUMBA                                                                                                                                                                                                                                                                                                                                                                                                                                                                              
        12 2022/03/22       1030 ZUMBA                                                                                                                                                                                                                                                                                                                                                                                                                                                                              
        13 2022/03/22       1230 ZUMBA                                                                                                                                                                                                                                                                                                                                                                                                                                                                              
        14 2022/03/22       1430 ZUMBA                                                                                                                                                                                                                                                                                                                                                                                                                                                                              
        15 2022/03/22       1630 ZUMBA                                                                                                                                                                                                                                                                                                                                                                                                                                                                              
        16 2022/03/22       1830 ZUMBA                                                                                                                                                                                                                                                                                                                                                                                                                                                                              
        17 2022/03/22       2030 ZUMBA                                                                                                                                                                                                                                                                                                                                                                                                                                                                              
        18 2022/03/22       2230 ZUMBA                                                                                                                                                                                                                                                                                                                                                                                                                                                                              
        19 2022/04/24        930 ZUMBA                                                                                                                                                                                                                                                                                                                                                                                                                                                                              
        20 2022/04/24       1130 ZUMBA                                                                                                                                                                                                                                                                                                                                                                                                                                                                              
        21 2022/04/24       1330 ZUMBA                                                                                                                                                                                                                                                                                                                                                                                                                                                                              
        22 2022/04/24       1530 ZUMBA                                                                                                                                                                                                                                                                                                                                                                                                                                                                              
        23 2022/04/24       1730 ZUMBA                                                                                                                                                                                                                                                                                                                                                                                                                                                                              
        24 2022/04/24       1930 ZUMBA                                                                                                                                                                                                                                                                                                                                                                                                                                                                              
        25 2022/04/24       2130 ZUMBA                                                                                                                                                                                                                                                                                                                                                                                                                                                                              
        26 2022/04/24        830 SPINNING                                                                                                                                                                                                                                                                                                                                                                                                                                                                           
        27 2022/04/24       1030 SPINNING                                                                                                                                                                                                                                                                                                                                                                                                                                                                           
        28 2022/04/24       1230 SPINNING                                                                                                                                                                                                                                                                                                                                                                                                                                                                           
        29 2022/04/24       1430 SPINNING                                                                                                                                                                                                                                                                                                                                                                                                                                                                           
        30 2022/04/24       1630 SPINNING                                                                                                                                                                                                                                                                                                                                                                                                                                                                           
        31 2022/04/24       1830 SPINNING                                                                                                                                                                                                                                                                                                                                                                                                                                                                           
        32 2022/04/24       2030 SPINNING                                                                                                                                                                                                                                                                                                                                                                                                                                                                           
        33 2022/04/24       2230 SPINNING                                                                                                                                                                                                                                                                                                                                                                                                                                                                           

33 filas seleccionadas.

SQL> update clases set tipo = 'ZUMBA' where id_clase <= 17
  2  ;

17 filas actualizadas.

SQL> select * from clases;

  ID_CLASE FECHA            HORA TIPO                                                                                                                                                                                                                                                                                                                                                                                                                                                                               
---------- ---------- ---------- --------------------                                                                                                                                                                                                                                                                                                                                                                                                                                                               
         1 2021/05/17       1230 ZUMBA                                                                                                                                                                                                                                                                                                                                                                                                                                                                              
         2 2021/07/09       1630 ZUMBA                                                                                                                                                                                                                                                                                                                                                                                                                                                                              
         3 2021/12/14       2230 ZUMBA                                                                                                                                                                                                                                                                                                                                                                                                                                                                              
         4 2022/03/22        930 ZUMBA                                                                                                                                                                                                                                                                                                                                                                                                                                                                              
         5 2022/03/22       1130 ZUMBA                                                                                                                                                                                                                                                                                                                                                                                                                                                                              
         6 2022/03/22       1330 ZUMBA                                                                                                                                                                                                                                                                                                                                                                                                                                                                              
         7 2022/03/22       1530 ZUMBA                                                                                                                                                                                                                                                                                                                                                                                                                                                                              
         8 2022/03/22       1730 ZUMBA                                                                                                                                                                                                                                                                                                                                                                                                                                                                              
         9 2022/03/22       1930 ZUMBA                                                                                                                                                                                                                                                                                                                                                                                                                                                                              
        10 2022/03/22       2130 ZUMBA                                                                                                                                                                                                                                                                                                                                                                                                                                                                              
        11 2022/03/22        830 ZUMBA                                                                                                                                                                                                                                                                                                                                                                                                                                                                              
        12 2022/03/22       1030 ZUMBA                                                                                                                                                                                                                                                                                                                                                                                                                                                                              
        13 2022/03/22       1230 ZUMBA                                                                                                                                                                                                                                                                                                                                                                                                                                                                              
        14 2022/03/22       1430 ZUMBA                                                                                                                                                                                                                                                                                                                                                                                                                                                                              
        15 2022/03/22       1630 ZUMBA                                                                                                                                                                                                                                                                                                                                                                                                                                                                              
        16 2022/03/22       1830 ZUMBA                                                                                                                                                                                                                                                                                                                                                                                                                                                                              
        17 2022/03/22       2030 ZUMBA                                                                                                                                                                                                                                                                                                                                                                                                                                                                              
        18 2022/03/22       2230 ZUMBA                                                                                                                                                                                                                                                                                                                                                                                                                                                                              
        19 2022/04/24        930 ZUMBA                                                                                                                                                                                                                                                                                                                                                                                                                                                                              
        20 2022/04/24       1130 ZUMBA                                                                                                                                                                                                                                                                                                                                                                                                                                                                              
        21 2022/04/24       1330 ZUMBA                                                                                                                                                                                                                                                                                                                                                                                                                                                                              
        22 2022/04/24       1530 ZUMBA                                                                                                                                                                                                                                                                                                                                                                                                                                                                              
        23 2022/04/24       1730 ZUMBA                                                                                                                                                                                                                                                                                                                                                                                                                                                                              
        24 2022/04/24       1930 ZUMBA                                                                                                                                                                                                                                                                                                                                                                                                                                                                              
        25 2022/04/24       2130 ZUMBA                                                                                                                                                                                                                                                                                                                                                                                                                                                                              
        26 2022/04/24        830 SPINNING                                                                                                                                                                                                                                                                                                                                                                                                                                                                           
        27 2022/04/24       1030 SPINNING                                                                                                                                                                                                                                                                                                                                                                                                                                                                           
        28 2022/04/24       1230 SPINNING                                                                                                                                                                                                                                                                                                                                                                                                                                                                           
        29 2022/04/24       1430 SPINNING                                                                                                                                                                                                                                                                                                                                                                                                                                                                           
        30 2022/04/24       1630 SPINNING                                                                                                                                                                                                                                                                                                                                                                                                                                                                           
        31 2022/04/24       1830 SPINNING                                                                                                                                                                                                                                                                                                                                                                                                                                                                           
        32 2022/04/24       2030 SPINNING                                                                                                                                                                                                                                                                                                                                                                                                                                                                           
        33 2022/04/24       2230 SPINNING                                                                                                                                                                                                                                                                                                                                                                                                                                                                           

33 filas seleccionadas.

SQL> update clases set tipo = 'SPINNING' where id_clase > 17;

16 filas actualizadas.

SQL> select * from clases;

  ID_CLASE FECHA            HORA TIPO                                                                                                                                                                                                                                                                                                                                                                                                                                                                               
---------- ---------- ---------- --------------------                                                                                                                                                                                                                                                                                                                                                                                                                                                               
         1 2021/05/17       1230 ZUMBA                                                                                                                                                                                                                                                                                                                                                                                                                                                                              
         2 2021/07/09       1630 ZUMBA                                                                                                                                                                                                                                                                                                                                                                                                                                                                              
         3 2021/12/14       2230 ZUMBA                                                                                                                                                                                                                                                                                                                                                                                                                                                                              
         4 2022/03/22        930 ZUMBA                                                                                                                                                                                                                                                                                                                                                                                                                                                                              
         5 2022/03/22       1130 ZUMBA                                                                                                                                                                                                                                                                                                                                                                                                                                                                              
         6 2022/03/22       1330 ZUMBA                                                                                                                                                                                                                                                                                                                                                                                                                                                                              
         7 2022/03/22       1530 ZUMBA                                                                                                                                                                                                                                                                                                                                                                                                                                                                              
         8 2022/03/22       1730 ZUMBA                                                                                                                                                                                                                                                                                                                                                                                                                                                                              
         9 2022/03/22       1930 ZUMBA                                                                                                                                                                                                                                                                                                                                                                                                                                                                              
        10 2022/03/22       2130 ZUMBA                                                                                                                                                                                                                                                                                                                                                                                                                                                                              
        11 2022/03/22        830 ZUMBA                                                                                                                                                                                                                                                                                                                                                                                                                                                                              
        12 2022/03/22       1030 ZUMBA                                                                                                                                                                                                                                                                                                                                                                                                                                                                              
        13 2022/03/22       1230 ZUMBA                                                                                                                                                                                                                                                                                                                                                                                                                                                                              
        14 2022/03/22       1430 ZUMBA                                                                                                                                                                                                                                                                                                                                                                                                                                                                              
        15 2022/03/22       1630 ZUMBA                                                                                                                                                                                                                                                                                                                                                                                                                                                                              
        16 2022/03/22       1830 ZUMBA                                                                                                                                                                                                                                                                                                                                                                                                                                                                              
        17 2022/03/22       2030 ZUMBA                                                                                                                                                                                                                                                                                                                                                                                                                                                                              
        18 2022/03/22       2230 SPINNING                                                                                                                                                                                                                                                                                                                                                                                                                                                                           
        19 2022/04/24        930 SPINNING                                                                                                                                                                                                                                                                                                                                                                                                                                                                           
        20 2022/04/24       1130 SPINNING                                                                                                                                                                                                                                                                                                                                                                                                                                                                           
        21 2022/04/24       1330 SPINNING                                                                                                                                                                                                                                                                                                                                                                                                                                                                           
        22 2022/04/24       1530 SPINNING                                                                                                                                                                                                                                                                                                                                                                                                                                                                           
        23 2022/04/24       1730 SPINNING                                                                                                                                                                                                                                                                                                                                                                                                                                                                           
        24 2022/04/24       1930 SPINNING                                                                                                                                                                                                                                                                                                                                                                                                                                                                           
        25 2022/04/24       2130 SPINNING                                                                                                                                                                                                                                                                                                                                                                                                                                                                           
        26 2022/04/24        830 SPINNING                                                                                                                                                                                                                                                                                                                                                                                                                                                                           
        27 2022/04/24       1030 SPINNING                                                                                                                                                                                                                                                                                                                                                                                                                                                                           
        28 2022/04/24       1230 SPINNING                                                                                                                                                                                                                                                                                                                                                                                                                                                                           
        29 2022/04/24       1430 SPINNING                                                                                                                                                                                                                                                                                                                                                                                                                                                                           
        30 2022/04/24       1630 SPINNING                                                                                                                                                                                                                                                                                                                                                                                                                                                                           
        31 2022/04/24       1830 SPINNING                                                                                                                                                                                                                                                                                                                                                                                                                                                                           
        32 2022/04/24       2030 SPINNING                                                                                                                                                                                                                                                                                                                                                                                                                                                                           
        33 2022/04/24       2230 SPINNING                                                                                                                                                                                                                                                                                                                                                                                                                                                                           

33 filas seleccionadas.

SQL> DESC DAR_ZUMBA;
 Nombre                                                                                                                                                                                                                                                                                                ¿Nulo?   Tipo
 ----------------------------------------------------------------------------------------------------------------------------------------------------------------------------------------------------------------------------------------------------------------------------------------------------- -------- ----------------------------------------------------------------------------------------------------------------------------------------------------------------------------------------------------
 ID_CLASE                                                                                                                                                                                                                                                                                              NOT NULL NUMBER(6)
 N_PROFESOR                                                                                                                                                                                                                                                                                                     NUMBER(7)

SQL> INSERT INTO DAR_ZUMBA VALUES(11,7);

1 fila creada.

SQL> INSERT INTO DAR_ZUMBA VALUES(9,7);

1 fila creada.

SQL> INSERT INTO DAR_ZUMBA VALUES(14,8);

1 fila creada.

SQL> INSERT INTO DAR_ZUMBA VALUES(5,12);

1 fila creada.

SQL> INSERT INTO DAR_ZUMBA VALUES(1,9);

1 fila creada.

SQL> INSERT INTO DAR_ZUMBA VALUES(12,9);

1 fila creada.

SQL> INSERT INTO DAR_ZUMBA VALUES(7,7);

1 fila creada.

SQL> INSERT INTO DAR_ZUMBA VALUES(1,11);
INSERT INTO DAR_ZUMBA VALUES(1,11)
*
ERROR en línea 1:
ORA-00001: restricción única (TMACRI.SYS_C004053) violada 


SQL> INSERT INTO DAR_ZUMBA VALUES(14,11);
INSERT INTO DAR_ZUMBA VALUES(14,11)
*
ERROR en línea 1:
ORA-00001: restricción única (TMACRI.SYS_C004053) violada 


SQL> INSERT INTO DAR_ZUMBA VALUES(5,12);
INSERT INTO DAR_ZUMBA VALUES(5,12)
*
ERROR en línea 1:
ORA-00001: restricción única (TMACRI.SYS_C004053) violada 


SQL> INSERT INTO DAR_ZUMBA VALUES(1,7);
INSERT INTO DAR_ZUMBA VALUES(1,7)
*
ERROR en línea 1:
ORA-00001: restricción única (TMACRI.SYS_C004053) violada 


SQL> INSERT INTO DAR_ZUMBA VALUES(12,7);
INSERT INTO DAR_ZUMBA VALUES(12,7)
*
ERROR en línea 1:
ORA-00001: restricción única (TMACRI.SYS_C004053) violada 


SQL> INSERT INTO DAR_ZUMBA VALUES(14,7);
INSERT INTO DAR_ZUMBA VALUES(14,7)
*
ERROR en línea 1:
ORA-00001: restricción única (TMACRI.SYS_C004053) violada 


SQL> INSERT INTO DAR_ZUMBA VALUES(10,9);

1 fila creada.

SQL> INSERT INTO DAR_ZUMBA VALUES(8,9);

1 fila creada.

SQL> INSERT INTO DAR_ZUMBA VALUES(14,12);
INSERT INTO DAR_ZUMBA VALUES(14,12)
*
ERROR en línea 1:
ORA-00001: restricción única (TMACRI.SYS_C004053) violada 


SQL> INSERT INTO DAR_ZUMBA VALUES(1,8);
INSERT INTO DAR_ZUMBA VALUES(1,8)
*
ERROR en línea 1:
ORA-00001: restricción única (TMACRI.SYS_C004053) violada 


SQL> INSERT INTO DAR_ZUMBA VALUES(8,10);
INSERT INTO DAR_ZUMBA VALUES(8,10)
*
ERROR en línea 1:
ORA-00001: restricción única (TMACRI.SYS_C004053) violada 


SQL> INSERT INTO DAR_ZUMBA VALUES(9,12);
INSERT INTO DAR_ZUMBA VALUES(9,12)
*
ERROR en línea 1:
ORA-00001: restricción única (TMACRI.SYS_C004053) violada 


SQL> INSERT INTO DAR_ZUMBA VALUES(14,9);
INSERT INTO DAR_ZUMBA VALUES(14,9)
*
ERROR en línea 1:
ORA-00001: restricción única (TMACRI.SYS_C004053) violada 


SQL> INSERT INTO DAR_ZUMBA VALUES(12,10);
INSERT INTO DAR_ZUMBA VALUES(12,10)
*
ERROR en línea 1:
ORA-00001: restricción única (TMACRI.SYS_C004053) violada 


SQL> INSERT INTO DAR_ZUMBA VALUES(6,7);

1 fila creada.

SQL> INSERT INTO DAR_ZUMBA VALUES(16,7);

1 fila creada.

SQL> INSERT INTO DAR_ZUMBA VALUES(7,7);
INSERT INTO DAR_ZUMBA VALUES(7,7)
*
ERROR en línea 1:
ORA-00001: restricción única (TMACRI.SYS_C004053) violada 


SQL> INSERT INTO DAR_ZUMBA VALUES(13,8);

1 fila creada.

SQL> INSERT INTO DAR_ZUMBA VALUES(15,8);

1 fila creada.

SQL> INSERT INTO DAR_ZUMBA VALUES(1,10);
INSERT INTO DAR_ZUMBA VALUES(1,10)
*
ERROR en línea 1:
ORA-00001: restricción única (TMACRI.SYS_C004053) violada 


SQL> INSERT INTO DAR_ZUMBA VALUES(10,11);
INSERT INTO DAR_ZUMBA VALUES(10,11)
*
ERROR en línea 1:
ORA-00001: restricción única (TMACRI.SYS_C004053) violada 


SQL> INSERT INTO DAR_ZUMBA VALUES(3,10);

1 fila creada.

SQL> INSERT INTO DAR_ZUMBA VALUES(13,9);
INSERT INTO DAR_ZUMBA VALUES(13,9)
*
ERROR en línea 1:
ORA-00001: restricción única (TMACRI.SYS_C004053) violada 


SQL> INSERT INTO DAR_ZUMBA VALUES(5,7);
INSERT INTO DAR_ZUMBA VALUES(5,7)
*
ERROR en línea 1:
ORA-00001: restricción única (TMACRI.SYS_C004053) violada 


SQL> INSERT INTO DAR_ZUMBA VALUES(5,9);
INSERT INTO DAR_ZUMBA VALUES(5,9)
*
ERROR en línea 1:
ORA-00001: restricción única (TMACRI.SYS_C004053) violada 


SQL> INSERT INTO DAR_ZUMBA VALUES(15,9);
INSERT INTO DAR_ZUMBA VALUES(15,9)
*
ERROR en línea 1:
ORA-00001: restricción única (TMACRI.SYS_C004053) violada 


SQL> INSERT INTO DAR_ZUMBA VALUES(1,12);
INSERT INTO DAR_ZUMBA VALUES(1,12)
*
ERROR en línea 1:
ORA-00001: restricción única (TMACRI.SYS_C004053) violada 


SQL> INSERT INTO DAR_ZUMBA VALUES(14,12);
INSERT INTO DAR_ZUMBA VALUES(14,12)
*
ERROR en línea 1:
ORA-00001: restricción única (TMACRI.SYS_C004053) violada 


SQL> INSERT INTO DAR_ZUMBA VALUES(10,8);
INSERT INTO DAR_ZUMBA VALUES(10,8)
*
ERROR en línea 1:
ORA-00001: restricción única (TMACRI.SYS_C004053) violada 


SQL> INSERT INTO DAR_ZUMBA VALUES(6,10);
INSERT INTO DAR_ZUMBA VALUES(6,10)
*
ERROR en línea 1:
ORA-00001: restricción única (TMACRI.SYS_C004053) violada 


SQL> INSERT INTO DAR_ZUMBA VALUES(13,7);
INSERT INTO DAR_ZUMBA VALUES(13,7)
*
ERROR en línea 1:
ORA-00001: restricción única (TMACRI.SYS_C004053) violada 


SQL> INSERT INTO DAR_ZUMBA VALUES(8,8);
INSERT INTO DAR_ZUMBA VALUES(8,8)
*
ERROR en línea 1:
ORA-00001: restricción única (TMACRI.SYS_C004053) violada 


SQL> INSERT INTO DAR_ZUMBA VALUES(2,8);

1 fila creada.

SQL> INSERT INTO DAR_ZUMBA VALUES(14,8);
INSERT INTO DAR_ZUMBA VALUES(14,8)
*
ERROR en línea 1:
ORA-00001: restricción única (TMACRI.SYS_C004053) violada 


SQL> INSERT INTO DAR_ZUMBA VALUES(5,11);
INSERT INTO DAR_ZUMBA VALUES(5,11)
*
ERROR en línea 1:
ORA-00001: restricción única (TMACRI.SYS_C004053) violada 


SQL> INSERT INTO DAR_ZUMBA VALUES(1,12);
INSERT INTO DAR_ZUMBA VALUES(1,12)
*
ERROR en línea 1:
ORA-00001: restricción única (TMACRI.SYS_C004053) violada 


SQL> INSERT INTO DAR_ZUMBA VALUES(6,12);
INSERT INTO DAR_ZUMBA VALUES(6,12)
*
ERROR en línea 1:
ORA-00001: restricción única (TMACRI.SYS_C004053) violada 


SQL> INSERT INTO DAR_ZUMBA VALUES(6,9);
INSERT INTO DAR_ZUMBA VALUES(6,9)
*
ERROR en línea 1:
ORA-00001: restricción única (TMACRI.SYS_C004053) violada 


SQL> INSERT INTO DAR_ZUMBA VALUES(4,9);

1 fila creada.

SQL> INSERT INTO DAR_ZUMBA VALUES(11,9);
INSERT INTO DAR_ZUMBA VALUES(11,9)
*
ERROR en línea 1:
ORA-00001: restricción única (TMACRI.SYS_C004053) violada 


SQL> INSERT INTO DAR_ZUMBA VALUES(12,10);
INSERT INTO DAR_ZUMBA VALUES(12,10)
*
ERROR en línea 1:
ORA-00001: restricción única (TMACRI.SYS_C004053) violada 


SQL> INSERT INTO DAR_ZUMBA VALUES(1,11);
INSERT INTO DAR_ZUMBA VALUES(1,11)
*
ERROR en línea 1:
ORA-00001: restricción única (TMACRI.SYS_C004053) violada 


SQL> INSERT INTO DAR_ZUMBA VALUES(3,10);
INSERT INTO DAR_ZUMBA VALUES(3,10)
*
ERROR en línea 1:
ORA-00001: restricción única (TMACRI.SYS_C004053) violada 


SQL> INSERT INTO DAR_ZUMBA VALUES(2,8);
INSERT INTO DAR_ZUMBA VALUES(2,8)
*
ERROR en línea 1:
ORA-00001: restricción única (TMACRI.SYS_C004053) violada 


SQL> INSERT INTO DAR_ZUMBA VALUES(3,8);
INSERT INTO DAR_ZUMBA VALUES(3,8)
*
ERROR en línea 1:
ORA-00001: restricción única (TMACRI.SYS_C004053) violada 


SQL> INSERT INTO DAR_ZUMBA VALUES(14,9);
INSERT INTO DAR_ZUMBA VALUES(14,9)
*
ERROR en línea 1:
ORA-00001: restricción única (TMACRI.SYS_C004053) violada 


SQL> INSERT INTO DAR_ZUMBA VALUES(3,9);
INSERT INTO DAR_ZUMBA VALUES(3,9)
*
ERROR en línea 1:
ORA-00001: restricción única (TMACRI.SYS_C004053) violada 


SQL> INSERT INTO DAR_ZUMBA VALUES(8,11);
INSERT INTO DAR_ZUMBA VALUES(8,11)
*
ERROR en línea 1:
ORA-00001: restricción única (TMACRI.SYS_C004053) violada 


SQL> INSERT INTO DAR_ZUMBA VALUES(1,8);
INSERT INTO DAR_ZUMBA VALUES(1,8)
*
ERROR en línea 1:
ORA-00001: restricción única (TMACRI.SYS_C004053) violada 


SQL> INSERT INTO DAR_ZUMBA VALUES(5,12);
INSERT INTO DAR_ZUMBA VALUES(5,12)
*
ERROR en línea 1:
ORA-00001: restricción única (TMACRI.SYS_C004053) violada 


SQL> INSERT INTO DAR_ZUMBA VALUES(8,10);
INSERT INTO DAR_ZUMBA VALUES(8,10)
*
ERROR en línea 1:
ORA-00001: restricción única (TMACRI.SYS_C004053) violada 


SQL> INSERT INTO DAR_ZUMBA VALUES(4,7);
INSERT INTO DAR_ZUMBA VALUES(4,7)
*
ERROR en línea 1:
ORA-00001: restricción única (TMACRI.SYS_C004053) violada 


SQL> INSERT INTO DAR_ZUMBA VALUES(5,10);
INSERT INTO DAR_ZUMBA VALUES(5,10)
*
ERROR en línea 1:
ORA-00001: restricción única (TMACRI.SYS_C004053) violada 


SQL> INSERT INTO DAR_ZUMBA VALUES(3,9);
INSERT INTO DAR_ZUMBA VALUES(3,9)
*
ERROR en línea 1:
ORA-00001: restricción única (TMACRI.SYS_C004053) violada 


SQL> INSERT INTO DAR_ZUMBA VALUES(15,9);
INSERT INTO DAR_ZUMBA VALUES(15,9)
*
ERROR en línea 1:
ORA-00001: restricción única (TMACRI.SYS_C004053) violada 


SQL> INSERT INTO DAR_ZUMBA VALUES(10,12);
INSERT INTO DAR_ZUMBA VALUES(10,12)
*
ERROR en línea 1:
ORA-00001: restricción única (TMACRI.SYS_C004053) violada 


SQL> INSERT INTO DAR_ZUMBA VALUES(1,9);
INSERT INTO DAR_ZUMBA VALUES(1,9)
*
ERROR en línea 1:
ORA-00001: restricción única (TMACRI.SYS_C004053) violada 


SQL> INSERT INTO DAR_ZUMBA VALUES(7,10);
INSERT INTO DAR_ZUMBA VALUES(7,10)
*
ERROR en línea 1:
ORA-00001: restricción única (TMACRI.SYS_C004053) violada 


SQL> INSERT INTO DAR_ZUMBA VALUES(3,10);
INSERT INTO DAR_ZUMBA VALUES(3,10)
*
ERROR en línea 1:
ORA-00001: restricción única (TMACRI.SYS_C004053) violada 


SQL> INSERT INTO DAR_ZUMBA VALUES(13,9);
INSERT INTO DAR_ZUMBA VALUES(13,9)
*
ERROR en línea 1:
ORA-00001: restricción única (TMACRI.SYS_C004053) violada 


SQL> INSERT INTO DAR_ZUMBA VALUES(7,10);
INSERT INTO DAR_ZUMBA VALUES(7,10)
*
ERROR en línea 1:
ORA-00001: restricción única (TMACRI.SYS_C004053) violada 


SQL> INSERT INTO DAR_ZUMBA VALUES(14,9);
INSERT INTO DAR_ZUMBA VALUES(14,9)
*
ERROR en línea 1:
ORA-00001: restricción única (TMACRI.SYS_C004053) violada 


SQL> INSERT INTO DAR_ZUMBA VALUES(14,9);
INSERT INTO DAR_ZUMBA VALUES(14,9)
*
ERROR en línea 1:
ORA-00001: restricción única (TMACRI.SYS_C004053) violada 


SQL> INSERT INTO DAR_ZUMBA VALUES(3,12);
INSERT INTO DAR_ZUMBA VALUES(3,12)
*
ERROR en línea 1:
ORA-00001: restricción única (TMACRI.SYS_C004053) violada 


SQL> INSERT INTO DAR_ZUMBA VALUES(12,9);
INSERT INTO DAR_ZUMBA VALUES(12,9)
*
ERROR en línea 1:
ORA-00001: restricción única (TMACRI.SYS_C004053) violada 


SQL> INSERT INTO DAR_ZUMBA VALUES(9,9);
INSERT INTO DAR_ZUMBA VALUES(9,9)
*
ERROR en línea 1:
ORA-00001: restricción única (TMACRI.SYS_C004053) violada 


SQL> INSERT INTO DAR_ZUMBA VALUES(2,10);
INSERT INTO DAR_ZUMBA VALUES(2,10)
*
ERROR en línea 1:
ORA-00001: restricción única (TMACRI.SYS_C004053) violada 


SQL> INSERT INTO DAR_ZUMBA VALUES(6,10);
INSERT INTO DAR_ZUMBA VALUES(6,10)
*
ERROR en línea 1:
ORA-00001: restricción única (TMACRI.SYS_C004053) violada 


SQL> INSERT INTO DAR_ZUMBA VALUES(5,12);
INSERT INTO DAR_ZUMBA VALUES(5,12)
*
ERROR en línea 1:
ORA-00001: restricción única (TMACRI.SYS_C004053) violada 


SQL> INSERT INTO DAR_ZUMBA VALUES(10,11);
INSERT INTO DAR_ZUMBA VALUES(10,11)
*
ERROR en línea 1:
ORA-00001: restricción única (TMACRI.SYS_C004053) violada 


SQL> INSERT INTO DAR_ZUMBA VALUES(7,12);
INSERT INTO DAR_ZUMBA VALUES(7,12)
*
ERROR en línea 1:
ORA-00001: restricción única (TMACRI.SYS_C004053) violada 


SQL> INSERT INTO DAR_ZUMBA VALUES(13,12);
INSERT INTO DAR_ZUMBA VALUES(13,12)
*
ERROR en línea 1:
ORA-00001: restricción única (TMACRI.SYS_C004053) violada 


SQL> INSERT INTO DAR_ZUMBA VALUES(8,9);
INSERT INTO DAR_ZUMBA VALUES(8,9)
*
ERROR en línea 1:
ORA-00001: restricción única (TMACRI.SYS_C004053) violada 


SQL> INSERT INTO DAR_ZUMBA VALUES(12,8);
INSERT INTO DAR_ZUMBA VALUES(12,8)
*
ERROR en línea 1:
ORA-00001: restricción única (TMACRI.SYS_C004053) violada 


SQL> INSERT INTO DAR_ZUMBA VALUES(1,11);
INSERT INTO DAR_ZUMBA VALUES(1,11)
*
ERROR en línea 1:
ORA-00001: restricción única (TMACRI.SYS_C004053) violada 


SQL> INSERT INTO DAR_ZUMBA VALUES(15,11);
INSERT INTO DAR_ZUMBA VALUES(15,11)
*
ERROR en línea 1:
ORA-00001: restricción única (TMACRI.SYS_C004053) violada 


SQL> SELECT * FROM DAR_ZUMBA;

  ID_CLASE N_PROFESOR                                                                                                                                                                                                                                                                                                                                                                                                                                                                                               
---------- ----------                                                                                                                                                                                                                                                                                                                                                                                                                                                                                               
        11          7                                                                                                                                                                                                                                                                                                                                                                                                                                                                                               
         9          7                                                                                                                                                                                                                                                                                                                                                                                                                                                                                               
        14          8                                                                                                                                                                                                                                                                                                                                                                                                                                                                                               
         5         12                                                                                                                                                                                                                                                                                                                                                                                                                                                                                               
         1          9                                                                                                                                                                                                                                                                                                                                                                                                                                                                                               
        12          9                                                                                                                                                                                                                                                                                                                                                                                                                                                                                               
         7          7                                                                                                                                                                                                                                                                                                                                                                                                                                                                                               
        10          9                                                                                                                                                                                                                                                                                                                                                                                                                                                                                               
         8          9                                                                                                                                                                                                                                                                                                                                                                                                                                                                                               
         6          7                                                                                                                                                                                                                                                                                                                                                                                                                                                                                               
        16          7                                                                                                                                                                                                                                                                                                                                                                                                                                                                                               
        13          8                                                                                                                                                                                                                                                                                                                                                                                                                                                                                               
        15          8                                                                                                                                                                                                                                                                                                                                                                                                                                                                                               
         3         10                                                                                                                                                                                                                                                                                                                                                                                                                                                                                               
         2          8                                                                                                                                                                                                                                                                                                                                                                                                                                                                                               
         4          9                                                                                                                                                                                                                                                                                                                                                                                                                                                                                               

16 filas seleccionadas.

SQL> INSERT INTO DAR_SPINNING VALUES(19,4);

1 fila creada.

SQL> INSERT INTO DAR_SPINNING VALUES(23,2);

1 fila creada.

SQL> INSERT INTO DAR_SPINNING VALUES(20,4);

1 fila creada.

SQL> INSERT INTO DAR_SPINNING VALUES(32,3);

1 fila creada.

SQL> INSERT INTO DAR_SPINNING VALUES(19,1);
INSERT INTO DAR_SPINNING VALUES(19,1)
*
ERROR en línea 1:
ORA-00001: restricción única (TMACRI.SYS_C004056) violada 


SQL> INSERT INTO DAR_SPINNING VALUES(29,2);

1 fila creada.

SQL> INSERT INTO DAR_SPINNING VALUES(31,5);

1 fila creada.

SQL> INSERT INTO DAR_SPINNING VALUES(27,6);

1 fila creada.

SQL> INSERT INTO DAR_SPINNING VALUES(29,2);
INSERT INTO DAR_SPINNING VALUES(29,2)
*
ERROR en línea 1:
ORA-00001: restricción única (TMACRI.SYS_C004056) violada 


SQL> INSERT INTO DAR_SPINNING VALUES(18,3);

1 fila creada.

SQL> INSERT INTO DAR_SPINNING VALUES(26,4);

1 fila creada.

SQL> INSERT INTO DAR_SPINNING VALUES(19,1);
INSERT INTO DAR_SPINNING VALUES(19,1)
*
ERROR en línea 1:
ORA-00001: restricción única (TMACRI.SYS_C004056) violada 


SQL> INSERT INTO DAR_SPINNING VALUES(31,1);
INSERT INTO DAR_SPINNING VALUES(31,1)
*
ERROR en línea 1:
ORA-00001: restricción única (TMACRI.SYS_C004056) violada 


SQL> INSERT INTO DAR_SPINNING VALUES(25,6);

1 fila creada.

SQL> INSERT INTO DAR_SPINNING VALUES(33,4);

1 fila creada.

SQL> INSERT INTO DAR_SPINNING VALUES(23,6);
INSERT INTO DAR_SPINNING VALUES(23,6)
*
ERROR en línea 1:
ORA-00001: restricción única (TMACRI.SYS_C004056) violada 


SQL> INSERT INTO DAR_SPINNING VALUES(24,2);

1 fila creada.

SQL> INSERT INTO DAR_SPINNING VALUES(19,2);
INSERT INTO DAR_SPINNING VALUES(19,2)
*
ERROR en línea 1:
ORA-00001: restricción única (TMACRI.SYS_C004056) violada 


SQL> INSERT INTO DAR_SPINNING VALUES(28,5);

1 fila creada.

SQL> INSERT INTO DAR_SPINNING VALUES(31,1);
INSERT INTO DAR_SPINNING VALUES(31,1)
*
ERROR en línea 1:
ORA-00001: restricción única (TMACRI.SYS_C004056) violada 


SQL> INSERT INTO DAR_SPINNING VALUES(22,4);

1 fila creada.

SQL> INSERT INTO DAR_SPINNING VALUES(23,4);
INSERT INTO DAR_SPINNING VALUES(23,4)
*
ERROR en línea 1:
ORA-00001: restricción única (TMACRI.SYS_C004056) violada 


SQL> INSERT INTO DAR_SPINNING VALUES(31,1);
INSERT INTO DAR_SPINNING VALUES(31,1)
*
ERROR en línea 1:
ORA-00001: restricción única (TMACRI.SYS_C004056) violada 


SQL> INSERT INTO DAR_SPINNING VALUES(23,5);
INSERT INTO DAR_SPINNING VALUES(23,5)
*
ERROR en línea 1:
ORA-00001: restricción única (TMACRI.SYS_C004056) violada 


SQL> INSERT INTO DAR_SPINNING VALUES(27,3);
INSERT INTO DAR_SPINNING VALUES(27,3)
*
ERROR en línea 1:
ORA-00001: restricción única (TMACRI.SYS_C004056) violada 


SQL> INSERT INTO DAR_SPINNING VALUES(28,5);
INSERT INTO DAR_SPINNING VALUES(28,5)
*
ERROR en línea 1:
ORA-00001: restricción única (TMACRI.SYS_C004056) violada 


SQL> INSERT INTO DAR_SPINNING VALUES(26,2);
INSERT INTO DAR_SPINNING VALUES(26,2)
*
ERROR en línea 1:
ORA-00001: restricción única (TMACRI.SYS_C004056) violada 


SQL> INSERT INTO DAR_SPINNING VALUES(25,3);
INSERT INTO DAR_SPINNING VALUES(25,3)
*
ERROR en línea 1:
ORA-00001: restricción única (TMACRI.SYS_C004056) violada 


SQL> INSERT INTO DAR_SPINNING VALUES(29,2);
INSERT INTO DAR_SPINNING VALUES(29,2)
*
ERROR en línea 1:
ORA-00001: restricción única (TMACRI.SYS_C004056) violada 


SQL> INSERT INTO DAR_SPINNING VALUES(31,1);
INSERT INTO DAR_SPINNING VALUES(31,1)
*
ERROR en línea 1:
ORA-00001: restricción única (TMACRI.SYS_C004056) violada 


SQL> INSERT INTO DAR_SPINNING VALUES(30,6);

1 fila creada.

SQL> INSERT INTO DAR_SPINNING VALUES(30,1);
INSERT INTO DAR_SPINNING VALUES(30,1)
*
ERROR en línea 1:
ORA-00001: restricción única (TMACRI.SYS_C004056) violada 


SQL> INSERT INTO DAR_SPINNING VALUES(22,6);
INSERT INTO DAR_SPINNING VALUES(22,6)
*
ERROR en línea 1:
ORA-00001: restricción única (TMACRI.SYS_C004056) violada 


SQL> INSERT INTO DAR_SPINNING VALUES(28,3);
INSERT INTO DAR_SPINNING VALUES(28,3)
*
ERROR en línea 1:
ORA-00001: restricción única (TMACRI.SYS_C004056) violada 


SQL> INSERT INTO DAR_SPINNING VALUES(29,5);
INSERT INTO DAR_SPINNING VALUES(29,5)
*
ERROR en línea 1:
ORA-00001: restricción única (TMACRI.SYS_C004056) violada 


SQL> INSERT INTO DAR_SPINNING VALUES(23,4);
INSERT INTO DAR_SPINNING VALUES(23,4)
*
ERROR en línea 1:
ORA-00001: restricción única (TMACRI.SYS_C004056) violada 


SQL> INSERT INTO DAR_SPINNING VALUES(27,4);
INSERT INTO DAR_SPINNING VALUES(27,4)
*
ERROR en línea 1:
ORA-00001: restricción única (TMACRI.SYS_C004056) violada 


SQL> INSERT INTO DAR_SPINNING VALUES(27,5);
INSERT INTO DAR_SPINNING VALUES(27,5)
*
ERROR en línea 1:
ORA-00001: restricción única (TMACRI.SYS_C004056) violada 


SQL> INSERT INTO DAR_SPINNING VALUES(21,4);

1 fila creada.

SQL> INSERT INTO DAR_SPINNING VALUES(31,6);
INSERT INTO DAR_SPINNING VALUES(31,6)
*
ERROR en línea 1:
ORA-00001: restricción única (TMACRI.SYS_C004056) violada 


SQL> INSERT INTO DAR_SPINNING VALUES(22,6);
INSERT INTO DAR_SPINNING VALUES(22,6)
*
ERROR en línea 1:
ORA-00001: restricción única (TMACRI.SYS_C004056) violada 


SQL> INSERT INTO DAR_SPINNING VALUES(26,1);
INSERT INTO DAR_SPINNING VALUES(26,1)
*
ERROR en línea 1:
ORA-00001: restricción única (TMACRI.SYS_C004056) violada 


SQL> INSERT INTO DAR_SPINNING VALUES(24,2);
INSERT INTO DAR_SPINNING VALUES(24,2)
*
ERROR en línea 1:
ORA-00001: restricción única (TMACRI.SYS_C004056) violada 


SQL> INSERT INTO DAR_SPINNING VALUES(19,6);
INSERT INTO DAR_SPINNING VALUES(19,6)
*
ERROR en línea 1:
ORA-00001: restricción única (TMACRI.SYS_C004056) violada 


SQL> SELECT * FROM DAR_SPINNING;

  ID_CLASE N_PROFESOR                                                                                                                                                                                                                                                                                                                                                                                                                                                                                               
---------- ----------                                                                                                                                                                                                                                                                                                                                                                                                                                                                                               
        19          4                                                                                                                                                                                                                                                                                                                                                                                                                                                                                               
        23          2                                                                                                                                                                                                                                                                                                                                                                                                                                                                                               
        20          4                                                                                                                                                                                                                                                                                                                                                                                                                                                                                               
        32          3                                                                                                                                                                                                                                                                                                                                                                                                                                                                                               
        29          2                                                                                                                                                                                                                                                                                                                                                                                                                                                                                               
        31          5                                                                                                                                                                                                                                                                                                                                                                                                                                                                                               
        27          6                                                                                                                                                                                                                                                                                                                                                                                                                                                                                               
        18          3                                                                                                                                                                                                                                                                                                                                                                                                                                                                                               
        26          4                                                                                                                                                                                                                                                                                                                                                                                                                                                                                               
        25          6                                                                                                                                                                                                                                                                                                                                                                                                                                                                                               
        33          4                                                                                                                                                                                                                                                                                                                                                                                                                                                                                               
        24          2                                                                                                                                                                                                                                                                                                                                                                                                                                                                                               
        28          5                                                                                                                                                                                                                                                                                                                                                                                                                                                                                               
        22          4                                                                                                                                                                                                                                                                                                                                                                                                                                                                                               
        30          6                                                                                                                                                                                                                                                                                                                                                                                                                                                                                               
        21          4                                                                                                                                                                                                                                                                                                                                                                                                                                                                                               

16 filas seleccionadas.

SQL> SELECT * FROM DAR_SPINNING ORDER BY ID_CLASE;

  ID_CLASE N_PROFESOR                                                                                                                                                                                                                                                                                                                                                                                                                                                                                               
---------- ----------                                                                                                                                                                                                                                                                                                                                                                                                                                                                                               
        18          3                                                                                                                                                                                                                                                                                                                                                                                                                                                                                               
        19          4                                                                                                                                                                                                                                                                                                                                                                                                                                                                                               
        20          4                                                                                                                                                                                                                                                                                                                                                                                                                                                                                               
        21          4                                                                                                                                                                                                                                                                                                                                                                                                                                                                                               
        22          4                                                                                                                                                                                                                                                                                                                                                                                                                                                                                               
        23          2                                                                                                                                                                                                                                                                                                                                                                                                                                                                                               
        24          2                                                                                                                                                                                                                                                                                                                                                                                                                                                                                               
        25          6                                                                                                                                                                                                                                                                                                                                                                                                                                                                                               
        26          4                                                                                                                                                                                                                                                                                                                                                                                                                                                                                               
        27          6                                                                                                                                                                                                                                                                                                                                                                                                                                                                                               
        28          5                                                                                                                                                                                                                                                                                                                                                                                                                                                                                               
        29          2                                                                                                                                                                                                                                                                                                                                                                                                                                                                                               
        30          6                                                                                                                                                                                                                                                                                                                                                                                                                                                                                               
        31          5                                                                                                                                                                                                                                                                                                                                                                                                                                                                                               
        32          3                                                                                                                                                                                                                                                                                                                                                                                                                                                                                               
        33          4                                                                                                                                                                                                                                                                                                                                                                                                                                                                                               

16 filas seleccionadas.

SQL> SELECT * FROM DAR_ZUMBA ORDER BY ID_CLASE;

  ID_CLASE N_PROFESOR                                                                                                                                                                                                                                                                                                                                                                                                                                                                                               
---------- ----------                                                                                                                                                                                                                                                                                                                                                                                                                                                                                               
         1          9                                                                                                                                                                                                                                                                                                                                                                                                                                                                                               
         2          8                                                                                                                                                                                                                                                                                                                                                                                                                                                                                               
         3         10                                                                                                                                                                                                                                                                                                                                                                                                                                                                                               
         4          9                                                                                                                                                                                                                                                                                                                                                                                                                                                                                               
         5         12                                                                                                                                                                                                                                                                                                                                                                                                                                                                                               
         6          7                                                                                                                                                                                                                                                                                                                                                                                                                                                                                               
         7          7                                                                                                                                                                                                                                                                                                                                                                                                                                                                                               
         8          9                                                                                                                                                                                                                                                                                                                                                                                                                                                                                               
         9          7                                                                                                                                                                                                                                                                                                                                                                                                                                                                                               
        10          9                                                                                                                                                                                                                                                                                                                                                                                                                                                                                               
        11          7                                                                                                                                                                                                                                                                                                                                                                                                                                                                                               
        12          9                                                                                                                                                                                                                                                                                                                                                                                                                                                                                               
        13          8                                                                                                                                                                                                                                                                                                                                                                                                                                                                                               
        14          8                                                                                                                                                                                                                                                                                                                                                                                                                                                                                               
        15          8                                                                                                                                                                                                                                                                                                                                                                                                                                                                                               
        16          7                                                                                                                                                                                                                                                                                                                                                                                                                                                                                               

16 filas seleccionadas.

SQL> INSERT INTO DAR_ZUMBA VALUES(17, 11);

1 fila creada.

SQL> spool off
