SQL> rem 1. ¡Nos han abandonado! Eliminar a un empleado que ya no trabaja con nosotros
SQL> CREATE OR REPLACE PROCEDURE delete_empleado(
  2  num_emp NUMBER)
  3  IS
  4  BEGIN
  5  	DELETE FROM emple WHERE emp_no = num_emp;
  6  END delete_empleado;
  7  /

Procedimiento creado.

SQL> execute delete_empleado(7934);

Procedimiento PL/SQL terminado correctamente.

SQL> select * from emple;

    EMP_NO APELLIDO   OFICIO            DIR FECHA_AL    SALARIO   COMISION    DEPT_NO                                                                                                                                                                                                                                                                                                                                                                                                                                                                                                                                                                                                                                                                                                                                           
---------- ---------- ---------- ---------- -------- ---------- ---------- ----------                                                                                                                                                                                                                                                                                                                                                                                                                                                                                                                                                                                                                                                                                                                                           
      7369 SµNCHEZ    EMPLEADO         7902 17/12/80     104000                    20                                                                                                                                                                                                                                                                                                                                                                                                                                                                                                                                                                                                                                                                                                                                           
      7499 ARROYO     VENDEDOR         7698 20/02/80     208000      39000         30                                                                                                                                                                                                                                                                                                                                                                                                                                                                                                                                                                                                                                                                                                                                           
      7521 SALA       VENDEDOR         7698 22/02/81     162500      65000         30                                                                                                                                                                                                                                                                                                                                                                                                                                                                                                                                                                                                                                                                                                                                           
      7566 JIMNEZ    DIRECTOR         7839 02/04/81     386750                    20                                                                                                                                                                                                                                                                                                                                                                                                                                                                                                                                                                                                                                                                                                                                           
      7654 MARTÖN     VENDEDOR         7698 29/09/81     162500     182000         30                                                                                                                                                                                                                                                                                                                                                                                                                                                                                                                                                                                                                                                                                                                                           
      7698 NEGRO      DIRECTOR         7839 01/05/81     370500                    30                                                                                                                                                                                                                                                                                                                                                                                                                                                                                                                                                                                                                                                                                                                                           
      7782 CEREZO     DIRECTOR         7839 09/06/81     318500                    10                                                                                                                                                                                                                                                                                                                                                                                                                                                                                                                                                                                                                                                                                                                                           
      7788 GIL        ANALISTA         7566 09/11/81     390000                    20                                                                                                                                                                                                                                                                                                                                                                                                                                                                                                                                                                                                                                                                                                                                           
      7839 REY        PRESIDENTE            17/11/81      50000                    10                                                                                                                                                                                                                                                                                                                                                                                                                                                                                                                                                                                                                                                                                                                                           
      7844 TOVAR      VENDEDOR         7698 08/09/81     195000          0         30                                                                                                                                                                                                                                                                                                                                                                                                                                                                                                                                                                                                                                                                                                                                           
      7876 ALONSO     EMPLEADO         7788 23/09/81     143000                    20                                                                                                                                                                                                                                                                                                                                                                                                                                                                                                                                                                                                                                                                                                                                           
      7900 JIMENO     EMPLEADO         7698 03/12/81     123500                    30                                                                                                                                                                                                                                                                                                                                                                                                                                                                                                                                                                                                                                                                                                                                           
      7902 FERNµNDEZ  ANALISTA         7566 03/12/81     390000                    20                                                                                                                                                                                                                                                                                                                                                                                                                                                                                                                                                                                                                                                                                                                                           

13 filas seleccionadas.

SQL> rem 2. ¡Nos mudamos! Cambiar el nombre de la localidad con el numero X por el nombre Y (pasar X e Y por par metro)
SQL> CREATE OR REPLACE PROCEDURE mudar_loc(
  2  n_depart NUMBER,
  3  nueva_loc VARCHAR2)
  4  IS
  5  BEGIN
  6  	UPDATE DEPART SET LOC = nueva_loc WHERE DEPT_NO = n_depart;
  7  END mudar_loc;
  8  /

Procedimiento creado.

SQL> execute mudar_loc(40, 'BUENOS AIRES');

Procedimiento PL/SQL terminado correctamente.

SQL> SELECT * FROM DEPART;

   DEPT_NO DNOMBRE        LOC                                                                                                                                                                                                                                                                                                                                                                                                                                                                                                                                                                                                                                                                                                                                                                                                   
---------- -------------- --------------                                                                                                                                                                                                                                                                                                                                                                                                                                                                                                                                                                                                                                                                                                                                                                                        
        10 CONTABILIDAD   SEVILLA                                                                                                                                                                                                                                                                                                                                                                                                                                                                                                                                                                                                                                                                                                                                                                                               
        20 INVESTIGACIàN  MADRID                                                                                                                                                                                                                                                                                                                                                                                                                                                                                                                                                                                                                                                                                                                                                                                                
        30 VENTAS         BARCELONA                                                                                                                                                                                                                                                                                                                                                                                                                                                                                                                                                                                                                                                                                                                                                                                             
        40 PRODUCCIàN     BUENOS AIRES                                                                                                                                                                                                                                                                                                                                                                                                                                                                                                                                                                                                                                                                                                                                                                                          

SQL> 
SQL> rem 3. ¡Madrid ha tenido un gran a¤o! Darles una comision X a los empleados que trabajan en Madrid y que aún no tenga comisión (pasar X por parametro)
SQL> 
SQL> CREATE OR REPLACE PROCEDURE DAR_COMISION(valorComision number)
  2  IS
  3  BEGIN
  4  	UPDATE EMPLE SET COMISION = valorComision WHERE COMISION IS NULL AND DEPT_NO = (SELECT DEPT_NO FROM DEPART WHERE LOC='MADRID');
  5  END DAR_COMISION;
  6  /

Procedimiento creado.

SQL> execute DAR_COMISION(8888);

Procedimiento PL/SQL terminado correctamente.

SQL> SELECT * FROM EMPLE;

    EMP_NO APELLIDO   OFICIO            DIR FECHA_AL    SALARIO   COMISION    DEPT_NO                                                                                                                                                                                                                                                                                                                                                                                                                                                                                                                                                                                                                                                                                                                                           
---------- ---------- ---------- ---------- -------- ---------- ---------- ----------                                                                                                                                                                                                                                                                                                                                                                                                                                                                                                                                                                                                                                                                                                                                           
      7369 SµNCHEZ    EMPLEADO         7902 17/12/80     104000       8888         20                                                                                                                                                                                                                                                                                                                                                                                                                                                                                                                                                                                                                                                                                                                                           
      7499 ARROYO     VENDEDOR         7698 20/02/80     208000      39000         30                                                                                                                                                                                                                                                                                                                                                                                                                                                                                                                                                                                                                                                                                                                                           
      7521 SALA       VENDEDOR         7698 22/02/81     162500      65000         30                                                                                                                                                                                                                                                                                                                                                                                                                                                                                                                                                                                                                                                                                                                                           
      7566 JIMNEZ     DIRECTOR         7839 02/04/81     386750       8888         20                                                                                                                                                                                                                                                                                                                                                                                                                                                                                                                                                                                                                                                                                                                                           
      7654 MARTÖN     VENDEDOR         7698 29/09/81     162500     182000         30                                                                                                                                                                                                                                                                                                                                                                                                                                                                                                                                                                                                                                                                                                                                           
      7698 NEGRO      DIRECTOR         7839 01/05/81     370500                    30                                                                                                                                                                                                                                                                                                                                                                                                                                                                                                                                                                                                                                                                                                                                           
      7782 CEREZO     DIRECTOR         7839 09/06/81     318500                    10                                                                                                                                                                                                                                                                                                                                                                                                                                                                                                                                                                                                                                                                                                                                           
      7788 GIL        ANALISTA         7566 09/11/81     390000       8888         20                                                                                                                                                                                                                                                                                                                                                                                                                                                                                                                                                                                                                                                                                                                                           
      7839 REY        PRESIDENTE            17/11/81      50000                    10                                                                                                                                                                                                                                                                                                                                                                                                                                                                                                                                                                                                                                                                                                                                           
      7844 TOVAR      VENDEDOR         7698 08/09/81     195000          0         30                                                                                                                                                                                                                                                                                                                                                                                                                                                                                                                                                                                                                                                                                                                                           
      7876 ALONSO     EMPLEADO         7788 23/09/81     143000       8888         20                                                                                                                                                                                                                                                                                                                                                                                                                                                                                                                                                                                                                                                                                                                                           
      7900 JIMENO     EMPLEADO         7698 03/12/81     123500                    30                                                                                                                                                                                                                                                                                                                                                                                                                                                                                                                                                                                                                                                                                                                                           
      7902 FERNµNDEZ  ANALISTA         7566 03/12/81     390000       8888         20                                                                                                                                                                                                                                                                                                                                                                                                                                                                                                                                                                                                                                                                                                                                           

13 filas seleccionadas.



SQL> SPOOL OFF
