SQL> SET SERVEROUTPUT ON;
SQL> BEGIN
  2  dbms_output.put_line('hola');
  3  END;
  4  /
hola                                                                            

Procedimiento PL/SQL terminado correctamente.

SQL> 
SQL> rem 2.- Cuenta el n?mero de filas que hay en la tabla emple, deposita el resultado en la variable v_num, y visualiza su contenido.
SQL> 
SQL> DECLARE
  2  V_NUM NUMBER;
  3  BEGIN
  4  SELECT COUNT(*)
  5  INTO V_NUM
  6  FROM EMPLE;
  7  dbms_output.put_line(V_NUM);
  8  END;
  9  /
14                                                                              

Procedimiento PL/SQL terminado correctamente.

SQL> REM 2 BIEN
SQL> 
SQL> REM 3.- poner del 1 al 10 por pantalla
SQL> 
SQL> DECLARE
  2  NUM NUMBER;
  3  BEGIN
  4  FOR NUM IN 1..10
  5  LOOP
  6  dbms_output.put_line (num);
  7  END LOOP;
  8  END;
  9  /
1                                                                               
2                                                                               
3                                                                               
4                                                                               
5                                                                               
6                                                                               
7                                                                               
8                                                                               
9                                                                               
10                                                                              

Procedimiento PL/SQL terminado correctamente.

SQL> REM 3 BIEN
SQL> 
SQL> DECLARE
  2  NUM NUMBER;
  3  BEGIN
  4  FOR NUM IN 10..1
  5  LOOP
  6  dbms_output.put_line (num);
  7  END LOOP;
  8  END;
  9  /

Procedimiento PL/SQL terminado correctamente.

SQL> DECLARE
  2  NUM NUMBER;
  3  BEGIN
  4  FOR NUM IN REVERSE 1..10
  5  LOOP
  6  dbms_output.put_line (num);
  7  END LOOP;
  8  END;
  9  /
10                                                                              
9                                                                               
8                                                                               
7                                                                               
6                                                                               
5                                                                               
4                                                                               
3                                                                               
2                                                                               
1                                                                               

Procedimiento PL/SQL terminado correctamente.

SQL> REM 4 BIEN
SQL> spool off
