SQL> REM 9.- Dada la tabla LIBRERIA, visualizar por cada estante la suma de los ejemplares.
SQL> 
SQL> 
SQL> desc libreria
 Nombre                                    ¿Nulo?   Tipo
 ----------------------------------------- -------- ----------------------------
 TEMA                                      NOT NULL CHAR(15)
 ESTANTE                                            CHAR(1)
 EJEMPLARES                                         NUMBER(2)
 CIUDAD                                             VARCHAR2(20)

SQL> select * from libreria
  2  ,
  3  emple;

TEMA            E EJEMPLARES CIUDAD                   EMP_NO APELLIDO           
--------------- - ---------- -------------------- ---------- ----------         
OFICIO            DIR FECHA_AL    SALARIO   COMISION    DEPT_NO                 
---------- ---------- -------- ---------- ---------- ----------                 
Inform tica     A         15 Madrid                     7369 SµNCHEZ            
EMPLEADO         7902 17/12/80     104000                    20                 
                                                                                
Inform tica     A         15 Madrid                     7499 ARROYO             
VENDEDOR         7698 20/02/80     208000      39000         30                 
                                                                                
Inform tica     A         15 Madrid                     7521 SALA               
VENDEDOR         7698 22/02/81     162500      65000         30                 
                                                                                

TEMA            E EJEMPLARES CIUDAD                   EMP_NO APELLIDO           
--------------- - ---------- -------------------- ---------- ----------         
OFICIO            DIR FECHA_AL    SALARIO   COMISION    DEPT_NO                 
---------- ---------- -------- ---------- ---------- ----------                 
Inform tica     A         15 Madrid                     7566 JIMÔNEZ            
DIRECTOR         7839 02/04/81     386750                    20                 
                                                                                
Inform tica     A         15 Madrid                     7654 MARTÖN             
VENDEDOR         7698 29/09/81     162500     182000         30                 
                                                                                
Inform tica     A         15 Madrid                     7698 NEGRO              
DIRECTOR         7839 01/05/81     370500                    30                 
                                                                                

TEMA            E EJEMPLARES CIUDAD                   EMP_NO APELLIDO           
--------------- - ---------- -------------------- ---------- ----------         
OFICIO            DIR FECHA_AL    SALARIO   COMISION    DEPT_NO                 
---------- ---------- -------- ---------- ---------- ----------                 
Inform tica     A         15 Madrid                     7782 CEREZO             
DIRECTOR         7839 09/06/81     318500                    10                 
                                                                                
Inform tica     A         15 Madrid                     7788 GIL                
ANALISTA         7566 09/11/81     390000                    20                 
                                                                                
Inform tica     A         15 Madrid                     7839 REY                
PRESIDENTE            17/11/81      50000                    10                 
                                                                                

TEMA            E EJEMPLARES CIUDAD                   EMP_NO APELLIDO           
--------------- - ---------- -------------------- ---------- ----------         
OFICIO            DIR FECHA_AL    SALARIO   COMISION    DEPT_NO                 
---------- ---------- -------- ---------- ---------- ----------                 
Inform tica     A         15 Madrid                     7844 TOVAR              
VENDEDOR         7698 08/09/81     195000          0         30                 
                                                                                
Inform tica     A         15 Madrid                     7876 ALONSO             
EMPLEADO         7788 23/09/81     143000                    20                 
                                                                                
Inform tica     A         15 Madrid                     7900 JIMENO             
EMPLEADO         7698 03/12/81     123500                    30                 
                                                                                

TEMA            E EJEMPLARES CIUDAD                   EMP_NO APELLIDO           
--------------- - ---------- -------------------- ---------- ----------         
OFICIO            DIR FECHA_AL    SALARIO   COMISION    DEPT_NO                 
---------- ---------- -------- ---------- ---------- ----------                 
Inform tica     A         15 Madrid                     7902 FERNµNDEZ          
ANALISTA         7566 03/12/81     390000                    20                 
                                                                                
Inform tica     A         15 Madrid                     7934 MU¥OZ              
EMPLEADO         7782 23/01/82     169000                    10                 
                                                                                
Econom¡a        A         10 Cuenca                     7369 SµNCHEZ            
EMPLEADO         7902 17/12/80     104000                    20                 
                                                                                

TEMA            E EJEMPLARES CIUDAD                   EMP_NO APELLIDO           
--------------- - ---------- -------------------- ---------- ----------         
OFICIO            DIR FECHA_AL    SALARIO   COMISION    DEPT_NO                 
---------- ---------- -------- ---------- ---------- ----------                 
Econom¡a        A         10 Cuenca                     7499 ARROYO             
VENDEDOR         7698 20/02/80     208000      39000         30                 
                                                                                
Econom¡a        A         10 Cuenca                     7521 SALA               
VENDEDOR         7698 22/02/81     162500      65000         30                 
                                                                                
Econom¡a        A         10 Cuenca                     7566 JIMÔNEZ            
DIRECTOR         7839 02/04/81     386750                    20                 
                                                                                

TEMA            E EJEMPLARES CIUDAD                   EMP_NO APELLIDO           
--------------- - ---------- -------------------- ---------- ----------         
OFICIO            DIR FECHA_AL    SALARIO   COMISION    DEPT_NO                 
---------- ---------- -------- ---------- ---------- ----------                 
Econom¡a        A         10 Cuenca                     7654 MARTÖN             
VENDEDOR         7698 29/09/81     162500     182000         30                 
                                                                                
Econom¡a        A         10 Cuenca                     7698 NEGRO              
DIRECTOR         7839 01/05/81     370500                    30                 
                                                                                
Econom¡a        A         10 Cuenca                     7782 CEREZO             
DIRECTOR         7839 09/06/81     318500                    10                 
                                                                                

TEMA            E EJEMPLARES CIUDAD                   EMP_NO APELLIDO           
--------------- - ---------- -------------------- ---------- ----------         
OFICIO            DIR FECHA_AL    SALARIO   COMISION    DEPT_NO                 
---------- ---------- -------- ---------- ---------- ----------                 
Econom¡a        A         10 Cuenca                     7788 GIL                
ANALISTA         7566 09/11/81     390000                    20                 
                                                                                
Econom¡a        A         10 Cuenca                     7839 REY                
PRESIDENTE            17/11/81      50000                    10                 
                                                                                
Econom¡a        A         10 Cuenca                     7844 TOVAR              
VENDEDOR         7698 08/09/81     195000          0         30                 
                                                                                

TEMA            E EJEMPLARES CIUDAD                   EMP_NO APELLIDO           
--------------- - ---------- -------------------- ---------- ----------         
OFICIO            DIR FECHA_AL    SALARIO   COMISION    DEPT_NO                 
---------- ---------- -------- ---------- ---------- ----------                 
Econom¡a        A         10 Cuenca                     7876 ALONSO             
EMPLEADO         7788 23/09/81     143000                    20                 
                                                                                
Econom¡a        A         10 Cuenca                     7900 JIMENO             
EMPLEADO         7698 03/12/81     123500                    30                 
                                                                                
Econom¡a        A         10 Cuenca                     7902 FERNµNDEZ          
ANALISTA         7566 03/12/81     390000                    20                 
                                                                                

TEMA            E EJEMPLARES CIUDAD                   EMP_NO APELLIDO           
--------------- - ---------- -------------------- ---------- ----------         
OFICIO            DIR FECHA_AL    SALARIO   COMISION    DEPT_NO                 
---------- ---------- -------- ---------- ---------- ----------                 
Econom¡a        A         10 Cuenca                     7934 MU¥OZ              
EMPLEADO         7782 23/01/82     169000                    10                 
                                                                                
Deportes        B          8 Cuenca                     7369 SµNCHEZ            
EMPLEADO         7902 17/12/80     104000                    20                 
                                                                                
Deportes        B          8 Cuenca                     7499 ARROYO             
VENDEDOR         7698 20/02/80     208000      39000         30                 
                                                                                

TEMA            E EJEMPLARES CIUDAD                   EMP_NO APELLIDO           
--------------- - ---------- -------------------- ---------- ----------         
OFICIO            DIR FECHA_AL    SALARIO   COMISION    DEPT_NO                 
---------- ---------- -------- ---------- ---------- ----------                 
Deportes        B          8 Cuenca                     7521 SALA               
VENDEDOR         7698 22/02/81     162500      65000         30                 
                                                                                
Deportes        B          8 Cuenca                     7566 JIMÔNEZ            
DIRECTOR         7839 02/04/81     386750                    20                 
                                                                                
Deportes        B          8 Cuenca                     7654 MARTÖN             
VENDEDOR         7698 29/09/81     162500     182000         30                 
                                                                                

TEMA            E EJEMPLARES CIUDAD                   EMP_NO APELLIDO           
--------------- - ---------- -------------------- ---------- ----------         
OFICIO            DIR FECHA_AL    SALARIO   COMISION    DEPT_NO                 
---------- ---------- -------- ---------- ---------- ----------                 
Deportes        B          8 Cuenca                     7698 NEGRO              
DIRECTOR         7839 01/05/81     370500                    30                 
                                                                                
Deportes        B          8 Cuenca                     7782 CEREZO             
DIRECTOR         7839 09/06/81     318500                    10                 
                                                                                
Deportes        B          8 Cuenca                     7788 GIL                
ANALISTA         7566 09/11/81     390000                    20                 
                                                                                

TEMA            E EJEMPLARES CIUDAD                   EMP_NO APELLIDO           
--------------- - ---------- -------------------- ---------- ----------         
OFICIO            DIR FECHA_AL    SALARIO   COMISION    DEPT_NO                 
---------- ---------- -------- ---------- ---------- ----------                 
Deportes        B          8 Cuenca                     7839 REY                
PRESIDENTE            17/11/81      50000                    10                 
                                                                                
Deportes        B          8 Cuenca                     7844 TOVAR              
VENDEDOR         7698 08/09/81     195000          0         30                 
                                                                                
Deportes        B          8 Cuenca                     7876 ALONSO             
EMPLEADO         7788 23/09/81     143000                    20                 
                                                                                

TEMA            E EJEMPLARES CIUDAD                   EMP_NO APELLIDO           
--------------- - ---------- -------------------- ---------- ----------         
OFICIO            DIR FECHA_AL    SALARIO   COMISION    DEPT_NO                 
---------- ---------- -------- ---------- ---------- ----------                 
Deportes        B          8 Cuenca                     7900 JIMENO             
EMPLEADO         7698 03/12/81     123500                    30                 
                                                                                
Deportes        B          8 Cuenca                     7902 FERNµNDEZ          
ANALISTA         7566 03/12/81     390000                    20                 
                                                                                
Deportes        B          8 Cuenca                     7934 MU¥OZ              
EMPLEADO         7782 23/01/82     169000                    10                 
                                                                                

TEMA            E EJEMPLARES CIUDAD                   EMP_NO APELLIDO           
--------------- - ---------- -------------------- ---------- ----------         
OFICIO            DIR FECHA_AL    SALARIO   COMISION    DEPT_NO                 
---------- ---------- -------- ---------- ---------- ----------                 
Filosof¡a       C          7 Madrid                     7369 SµNCHEZ            
EMPLEADO         7902 17/12/80     104000                    20                 
                                                                                
Filosof¡a       C          7 Madrid                     7499 ARROYO             
VENDEDOR         7698 20/02/80     208000      39000         30                 
                                                                                
Filosof¡a       C          7 Madrid                     7521 SALA               
VENDEDOR         7698 22/02/81     162500      65000         30                 
                                                                                

TEMA            E EJEMPLARES CIUDAD                   EMP_NO APELLIDO           
--------------- - ---------- -------------------- ---------- ----------         
OFICIO            DIR FECHA_AL    SALARIO   COMISION    DEPT_NO                 
---------- ---------- -------- ---------- ---------- ----------                 
Filosof¡a       C          7 Madrid                     7566 JIMÔNEZ            
DIRECTOR         7839 02/04/81     386750                    20                 
                                                                                
Filosof¡a       C          7 Madrid                     7654 MARTÖN             
VENDEDOR         7698 29/09/81     162500     182000         30                 
                                                                                
Filosof¡a       C          7 Madrid                     7698 NEGRO              
DIRECTOR         7839 01/05/81     370500                    30                 
                                                                                

TEMA            E EJEMPLARES CIUDAD                   EMP_NO APELLIDO           
--------------- - ---------- -------------------- ---------- ----------         
OFICIO            DIR FECHA_AL    SALARIO   COMISION    DEPT_NO                 
---------- ---------- -------- ---------- ---------- ----------                 
Filosof¡a       C          7 Madrid                     7782 CEREZO             
DIRECTOR         7839 09/06/81     318500                    10                 
                                                                                
Filosof¡a       C          7 Madrid                     7788 GIL                
ANALISTA         7566 09/11/81     390000                    20                 
                                                                                
Filosof¡a       C          7 Madrid                     7839 REY                
PRESIDENTE            17/11/81      50000                    10                 
                                                                                

TEMA            E EJEMPLARES CIUDAD                   EMP_NO APELLIDO           
--------------- - ---------- -------------------- ---------- ----------         
OFICIO            DIR FECHA_AL    SALARIO   COMISION    DEPT_NO                 
---------- ---------- -------- ---------- ---------- ----------                 
Filosof¡a       C          7 Madrid                     7844 TOVAR              
VENDEDOR         7698 08/09/81     195000          0         30                 
                                                                                
Filosof¡a       C          7 Madrid                     7876 ALONSO             
EMPLEADO         7788 23/09/81     143000                    20                 
                                                                                
Filosof¡a       C          7 Madrid                     7900 JIMENO             
EMPLEADO         7698 03/12/81     123500                    30                 
                                                                                

TEMA            E EJEMPLARES CIUDAD                   EMP_NO APELLIDO           
--------------- - ---------- -------------------- ---------- ----------         
OFICIO            DIR FECHA_AL    SALARIO   COMISION    DEPT_NO                 
---------- ---------- -------- ---------- ---------- ----------                 
Filosof¡a       C          7 Madrid                     7902 FERNµNDEZ          
ANALISTA         7566 03/12/81     390000                    20                 
                                                                                
Filosof¡a       C          7 Madrid                     7934 MU¥OZ              
EMPLEADO         7782 23/01/82     169000                    10                 
                                                                                
Dibujo          C         10 Barcelona                  7369 SµNCHEZ            
EMPLEADO         7902 17/12/80     104000                    20                 
                                                                                

TEMA            E EJEMPLARES CIUDAD                   EMP_NO APELLIDO           
--------------- - ---------- -------------------- ---------- ----------         
OFICIO            DIR FECHA_AL    SALARIO   COMISION    DEPT_NO                 
---------- ---------- -------- ---------- ---------- ----------                 
Dibujo          C         10 Barcelona                  7499 ARROYO             
VENDEDOR         7698 20/02/80     208000      39000         30                 
                                                                                
Dibujo          C         10 Barcelona                  7521 SALA               
VENDEDOR         7698 22/02/81     162500      65000         30                 
                                                                                
Dibujo          C         10 Barcelona                  7566 JIMÔNEZ            
DIRECTOR         7839 02/04/81     386750                    20                 
                                                                                

TEMA            E EJEMPLARES CIUDAD                   EMP_NO APELLIDO           
--------------- - ---------- -------------------- ---------- ----------         
OFICIO            DIR FECHA_AL    SALARIO   COMISION    DEPT_NO                 
---------- ---------- -------- ---------- ---------- ----------                 
Dibujo          C         10 Barcelona                  7654 MARTÖN             
VENDEDOR         7698 29/09/81     162500     182000         30                 
                                                                                
Dibujo          C         10 Barcelona                  7698 NEGRO              
DIRECTOR         7839 01/05/81     370500                    30                 
                                                                                
Dibujo          C         10 Barcelona                  7782 CEREZO             
DIRECTOR         7839 09/06/81     318500                    10                 
                                                                                

TEMA            E EJEMPLARES CIUDAD                   EMP_NO APELLIDO           
--------------- - ---------- -------------------- ---------- ----------         
OFICIO            DIR FECHA_AL    SALARIO   COMISION    DEPT_NO                 
---------- ---------- -------- ---------- ---------- ----------                 
Dibujo          C         10 Barcelona                  7788 GIL                
ANALISTA         7566 09/11/81     390000                    20                 
                                                                                
Dibujo          C         10 Barcelona                  7839 REY                
PRESIDENTE            17/11/81      50000                    10                 
                                                                                
Dibujo          C         10 Barcelona                  7844 TOVAR              
VENDEDOR         7698 08/09/81     195000          0         30                 
                                                                                

TEMA            E EJEMPLARES CIUDAD                   EMP_NO APELLIDO           
--------------- - ---------- -------------------- ---------- ----------         
OFICIO            DIR FECHA_AL    SALARIO   COMISION    DEPT_NO                 
---------- ---------- -------- ---------- ---------- ----------                 
Dibujo          C         10 Barcelona                  7876 ALONSO             
EMPLEADO         7788 23/09/81     143000                    20                 
                                                                                
Dibujo          C         10 Barcelona                  7900 JIMENO             
EMPLEADO         7698 03/12/81     123500                    30                 
                                                                                
Dibujo          C         10 Barcelona                  7902 FERNµNDEZ          
ANALISTA         7566 03/12/81     390000                    20                 
                                                                                

TEMA            E EJEMPLARES CIUDAD                   EMP_NO APELLIDO           
--------------- - ---------- -------------------- ---------- ----------         
OFICIO            DIR FECHA_AL    SALARIO   COMISION    DEPT_NO                 
---------- ---------- -------- ---------- ---------- ----------                 
Dibujo          C         10 Barcelona                  7934 MU¥OZ              
EMPLEADO         7782 23/01/82     169000                    10                 
                                                                                
Medicina        C         16 Cuenca                     7369 SµNCHEZ            
EMPLEADO         7902 17/12/80     104000                    20                 
                                                                                
Medicina        C         16 Cuenca                     7499 ARROYO             
VENDEDOR         7698 20/02/80     208000      39000         30                 
                                                                                

TEMA            E EJEMPLARES CIUDAD                   EMP_NO APELLIDO           
--------------- - ---------- -------------------- ---------- ----------         
OFICIO            DIR FECHA_AL    SALARIO   COMISION    DEPT_NO                 
---------- ---------- -------- ---------- ---------- ----------                 
Medicina        C         16 Cuenca                     7521 SALA               
VENDEDOR         7698 22/02/81     162500      65000         30                 
                                                                                
Medicina        C         16 Cuenca                     7566 JIMÔNEZ            
DIRECTOR         7839 02/04/81     386750                    20                 
                                                                                
Medicina        C         16 Cuenca                     7654 MARTÖN             
VENDEDOR         7698 29/09/81     162500     182000         30                 
                                                                                

TEMA            E EJEMPLARES CIUDAD                   EMP_NO APELLIDO           
--------------- - ---------- -------------------- ---------- ----------         
OFICIO            DIR FECHA_AL    SALARIO   COMISION    DEPT_NO                 
---------- ---------- -------- ---------- ---------- ----------                 
Medicina        C         16 Cuenca                     7698 NEGRO              
DIRECTOR         7839 01/05/81     370500                    30                 
                                                                                
Medicina        C         16 Cuenca                     7782 CEREZO             
DIRECTOR         7839 09/06/81     318500                    10                 
                                                                                
Medicina        C         16 Cuenca                     7788 GIL                
ANALISTA         7566 09/11/81     390000                    20                 
                                                                                

TEMA            E EJEMPLARES CIUDAD                   EMP_NO APELLIDO           
--------------- - ---------- -------------------- ---------- ----------         
OFICIO            DIR FECHA_AL    SALARIO   COMISION    DEPT_NO                 
---------- ---------- -------- ---------- ---------- ----------                 
Medicina        C         16 Cuenca                     7839 REY                
PRESIDENTE            17/11/81      50000                    10                 
                                                                                
Medicina        C         16 Cuenca                     7844 TOVAR              
VENDEDOR         7698 08/09/81     195000          0         30                 
                                                                                
Medicina        C         16 Cuenca                     7876 ALONSO             
EMPLEADO         7788 23/09/81     143000                    20                 
                                                                                

TEMA            E EJEMPLARES CIUDAD                   EMP_NO APELLIDO           
--------------- - ---------- -------------------- ---------- ----------         
OFICIO            DIR FECHA_AL    SALARIO   COMISION    DEPT_NO                 
---------- ---------- -------- ---------- ---------- ----------                 
Medicina        C         16 Cuenca                     7900 JIMENO             
EMPLEADO         7698 03/12/81     123500                    30                 
                                                                                
Medicina        C         16 Cuenca                     7902 FERNµNDEZ          
ANALISTA         7566 03/12/81     390000                    20                 
                                                                                
Medicina        C         16 Cuenca                     7934 MU¥OZ              
EMPLEADO         7782 23/01/82     169000                    10                 
                                                                                

TEMA            E EJEMPLARES CIUDAD                   EMP_NO APELLIDO           
--------------- - ---------- -------------------- ---------- ----------         
OFICIO            DIR FECHA_AL    SALARIO   COMISION    DEPT_NO                 
---------- ---------- -------- ---------- ---------- ----------                 
Biolog¡a        A         11 Cuenca                     7369 SµNCHEZ            
EMPLEADO         7902 17/12/80     104000                    20                 
                                                                                
Biolog¡a        A         11 Cuenca                     7499 ARROYO             
VENDEDOR         7698 20/02/80     208000      39000         30                 
                                                                                
Biolog¡a        A         11 Cuenca                     7521 SALA               
VENDEDOR         7698 22/02/81     162500      65000         30                 
                                                                                

TEMA            E EJEMPLARES CIUDAD                   EMP_NO APELLIDO           
--------------- - ---------- -------------------- ---------- ----------         
OFICIO            DIR FECHA_AL    SALARIO   COMISION    DEPT_NO                 
---------- ---------- -------- ---------- ---------- ----------                 
Biolog¡a        A         11 Cuenca                     7566 JIMÔNEZ            
DIRECTOR         7839 02/04/81     386750                    20                 
                                                                                
Biolog¡a        A         11 Cuenca                     7654 MARTÖN             
VENDEDOR         7698 29/09/81     162500     182000         30                 
                                                                                
Biolog¡a        A         11 Cuenca                     7698 NEGRO              
DIRECTOR         7839 01/05/81     370500                    30                 
                                                                                

TEMA            E EJEMPLARES CIUDAD                   EMP_NO APELLIDO           
--------------- - ---------- -------------------- ---------- ----------         
OFICIO            DIR FECHA_AL    SALARIO   COMISION    DEPT_NO                 
---------- ---------- -------- ---------- ---------- ----------                 
Biolog¡a        A         11 Cuenca                     7782 CEREZO             
DIRECTOR         7839 09/06/81     318500                    10                 
                                                                                
Biolog¡a        A         11 Cuenca                     7788 GIL                
ANALISTA         7566 09/11/81     390000                    20                 
                                                                                
Biolog¡a        A         11 Cuenca                     7839 REY                
PRESIDENTE            17/11/81      50000                    10                 
                                                                                

TEMA            E EJEMPLARES CIUDAD                   EMP_NO APELLIDO           
--------------- - ---------- -------------------- ---------- ----------         
OFICIO            DIR FECHA_AL    SALARIO   COMISION    DEPT_NO                 
---------- ---------- -------- ---------- ---------- ----------                 
Biolog¡a        A         11 Cuenca                     7844 TOVAR              
VENDEDOR         7698 08/09/81     195000          0         30                 
                                                                                
Biolog¡a        A         11 Cuenca                     7876 ALONSO             
EMPLEADO         7788 23/09/81     143000                    20                 
                                                                                
Biolog¡a        A         11 Cuenca                     7900 JIMENO             
EMPLEADO         7698 03/12/81     123500                    30                 
                                                                                

TEMA            E EJEMPLARES CIUDAD                   EMP_NO APELLIDO           
--------------- - ---------- -------------------- ---------- ----------         
OFICIO            DIR FECHA_AL    SALARIO   COMISION    DEPT_NO                 
---------- ---------- -------- ---------- ---------- ----------                 
Biolog¡a        A         11 Cuenca                     7902 FERNµNDEZ          
ANALISTA         7566 03/12/81     390000                    20                 
                                                                                
Biolog¡a        A         11 Cuenca                     7934 MU¥OZ              
EMPLEADO         7782 23/01/82     169000                    10                 
                                                                                
Geolog¡a        D          7 Cuenca                     7369 SµNCHEZ            
EMPLEADO         7902 17/12/80     104000                    20                 
                                                                                

TEMA            E EJEMPLARES CIUDAD                   EMP_NO APELLIDO           
--------------- - ---------- -------------------- ---------- ----------         
OFICIO            DIR FECHA_AL    SALARIO   COMISION    DEPT_NO                 
---------- ---------- -------- ---------- ---------- ----------                 
Geolog¡a        D          7 Cuenca                     7499 ARROYO             
VENDEDOR         7698 20/02/80     208000      39000         30                 
                                                                                
Geolog¡a        D          7 Cuenca                     7521 SALA               
VENDEDOR         7698 22/02/81     162500      65000         30                 
                                                                                
Geolog¡a        D          7 Cuenca                     7566 JIMÔNEZ            
DIRECTOR         7839 02/04/81     386750                    20                 
                                                                                

TEMA            E EJEMPLARES CIUDAD                   EMP_NO APELLIDO           
--------------- - ---------- -------------------- ---------- ----------         
OFICIO            DIR FECHA_AL    SALARIO   COMISION    DEPT_NO                 
---------- ---------- -------- ---------- ---------- ----------                 
Geolog¡a        D          7 Cuenca                     7654 MARTÖN             
VENDEDOR         7698 29/09/81     162500     182000         30                 
                                                                                
Geolog¡a        D          7 Cuenca                     7698 NEGRO              
DIRECTOR         7839 01/05/81     370500                    30                 
                                                                                
Geolog¡a        D          7 Cuenca                     7782 CEREZO             
DIRECTOR         7839 09/06/81     318500                    10                 
                                                                                

TEMA            E EJEMPLARES CIUDAD                   EMP_NO APELLIDO           
--------------- - ---------- -------------------- ---------- ----------         
OFICIO            DIR FECHA_AL    SALARIO   COMISION    DEPT_NO                 
---------- ---------- -------- ---------- ---------- ----------                 
Geolog¡a        D          7 Cuenca                     7788 GIL                
ANALISTA         7566 09/11/81     390000                    20                 
                                                                                
Geolog¡a        D          7 Cuenca                     7839 REY                
PRESIDENTE            17/11/81      50000                    10                 
                                                                                
Geolog¡a        D          7 Cuenca                     7844 TOVAR              
VENDEDOR         7698 08/09/81     195000          0         30                 
                                                                                

TEMA            E EJEMPLARES CIUDAD                   EMP_NO APELLIDO           
--------------- - ---------- -------------------- ---------- ----------         
OFICIO            DIR FECHA_AL    SALARIO   COMISION    DEPT_NO                 
---------- ---------- -------- ---------- ---------- ----------                 
Geolog¡a        D          7 Cuenca                     7876 ALONSO             
EMPLEADO         7788 23/09/81     143000                    20                 
                                                                                
Geolog¡a        D          7 Cuenca                     7900 JIMENO             
EMPLEADO         7698 03/12/81     123500                    30                 
                                                                                
Geolog¡a        D          7 Cuenca                     7902 FERNµNDEZ          
ANALISTA         7566 03/12/81     390000                    20                 
                                                                                

TEMA            E EJEMPLARES CIUDAD                   EMP_NO APELLIDO           
--------------- - ---------- -------------------- ---------- ----------         
OFICIO            DIR FECHA_AL    SALARIO   COMISION    DEPT_NO                 
---------- ---------- -------- ---------- ---------- ----------                 
Geolog¡a        D          7 Cuenca                     7934 MU¥OZ              
EMPLEADO         7782 23/01/82     169000                    10                 
                                                                                
Sociedad        D          9 Madrid                     7369 SµNCHEZ            
EMPLEADO         7902 17/12/80     104000                    20                 
                                                                                
Sociedad        D          9 Madrid                     7499 ARROYO             
VENDEDOR         7698 20/02/80     208000      39000         30                 
                                                                                

TEMA            E EJEMPLARES CIUDAD                   EMP_NO APELLIDO           
--------------- - ---------- -------------------- ---------- ----------         
OFICIO            DIR FECHA_AL    SALARIO   COMISION    DEPT_NO                 
---------- ---------- -------- ---------- ---------- ----------                 
Sociedad        D          9 Madrid                     7521 SALA               
VENDEDOR         7698 22/02/81     162500      65000         30                 
                                                                                
Sociedad        D          9 Madrid                     7566 JIMÔNEZ            
DIRECTOR         7839 02/04/81     386750                    20                 
                                                                                
Sociedad        D          9 Madrid                     7654 MARTÖN             
VENDEDOR         7698 29/09/81     162500     182000         30                 
                                                                                

TEMA            E EJEMPLARES CIUDAD                   EMP_NO APELLIDO           
--------------- - ---------- -------------------- ---------- ----------         
OFICIO            DIR FECHA_AL    SALARIO   COMISION    DEPT_NO                 
---------- ---------- -------- ---------- ---------- ----------                 
Sociedad        D          9 Madrid                     7698 NEGRO              
DIRECTOR         7839 01/05/81     370500                    30                 
                                                                                
Sociedad        D          9 Madrid                     7782 CEREZO             
DIRECTOR         7839 09/06/81     318500                    10                 
                                                                                
Sociedad        D          9 Madrid                     7788 GIL                
ANALISTA         7566 09/11/81     390000                    20                 
                                                                                

TEMA            E EJEMPLARES CIUDAD                   EMP_NO APELLIDO           
--------------- - ---------- -------------------- ---------- ----------         
OFICIO            DIR FECHA_AL    SALARIO   COMISION    DEPT_NO                 
---------- ---------- -------- ---------- ---------- ----------                 
Sociedad        D          9 Madrid                     7839 REY                
PRESIDENTE            17/11/81      50000                    10                 
                                                                                
Sociedad        D          9 Madrid                     7844 TOVAR              
VENDEDOR         7698 08/09/81     195000          0         30                 
                                                                                
Sociedad        D          9 Madrid                     7876 ALONSO             
EMPLEADO         7788 23/09/81     143000                    20                 
                                                                                

TEMA            E EJEMPLARES CIUDAD                   EMP_NO APELLIDO           
--------------- - ---------- -------------------- ---------- ----------         
OFICIO            DIR FECHA_AL    SALARIO   COMISION    DEPT_NO                 
---------- ---------- -------- ---------- ---------- ----------                 
Sociedad        D          9 Madrid                     7900 JIMENO             
EMPLEADO         7698 03/12/81     123500                    30                 
                                                                                
Sociedad        D          9 Madrid                     7902 FERNµNDEZ          
ANALISTA         7566 03/12/81     390000                    20                 
                                                                                
Sociedad        D          9 Madrid                     7934 MU¥OZ              
EMPLEADO         7782 23/01/82     169000                    10                 
                                                                                

TEMA            E EJEMPLARES CIUDAD                   EMP_NO APELLIDO           
--------------- - ---------- -------------------- ---------- ----------         
OFICIO            DIR FECHA_AL    SALARIO   COMISION    DEPT_NO                 
---------- ---------- -------- ---------- ---------- ----------                 
Labores         B         20 Cuenca                     7369 SµNCHEZ            
EMPLEADO         7902 17/12/80     104000                    20                 
                                                                                
Labores         B         20 Cuenca                     7499 ARROYO             
VENDEDOR         7698 20/02/80     208000      39000         30                 
                                                                                
Labores         B         20 Cuenca                     7521 SALA               
VENDEDOR         7698 22/02/81     162500      65000         30                 
                                                                                

TEMA            E EJEMPLARES CIUDAD                   EMP_NO APELLIDO           
--------------- - ---------- -------------------- ---------- ----------         
OFICIO            DIR FECHA_AL    SALARIO   COMISION    DEPT_NO                 
---------- ---------- -------- ---------- ---------- ----------                 
Labores         B         20 Cuenca                     7566 JIMÔNEZ            
DIRECTOR         7839 02/04/81     386750                    20                 
                                                                                
Labores         B         20 Cuenca                     7654 MARTÖN             
VENDEDOR         7698 29/09/81     162500     182000         30                 
                                                                                
Labores         B         20 Cuenca                     7698 NEGRO              
DIRECTOR         7839 01/05/81     370500                    30                 
                                                                                

TEMA            E EJEMPLARES CIUDAD                   EMP_NO APELLIDO           
--------------- - ---------- -------------------- ---------- ----------         
OFICIO            DIR FECHA_AL    SALARIO   COMISION    DEPT_NO                 
---------- ---------- -------- ---------- ---------- ----------                 
Labores         B         20 Cuenca                     7782 CEREZO             
DIRECTOR         7839 09/06/81     318500                    10                 
                                                                                
Labores         B         20 Cuenca                     7788 GIL                
ANALISTA         7566 09/11/81     390000                    20                 
                                                                                
Labores         B         20 Cuenca                     7839 REY                
PRESIDENTE            17/11/81      50000                    10                 
                                                                                

TEMA            E EJEMPLARES CIUDAD                   EMP_NO APELLIDO           
--------------- - ---------- -------------------- ---------- ----------         
OFICIO            DIR FECHA_AL    SALARIO   COMISION    DEPT_NO                 
---------- ---------- -------- ---------- ---------- ----------                 
Labores         B         20 Cuenca                     7844 TOVAR              
VENDEDOR         7698 08/09/81     195000          0         30                 
                                                                                
Labores         B         20 Cuenca                     7876 ALONSO             
EMPLEADO         7788 23/09/81     143000                    20                 
                                                                                
Labores         B         20 Cuenca                     7900 JIMENO             
EMPLEADO         7698 03/12/81     123500                    30                 
                                                                                

TEMA            E EJEMPLARES CIUDAD                   EMP_NO APELLIDO           
--------------- - ---------- -------------------- ---------- ----------         
OFICIO            DIR FECHA_AL    SALARIO   COMISION    DEPT_NO                 
---------- ---------- -------- ---------- ---------- ----------                 
Labores         B         20 Cuenca                     7902 FERNµNDEZ          
ANALISTA         7566 03/12/81     390000                    20                 
                                                                                
Labores         B         20 Cuenca                     7934 MU¥OZ              
EMPLEADO         7782 23/01/82     169000                    10                 
                                                                                
Jardiner¡a      E          6 Barcelona                  7369 SµNCHEZ            
EMPLEADO         7902 17/12/80     104000                    20                 
                                                                                

TEMA            E EJEMPLARES CIUDAD                   EMP_NO APELLIDO           
--------------- - ---------- -------------------- ---------- ----------         
OFICIO            DIR FECHA_AL    SALARIO   COMISION    DEPT_NO                 
---------- ---------- -------- ---------- ---------- ----------                 
Jardiner¡a      E          6 Barcelona                  7499 ARROYO             
VENDEDOR         7698 20/02/80     208000      39000         30                 
                                                                                
Jardiner¡a      E          6 Barcelona                  7521 SALA               
VENDEDOR         7698 22/02/81     162500      65000         30                 
                                                                                
Jardiner¡a      E          6 Barcelona                  7566 JIMÔNEZ            
DIRECTOR         7839 02/04/81     386750                    20                 
                                                                                

TEMA            E EJEMPLARES CIUDAD                   EMP_NO APELLIDO           
--------------- - ---------- -------------------- ---------- ----------         
OFICIO            DIR FECHA_AL    SALARIO   COMISION    DEPT_NO                 
---------- ---------- -------- ---------- ---------- ----------                 
Jardiner¡a      E          6 Barcelona                  7654 MARTÖN             
VENDEDOR         7698 29/09/81     162500     182000         30                 
                                                                                
Jardiner¡a      E          6 Barcelona                  7698 NEGRO              
DIRECTOR         7839 01/05/81     370500                    30                 
                                                                                
Jardiner¡a      E          6 Barcelona                  7782 CEREZO             
DIRECTOR         7839 09/06/81     318500                    10                 
                                                                                

TEMA            E EJEMPLARES CIUDAD                   EMP_NO APELLIDO           
--------------- - ---------- -------------------- ---------- ----------         
OFICIO            DIR FECHA_AL    SALARIO   COMISION    DEPT_NO                 
---------- ---------- -------- ---------- ---------- ----------                 
Jardiner¡a      E          6 Barcelona                  7788 GIL                
ANALISTA         7566 09/11/81     390000                    20                 
                                                                                
Jardiner¡a      E          6 Barcelona                  7839 REY                
PRESIDENTE            17/11/81      50000                    10                 
                                                                                
Jardiner¡a      E          6 Barcelona                  7844 TOVAR              
VENDEDOR         7698 08/09/81     195000          0         30                 
                                                                                

TEMA            E EJEMPLARES CIUDAD                   EMP_NO APELLIDO           
--------------- - ---------- -------------------- ---------- ----------         
OFICIO            DIR FECHA_AL    SALARIO   COMISION    DEPT_NO                 
---------- ---------- -------- ---------- ---------- ----------                 
Jardiner¡a      E          6 Barcelona                  7876 ALONSO             
EMPLEADO         7788 23/09/81     143000                    20                 
                                                                                
Jardiner¡a      E          6 Barcelona                  7900 JIMENO             
EMPLEADO         7698 03/12/81     123500                    30                 
                                                                                
Jardiner¡a      E          6 Barcelona                  7902 FERNµNDEZ          
ANALISTA         7566 03/12/81     390000                    20                 
                                                                                

TEMA            E EJEMPLARES CIUDAD                   EMP_NO APELLIDO           
--------------- - ---------- -------------------- ---------- ----------         
OFICIO            DIR FECHA_AL    SALARIO   COMISION    DEPT_NO                 
---------- ---------- -------- ---------- ---------- ----------                 
Jardiner¡a      E          6 Barcelona                  7934 MU¥OZ              
EMPLEADO         7782 23/01/82     169000                    10                 
                                                                                

154 filas seleccionadas.

SQL> linesize 1500
SP2-0734: inicio "linesize 1..." de comando desconocido - resto de la línea ignorado.
SQL> set linesize 500
SQL> set pagesize 500
SQL> select * from libreria;

TEMA            E EJEMPLARES CIUDAD                                                                                                                                                                                                                                                                                                                                                                                                                                                                                 
--------------- - ---------- --------------------                                                                                                                                                                                                                                                                                                                                                                                                                                                                   
Inform tica     A         15 Madrid                                                                                                                                                                                                                                                                                                                                                                                                                                                                                 
Econom¡a        A         10 Cuenca                                                                                                                                                                                                                                                                                                                                                                                                                                                                                 
Deportes        B          8 Cuenca                                                                                                                                                                                                                                                                                                                                                                                                                                                                                 
Filosof¡a       C          7 Madrid                                                                                                                                                                                                                                                                                                                                                                                                                                                                                 
Dibujo          C         10 Barcelona                                                                                                                                                                                                                                                                                                                                                                                                                                                                              
Medicina        C         16 Cuenca                                                                                                                                                                                                                                                                                                                                                                                                                                                                                 
Biolog¡a        A         11 Cuenca                                                                                                                                                                                                                                                                                                                                                                                                                                                                                 
Geolog¡a        D          7 Cuenca                                                                                                                                                                                                                                                                                                                                                                                                                                                                                 
Sociedad        D          9 Madrid                                                                                                                                                                                                                                                                                                                                                                                                                                                                                 
Labores         B         20 Cuenca                                                                                                                                                                                                                                                                                                                                                                                                                                                                                 
Jardiner¡a      E          6 Barcelona                                                                                                                                                                                                                                                                                                                                                                                                                                                                              

11 filas seleccionadas.

SQL> REM 9.- Dada la tabla LIBRERIA, visualizar por cada estante la suma de los ejemplares.
SQL> 
SQL> desc libreria
 Nombre                                                                                                                                                                                                                                                                                                ¿Nulo?   Tipo
 ----------------------------------------------------------------------------------------------------------------------------------------------------------------------------------------------------------------------------------------------------------------------------------------------------- -------- ----------------------------------------------------------------------------------------------------------------------------------------------------------------------------------------------------
 TEMA                                                                                                                                                                                                                                                                                                  NOT NULL CHAR(15)
 ESTANTE                                                                                                                                                                                                                                                                                                        CHAR(1)
 EJEMPLARES                                                                                                                                                                                                                                                                                                     NUMBER(2)
 CIUDAD                                                                                                                                                                                                                                                                                                         VARCHAR2(20)

SQL> select sum(ejemplares), estante from libreria group by estante;

SUM(EJEMPLARES) E                                                                                                                                                                                                                                                                                                                                                                                                                                                                                                   
--------------- -                                                                                                                                                                                                                                                                                                                                                                                                                                                                                                   
             16 D                                                                                                                                                                                                                                                                                                                                                                                                                                                                                                   
             36 A                                                                                                                                                                                                                                                                                                                                                                                                                                                                                                   
             28 B                                                                                                                                                                                                                                                                                                                                                                                                                                                                                                   
             33 C                                                                                                                                                                                                                                                                                                                                                                                                                                                                                                   
              6 E                                                                                                                                                                                                                                                                                                                                                                                                                                                                                                   

SQL> select sum(ejemplares) SUMA, estante from libreria group by estante;

      SUMA E                                                                                                                                                                                                                                                                                                                                                                                                                                                                                                        
---------- -                                                                                                                                                                                                                                                                                                                                                                                                                                                                                                        
        16 D                                                                                                                                                                                                                                                                                                                                                                                                                                                                                                        
        36 A                                                                                                                                                                                                                                                                                                                                                                                                                                                                                                        
        28 B                                                                                                                                                                                                                                                                                                                                                                                                                                                                                                        
        33 C                                                                                                                                                                                                                                                                                                                                                                                                                                                                                                        
         6 E                                                                                                                                                                                                                                                                                                                                                                                                                                                                                                        

SQL> select sum(ejemplares) SUMA, estante from libreria group by estante;

      SUMA E                                                                                                                                                                                                                                                                                                                                                                                                                                                                                                        
---------- -                                                                                                                                                                                                                                                                                                                                                                                                                                                                                                        
        16 D                                                                                                                                                                                                                                                                                                                                                                                                                                                                                                        
        36 A                                                                                                                                                                                                                                                                                                                                                                                                                                                                                                        
        28 B                                                                                                                                                                                                                                                                                                                                                                                                                                                                                                        
        33 C                                                                                                                                                                                                                                                                                                                                                                                                                                                                                                        
         6 E                                                                                                                                                                                                                                                                                                                                                                                                                                                                                                        

SQL> select sum(ejemplares) SUMA, estante from libreria group by estante order by ;
select sum(ejemplares) SUMA, estante from libreria group by estante order by 
                                                                            *
ERROR en línea 1:
ORA-00936: falta una expresión 


SQL> select sum(ejemplares) SUMA, estante from libreria group by estante order by estante;

      SUMA E                                                                                                                                                                                                                                                                                                                                                                                                                                                                                                        
---------- -                                                                                                                                                                                                                                                                                                                                                                                                                                                                                                        
        36 A                                                                                                                                                                                                                                                                                                                                                                                                                                                                                                        
        28 B                                                                                                                                                                                                                                                                                                                                                                                                                                                                                                        
        33 C                                                                                                                                                                                                                                                                                                                                                                                                                                                                                                        
        16 D                                                                                                                                                                                                                                                                                                                                                                                                                                                                                                        
         6 E                                                                                                                                                                                                                                                                                                                                                                                                                                                                                                        

SQL> select sum(ejemplares) SUMA, estante from libreria group by estante order by suma;

      SUMA E                                                                                                                                                                                                                                                                                                                                                                                                                                                                                                        
---------- -                                                                                                                                                                                                                                                                                                                                                                                                                                                                                                        
         6 E                                                                                                                                                                                                                                                                                                                                                                                                                                                                                                        
        16 D                                                                                                                                                                                                                                                                                                                                                                                                                                                                                                        
        28 B                                                                                                                                                                                                                                                                                                                                                                                                                                                                                                        
        33 C                                                                                                                                                                                                                                                                                                                                                                                                                                                                                                        
        36 A                                                                                                                                                                                                                                                                                                                                                                                                                                                                                                        

SQL> rem c) Numero de poliza e importe de poliza de las vendidas este a¤o por los vendedores cuyo jefe es Pablo Collado
SQL> rem ejercicios en papel 1.c
SQL> 
SQL> select * from * where *=* ;
select * from * where *=* 
              *
ERROR en línea 1:
ORA-00903: nombre de tabla no válido 


SQL> select npoliza, importe from poliza pol, empleado-jefe, empleado, vendedor where pol.n_vendedor = vendedor.n_vendedor and vendedor.dni=empleado-jefe.dni and empleado-jefe.dniJefe = empleado.dni and nombreEmpleado ='Pablo Collado';
select npoliza, importe from poliza pol, empleado-jefe, empleado, vendedor where pol.n_vendedor = vendedor.n_vendedor and vendedor.dni=empleado-jefe.dni and empleado-jefe.dniJefe = empleado.dni and nombreEmpleado ='Pablo Collado'
                                                 *
ERROR en línea 1:
ORA-00933: comando SQL no terminado correctamente 


SQL> rem select npoliza, importe from poliza pol, empleado-jefe, empleado, vendedor where pol.n_vendedor = vendedor.n_vendedor and vendedor.dni=empleado-jefe.dni and empleado-jefe.dniJefe = empleado.dni and nombreEmpleado ='Pablo Collado';
SQL> 
SQL> 
SQL> rem 2.a a)  Nombre de los edificios, en los que el departamento de "Contabilidad" tiene m s de 5 despachos asignados.
SQL> 
SQL> rem select edificio.nombre,departamento-edificio.n_despachos from edificio, departamento-edificio where departamento-edificio.NombreDepartamento = 'CONTABILIDAD' and n_despachos > 5 and edificio.IdEdificio = departamento-edificio.IdEdificio;
SQL> 
SQL> 
SQL> rem 2.b b) Nombre de los departamentos y n£mero de despachos de cada uno que estn ubicados en el edificio "La Campana".
SQL> 
SQL> select departamento-edificio.NombreEdificio, departamento-edificio.n_despachos from departamento-edificio, edificio where edificio.nombre='La Campana' and edificio.IdEdificio = departamento.edificio.IdEdificio;
select departamento-edificio.NombreEdificio, departamento-edificio.n_despachos from departamento-edificio, edificio where edificio.nombre='La Campana' and edificio.IdEdificio = departamento.edificio.IdEdificio
                                                                                                *
ERROR en línea 1:
ORA-00933: comando SQL no terminado correctamente 


SQL> rem select departamento-edificio.NombreEdificio, departamento-edificio.n_despachos from departamento-edificio, edificio where edificio.nombre='La Campana' and edificio.IdEdificio = departamento.edificio.IdEdificio;
SQL> rem aaaaaaaaaaaaaaaaaaaaaaaaaaaaaaaaaaaaaaaaaaaaaaaaaaaaaaaaaaaaaaaaaaaaaaaaaaaaaaaaaaaaaaaaaaaaaaaaaaaaaaaaaaaaaaaaaaaaaaaaaaaaaaaaaaaaaaaaaaaaaaaaaaaaaaaaaaaaaaaaaaaaaaaaaaaaaaaaaaaaaaaaaaaaaaaaaaaaaaaaaaaaaaaaaaaaaaaaaaaaaaaaaaaaaaaaaaaaaaaaaaaaaaaaaaaaaaaaaaaaaaaaaaaaaaaaaaaaaaaaaaaaaaaaaaaaaaaaaaaaaaaaaaaaaaaaaaaaaaaaaaaaaaaaaaaaaaaaaaaaaaaaaaaaaaaaaaaaaaaaaaaaaaaaaaaaaaaaaaaaaaaaaaaaaaaaaaaaaaaaaaaaaaaaaaaaaaaaaaaaaaaaaaaaaaaaaaaaaaaaaaaaaaaaaaaaaaaaaaaaaaaaaaaaaaaaaaaaaaaaaaaaaaaaaaaaaaaaaaaaaaaaaaaaaaaaaaaaaaaaaaaaaaaaaaaaaaaaaaaaaaaaaaaaaaaaaaaaaaaaaaaaaaaaaaaaaaaaaaaaaaaaaaaaaaaaaaaaaaaaaaaaaaaaaaaaaaaaaaaaaaaaaaaaaaaaaaaaaaaaaaaaaaaaaaaaaaaaaaaaaaaaaaaaaaaaaaaaaaaaaaaaaaaaaaaaaaaaaaaaaaaaaaaaaaaaaaaaaaaaaaaaaaaaaaaaaaaaaaaaaaaaaaaaaaaaaaaaaaaaaaaaaaaaaaaaaaaaaaaaaaaaaaaaaaaaaaaaaaaaaaaaaaaaaaaaaaaaaaaaaaaaaaaaaaaaaaaaaaaaaaaaaaaaaaaaaaaaaaaaaaaaaaaaaaaaaaaaaaaaaaaaaaaaaaaaaaaaaaaaaaaaaaaaaaaaaaaaaaaaaaaaaaaaaaaaaaaaaaaaaaaaaaaaaaaaaaaaaaaaaaaaaaaaaaaaaaaaaaaaaaaaaaaaaaaaaaaaaaaaaaaaaaaaaaaaaaaaaaaaaaaaaaaaaaaaaaaaaaaaaaaaaaaaaaaaaaaaaaaaaaaaaaaaaaaaaaaaaaaaaaaaaaaaaaaaaaaaaaaaaaaaaaaaaaaaaaaaaaaaaaaaaaaaaaaaaaaaaaaaaaaaaaaaaaaaaaaaaaaaaaaaaaaaaaaaaaaaaaaaaaaaaaaaaaaaaaaaaaaaaaaaaaaaaaaaaaaaaaaaaaaaaaaaaaaaaaaaaaaaaaaaaaaaaaaaaaaaaaaaaaaaaaaaaaaaaaaaaaaaaaaaaaaaaaaaaaaaaaaaaaaaaaaaaaaaaaaaaaaaaaaaaaaaaaaaaaaaaaaaaaaaaaaaaaaaaaaaaaaaaaaaaaaaaaaaaaaaaaaaaaaaaaaaaaaaaaaaaaaaaaaaaaaaaaaaaaaaaaaaaaaaaaaaaaaaaaaaaaaaaaaaaaaaaaaaaaaaaaaaaaaaaaaaaaaaaaaaaaaaaaaaaaaaaaaaaaaaaaaaaaaaaaaaaaaaaaaaaaaaaaaaaaaaaaaaaaaaaaaaaaaaaaaaaaaaaaaaaaaaaaaaaaaaaaaaaaaaaaaaaaaaaaaaaaaaaaaaaaaaaaaaaaaaaaaaaaaaaaaaaaaaaaaaaaaaaaaaaaaaaaaaaaaaaaaaaaaaaaaaaaaaaaaaaaaaaaaa  aa  aa
SQL> spool off
