SQL> rem ejercicios sencillos sql1
SQL> rem ejercicios sencillos sql1
SQL> rem ejercicios sencillos sql1
SQL> rem ejercicios sencillos sql1
SQL> rem ejercicios sencillos sql1
SQL> rem ejercicios sencillos sql1
SQL> 
SQL> 
SQL> rem  Mostrar todos los datos de todas las personas.
SQL> 
SQL> select * from personas
  2  ;

COD_HOSPITAL        DNI APELLIDOS                                          FUNCION                           SALARIO LOCALIDAD                        
------------ ---------- -------------------------------------------------- ------------------------------ ---------- --------------------             
           1   12345678 Garc¡a Hern ndez, Eladio                           CONSERJE                             1200 LORCA                            
           1   87654321 Fuentes Bermejo, Carlos                            DIRECTOR                             2000 MURCIA                           
           2   55544433 Gonz lez Mar¡n, Alicia                             CONSERJE                             1200 MURCIA                           
           1   66655544 Castillo Montes, Pedro                             MEDICO                               1700 MURCIA                           
           2   22233322 Trist n Garc¡a, Ana                                MEDICO                               1900 MURCIA                           
           3   55544411 Ruiz Hern ndez, Caridad                            MEDICO                               1900 LORCA                            
           3   99988333 Serrano D¡az, Alejandro                            DIRECTOR                             2400 CARTAGENA                        
           4   33222111 Mesa del Castillo, Juan                            MEDICO                               2200 LORCA                            
           2   22233333 Mart¡nez Molina, Andr‚s                            MEDICO                               1600 CARTAGENA                        
           4   55544412 Jim‚nez Jim‚nez, Dolores                           CONSERJE                             1200 MURCIA                           
           4   22233311 Mart¡nez Molina, Gloria                            MEDICO                               1600 MURCIA                           

11 filas seleccionadas.

SQL> rem Obt‚n el DNI, apellidos y funci¢n de todas las personas.
SQL> select dni, apellidos, funcion from personas;

       DNI APELLIDOS                                          FUNCION                                                                                 
---------- -------------------------------------------------- ------------------------------                                                          
  12345678 Garc¡a Hern ndez, Eladio                           CONSERJE                                                                                
  87654321 Fuentes Bermejo, Carlos                            DIRECTOR                                                                                
  55544433 Gonz lez Mar¡n, Alicia                             CONSERJE                                                                                
  66655544 Castillo Montes, Pedro                             MEDICO                                                                                  
  22233322 Trist n Garc¡a, Ana                                MEDICO                                                                                  
  55544411 Ruiz Hern ndez, Caridad                            MEDICO                                                                                  
  99988333 Serrano D¡az, Alejandro                            DIRECTOR                                                                                
  33222111 Mesa del Castillo, Juan                            MEDICO                                                                                  
  22233333 Mart¡nez Molina, Andr‚s                            MEDICO                                                                                  
  55544412 Jim‚nez Jim‚nez, Dolores                           CONSERJE                                                                                
  22233311 Mart¡nez Molina, Gloria                            MEDICO                                                                                  

11 filas seleccionadas.

SQL> rem Mostrar los apellidos de las personas que vivan en LORCA.
SQL> select apellidos from personas where LOCALIDAD='LORCA';

APELLIDOS                                                                                                                                             
--------------------------------------------------                                                                                                    
Garc¡a Hern ndez, Eladio                                                                                                                              
Ruiz Hern ndez, Caridad                                                                                                                               
Mesa del Castillo, Juan                                                                                                                               

SQL> rem -- 4) Mostrar los apellidos de las personas que vivan en MURCIA o LORCA
SQL> select apellidos nombre from personas where LOCALIDAD='MURCIA' OR LOCALIDAD='LOECA';

NOMBRE                                                                                                                                                
--------------------------------------------------                                                                                                    
Fuentes Bermejo, Carlos                                                                                                                               
Gonz lez Mar¡n, Alicia                                                                                                                                
Castillo Montes, Pedro                                                                                                                                
Trist n Garc¡a, Ana                                                                                                                                   
Jim‚nez Jim‚nez, Dolores                                                                                                                              
Mart¡nez Molina, Gloria                                                                                                                               

6 filas seleccionadas.

SQL> select apellidos nombre from personas where LOCALIDAD='MURCIA' OR LOCALIDAD='LORCA';

NOMBRE                                                                                                                                                
--------------------------------------------------                                                                                                    
Garc¡a Hern ndez, Eladio                                                                                                                              
Fuentes Bermejo, Carlos                                                                                                                               
Gonz lez Mar¡n, Alicia                                                                                                                                
Castillo Montes, Pedro                                                                                                                                
Trist n Garc¡a, Ana                                                                                                                                   
Ruiz Hern ndez, Caridad                                                                                                                               
Mesa del Castillo, Juan                                                                                                                               
Jim‚nez Jim‚nez, Dolores                                                                                                                              
Mart¡nez Molina, Gloria                                                                                                                               

9 filas seleccionadas.

SQL> select apellidos, LOCALIDAD nombre from personas where LOCALIDAD='MURCIA' OR LOCALIDAD='LORCA';

APELLIDOS                                          NOMBRE                                                                                             
-------------------------------------------------- --------------------                                                                               
Garc¡a Hern ndez, Eladio                           LORCA                                                                                              
Fuentes Bermejo, Carlos                            MURCIA                                                                                             
Gonz lez Mar¡n, Alicia                             MURCIA                                                                                             
Castillo Montes, Pedro                             MURCIA                                                                                             
Trist n Garc¡a, Ana                                MURCIA                                                                                             
Ruiz Hern ndez, Caridad                            LORCA                                                                                              
Mesa del Castillo, Juan                            LORCA                                                                                              
Jim‚nez Jim‚nez, Dolores                           MURCIA                                                                                             
Mart¡nez Molina, Gloria                            MURCIA                                                                                             

9 filas seleccionadas.

SQL> select apellidos nombre, LOCALIDAD from personas where LOCALIDAD='MURCIA' OR LOCALIDAD='LORCA' GROUP BY localidad asc;
select apellidos nombre, LOCALIDAD from personas where LOCALIDAD='MURCIA' OR LOCALIDAD='LORCA' GROUP BY localidad asc
                                                                                                                  *
ERROR en línea 1:
ORA-00933: comando SQL no terminado correctamente 


SQL> select apellidos nombre, LOCALIDAD from personas where LOCALIDAD='MURCIA' OR LOCALIDAD='LORCA' order BY localidad asc;

NOMBRE                                             LOCALIDAD                                                                                          
-------------------------------------------------- --------------------                                                                               
Garc¡a Hern ndez, Eladio                           LORCA                                                                                              
Mesa del Castillo, Juan                            LORCA                                                                                              
Ruiz Hern ndez, Caridad                            LORCA                                                                                              
Mart¡nez Molina, Gloria                            MURCIA                                                                                             
Jim‚nez Jim‚nez, Dolores                           MURCIA                                                                                             
Castillo Montes, Pedro                             MURCIA                                                                                             
Gonz lez Mar¡n, Alicia                             MURCIA                                                                                             
Fuentes Bermejo, Carlos                            MURCIA                                                                                             
Trist n Garc¡a, Ana                                MURCIA                                                                                             

9 filas seleccionadas.

SQL> rem -- 5) Seleccionar los datos de aquellas personas que vivan en MURCIA y tengan un salario superior a los 1500 euros.
SQL> select * from personas where LOCALIDAD='MURCIA' AND SALARIO>1500;

COD_HOSPITAL        DNI APELLIDOS                                          FUNCION                           SALARIO LOCALIDAD                        
------------ ---------- -------------------------------------------------- ------------------------------ ---------- --------------------             
           1   87654321 Fuentes Bermejo, Carlos                            DIRECTOR                             2000 MURCIA                           
           1   66655544 Castillo Montes, Pedro                             MEDICO                               1700 MURCIA                           
           2   22233322 Trist n Garc¡a, Ana                                MEDICO                               1900 MURCIA                           
           4   22233311 Mart¡nez Molina, Gloria                            MEDICO                               1600 MURCIA                           

SQL> REM -- 6) Mostrar los datos de las personas que vivan en MURCIA, tengan un salario superior a los 1500 euros y sean DIRECTORES.
SQL> select * from personas where LOCALIDAD='MURCIA' AND SALARIO>1500 AND FUNCION='DIRECTOR';

COD_HOSPITAL        DNI APELLIDOS                                          FUNCION                           SALARIO LOCALIDAD                        
------------ ---------- -------------------------------------------------- ------------------------------ ---------- --------------------             
           1   87654321 Fuentes Bermejo, Carlos                            DIRECTOR                             2000 MURCIA                           

SQL> REM -- 7) Mostrar los datos de las personas cuya funci¢n sea MDICO ordenados por apellidos descendentemente.;
SQL> SELECT * FROM PERSONAS WHERE FUNCION='MEDICO', ORDER BY APELLIDOS DESC;
SELECT * FROM PERSONAS WHERE FUNCION='MEDICO', ORDER BY APELLIDOS DESC
                                             *
ERROR en línea 1:
ORA-00933: comando SQL no terminado correctamente 


SQL> SELECT * FROM PERSONAS WHERE FUNCION='MEDICO', ORDER BY APELLIDOS DES;
SELECT * FROM PERSONAS WHERE FUNCION='MEDICO', ORDER BY APELLIDOS DES
                                             *
ERROR en línea 1:
ORA-00933: comando SQL no terminado correctamente 


SQL> SELECT * FROM PERSONAS WHERE FUNCION='MEDICO' ORDER BY APELLIDOS DESC;

COD_HOSPITAL        DNI APELLIDOS                                          FUNCION                           SALARIO LOCALIDAD                        
------------ ---------- -------------------------------------------------- ------------------------------ ---------- --------------------             
           2   22233322 Trist n Garc¡a, Ana                                MEDICO                               1900 MURCIA                           
           3   55544411 Ruiz Hern ndez, Caridad                            MEDICO                               1900 LORCA                            
           4   33222111 Mesa del Castillo, Juan                            MEDICO                               2200 LORCA                            
           4   22233311 Mart¡nez Molina, Gloria                            MEDICO                               1600 MURCIA                           
           2   22233333 Mart¡nez Molina, Andr‚s                            MEDICO                               1600 CARTAGENA                        
           1   66655544 Castillo Montes, Pedro                             MEDICO                               1700 MURCIA                           

6 filas seleccionadas.

SQL> REM -- 8) Mostrar los datos de todas las localidades que hay en la tabla personas sin repeticiones ;
SQL> SELECT * FROM PERSONAS GROUP BY LOCALIDAD;
SELECT * FROM PERSONAS GROUP BY LOCALIDAD
       *
ERROR en línea 1:
ORA-00979: no es una expresión GROUP BY 


SQL> SELECT DISTINCT * FROM PERSONAS ;

COD_HOSPITAL        DNI APELLIDOS                                          FUNCION                           SALARIO LOCALIDAD                        
------------ ---------- -------------------------------------------------- ------------------------------ ---------- --------------------             
           1   87654321 Fuentes Bermejo, Carlos                            DIRECTOR                             2000 MURCIA                           
           4   22233311 Mart¡nez Molina, Gloria                            MEDICO                               1600 MURCIA                           
           2   22233322 Trist n Garc¡a, Ana                                MEDICO                               1900 MURCIA                           
           3   99988333 Serrano D¡az, Alejandro                            DIRECTOR                             2400 CARTAGENA                        
           2   22233333 Mart¡nez Molina, Andr‚s                            MEDICO                               1600 CARTAGENA                        
           1   12345678 Garc¡a Hern ndez, Eladio                           CONSERJE                             1200 LORCA                            
           4   55544412 Jim‚nez Jim‚nez, Dolores                           CONSERJE                             1200 MURCIA                           
           2   55544433 Gonz lez Mar¡n, Alicia                             CONSERJE                             1200 MURCIA                           
           1   66655544 Castillo Montes, Pedro                             MEDICO                               1700 MURCIA                           
           3   55544411 Ruiz Hern ndez, Caridad                            MEDICO                               1900 LORCA                            
           4   33222111 Mesa del Castillo, Juan                            MEDICO                               2200 LORCA                            

11 filas seleccionadas.

SQL> SELECT DISTINCT LOCALIDAD * FROM PERSONAS;
SELECT DISTINCT LOCALIDAD * FROM PERSONAS
                            *
ERROR en línea 1:
ORA-00936: falta una expresión 


SQL> SELECT DISTINCT LOCALIDAD FROM PERSONAS;

LOCALIDAD                                                                                                                                             
--------------------                                                                                                                                  
LORCA                                                                                                                                                 
MURCIA                                                                                                                                                
CARTAGENA                                                                                                                                             

SQL> REM -- 9) Mostrar los datos de las personas que tengan un salario superior a 1500 euros y sean m‚dicos. Ordenar la salida por salario descendentemente.;
SQL> SELECT * FROM PERSONAS WHERE FUNCION='MEDICO' AND SALARIO>1500 ORDER BY SALARIO DES;
SELECT * FROM PERSONAS WHERE FUNCION='MEDICO' AND SALARIO>1500 ORDER BY SALARIO DES
                                                                                *
ERROR en línea 1:
ORA-00933: comando SQL no terminado correctamente 


SQL> SELECT * FROM PERSONAS WHERE FUNCION='MEDICO' AND SALARIO>1500 ORDER BY SALARIO DESC;

COD_HOSPITAL        DNI APELLIDOS                                          FUNCION                           SALARIO LOCALIDAD                        
------------ ---------- -------------------------------------------------- ------------------------------ ---------- --------------------             
           4   33222111 Mesa del Castillo, Juan                            MEDICO                               2200 LORCA                            
           2   22233322 Trist n Garc¡a, Ana                                MEDICO                               1900 MURCIA                           
           3   55544411 Ruiz Hern ndez, Caridad                            MEDICO                               1900 LORCA                            
           1   66655544 Castillo Montes, Pedro                             MEDICO                               1700 MURCIA                           
           2   22233333 Mart¡nez Molina, Andr‚s                            MEDICO                               1600 CARTAGENA                        
           4   22233311 Mart¡nez Molina, Gloria                            MEDICO                               1600 MURCIA                           

6 filas seleccionadas.

SQL> SELECT * FROM PERSONAS WHERE FUNCION='MEDICO' AND SALARIO>1500 ORDER BY SALARIO;

COD_HOSPITAL        DNI APELLIDOS                                          FUNCION                           SALARIO LOCALIDAD                        
------------ ---------- -------------------------------------------------- ------------------------------ ---------- --------------------             
           2   22233333 Mart¡nez Molina, Andr‚s                            MEDICO                               1600 CARTAGENA                        
           4   22233311 Mart¡nez Molina, Gloria                            MEDICO                               1600 MURCIA                           
           1   66655544 Castillo Montes, Pedro                             MEDICO                               1700 MURCIA                           
           2   22233322 Trist n Garc¡a, Ana                                MEDICO                               1900 MURCIA                           
           3   55544411 Ruiz Hern ndez, Caridad                            MEDICO                               1900 LORCA                            
           4   33222111 Mesa del Castillo, Juan                            MEDICO                               2200 LORCA                            

6 filas seleccionadas.

SQL> 	REM SEGUIR CON EL 10
SQL> 	REM SEGUIR CON EL 10
SQL> 	REM SEGUIR CON EL 10
SQL> 	REM SEGUIR CON EL 10
SQL> 	REM SEGUIR CON EL 10
SQL> 	REM SEGUIR CON EL 10
SQL> 
SQL> 
SQL> 	REM CHAU
SQL> SPOOL OFF
