SQL> set pagesize 150
SQL> set linesize 150
SQL> select * from emple;

    EMP_NO APELLIDO   OFICIO            DIR FECHA_AL    SALARIO   COMISION    DEPT_NO                                                                 
---------- ---------- ---------- ---------- -------- ---------- ---------- ----------                                                                 
      7369 SµNCHEZ    EMPLEADO         7902 17/12/80     104000                    20                                                                 
      7499 ARROYO     VENDEDOR         7698 20/02/80     208000      39000         30                                                                 
      7521 SALA       VENDEDOR         7698 22/02/81     162500      65000         30                                                                 
      7566 JIMÔNEZ    DIRECTOR         7839 02/04/81     386750                    20                                                                 
      7654 MARTÖN     VENDEDOR         7698 29/09/81     162500     182000         30                                                                 
      7698 NEGRO      DIRECTOR         7839 01/05/81     370500                    30                                                                 
      7782 CEREZO     DIRECTOR         7839 09/06/81     318500                    10                                                                 
      7788 GIL        ANALISTA         7566 09/11/81     390000                    20                                                                 
      7839 REY        PRESIDENTE            17/11/81      50000                    10                                                                 
      7844 TOVAR      VENDEDOR         7698 08/09/81     195000          0         30                                                                 
      7876 ALONSO     EMPLEADO         7788 23/09/81     143000                    20                                                                 
      7900 JIMENO     EMPLEADO         7698 03/12/81     123500                    30                                                                 
      7902 FERNµNDEZ  ANALISTA         7566 03/12/81     390000                    20                                                                 
      7934 MU¥OZ      EMPLEADO         7782 23/01/82     169000                    10                                                                 

14 filas seleccionadas.

SQL> rem 25§.-Sacar los nombres salarios y fechas de alta de los vendedores y  direc-
>      tores ordenados en orden ascendente de empleo y descendente de fecha de
SQL>      alta PERO USANDO POSICION
SP2-0734: inicio "alta PERO ..." de comando desconocido - resto de la línea ignorado.
SQL> select apellido, salario, fecha_al from emple where oficio='DIRECTOR' OR OFICIO='VENDEDOR' ORDER BY OFICIO, FECHA_ALT DESC;
select apellido, salario, fecha_al from emple where oficio='DIRECTOR' OR OFICIO='VENDEDOR' ORDER BY OFICIO, FECHA_ALT DESC
                          *
ERROR en línea 1:
ORA-00904: "FECHA_AL": identificador no válido 


SQL> select apellido, salario, fecha_alt from emple where oficio='DIRECTOR' OR OFICIO='VENDEDOR' ORDER BY OFICIO, FECHA_ALT DESC;

APELLIDO      SALARIO FECHA_AL                                                                                                                        
---------- ---------- --------                                                                                                                        
CEREZO         318500 09/06/81                                                                                                                        
NEGRO          370500 01/05/81                                                                                                                        
JIMÔNEZ        386750 02/04/81                                                                                                                        
MARTÖN         162500 29/09/81                                                                                                                        
TOVAR          195000 08/09/81                                                                                                                        
SALA           162500 22/02/81                                                                                                                        
ARROYO         208000 20/02/80                                                                                                                        

7 filas seleccionadas.

SQL> select apellido, salario, fecha_alt from emple where oficio='DIRECTOR' OR OFICIO='VENDEDOR' group by OFICIO order bby FECHA_ALT DESc;
select apellido, salario, fecha_alt from emple where oficio='DIRECTOR' OR OFICIO='VENDEDOR' group by OFICIO order bby FECHA_ALT DESc
                                                                                                                  *
ERROR en línea 1:
ORA-00924: falta la palabra clave BY 


SQL> select apellido, salario, fecha_alt from emple where oficio='DIRECTOR' OR OFICIO='VENDEDOR' group by OFICIO order by FECHA_ALT DESc;
select apellido, salario, fecha_alt from emple where oficio='DIRECTOR' OR OFICIO='VENDEDOR' group by OFICIO order by FECHA_ALT DESc
       *
ERROR en línea 1:
ORA-00979: no es una expresión GROUP BY 


SQL> rem 26§.-Sacar el sueldo y fecha de alta de aquellos que su salario sea mayor de
SQL>      200000 pts ordenados por el campo APELLIDO utilizando un alias para tabla
SQL>      con el que despu‚s nos referimos a sus campos y alias para las cabeceras
SP2-0734: inicio "con el que..." de comando desconocido - resto de la línea ignorado.
SQL> select * frome emple;
select * frome emple
         *
ERROR en línea 1:
ORA-00923: palabra clave FROM no encontrada donde se esperaba 


SQL> select * from emple;

    EMP_NO APELLIDO   OFICIO            DIR FECHA_AL    SALARIO   COMISION    DEPT_NO                                                                 
---------- ---------- ---------- ---------- -------- ---------- ---------- ----------                                                                 
      7369 SµNCHEZ    EMPLEADO         7902 17/12/80     104000                    20                                                                 
      7499 ARROYO     VENDEDOR         7698 20/02/80     208000      39000         30                                                                 
      7521 SALA       VENDEDOR         7698 22/02/81     162500      65000         30                                                                 
      7566 JIMÔNEZ    DIRECTOR         7839 02/04/81     386750                    20                                                                 
      7654 MARTÖN     VENDEDOR         7698 29/09/81     162500     182000         30                                                                 
      7698 NEGRO      DIRECTOR         7839 01/05/81     370500                    30                                                                 
      7782 CEREZO     DIRECTOR         7839 09/06/81     318500                    10                                                                 
      7788 GIL        ANALISTA         7566 09/11/81     390000                    20                                                                 
      7839 REY        PRESIDENTE            17/11/81      50000                    10                                                                 
      7844 TOVAR      VENDEDOR         7698 08/09/81     195000          0         30                                                                 
      7876 ALONSO     EMPLEADO         7788 23/09/81     143000                    20                                                                 
      7900 JIMENO     EMPLEADO         7698 03/12/81     123500                    30                                                                 
      7902 FERNµNDEZ  ANALISTA         7566 03/12/81     390000                    20                                                                 
      7934 MU¥OZ      EMPLEADO         7782 23/01/82     169000                    10                                                                 

14 filas seleccionadas.

SQL> select salario pts, fecha_alt fecha from emple r  where salario>200000 order by apellido;

       PTS FECHA                                                                                                                                      
---------- --------                                                                                                                                   
    208000 20/02/80                                                                                                                                   
    318500 09/06/81                                                                                                                                   
    390000 03/12/81                                                                                                                                   
    390000 09/11/81                                                                                                                                   
    386750 02/04/81                                                                                                                                   
    370500 01/05/81                                                                                                                                   

6 filas seleccionadas.

SQL> select apellido nombre, salario pts, fecha_alt fecha from emple r  where salario>200000 order by apellido;

NOMBRE            PTS FECHA                                                                                                                           
---------- ---------- --------                                                                                                                        
ARROYO         208000 20/02/80                                                                                                                        
CEREZO         318500 09/06/81                                                                                                                        
FERNµNDEZ      390000 03/12/81                                                                                                                        
GIL            390000 09/11/81                                                                                                                        
JIMÔNEZ        386750 02/04/81                                                                                                                        
NEGRO          370500 01/05/81                                                                                                                        

6 filas seleccionadas.

SQL> rem Averiguar la fecha del empleado m s antiguo y la fecha de ingreso del
SQL>      m s nuevo
SP2-0042: comando desconocido "m s nuevo" - resto de la línea ignorado.
SQL> select apellido, min(fecha_alt) mas viejo, max(fecha_alt) mas joven from emple;
select apellido, min(fecha_alt) mas viejo, max(fecha_alt) mas joven from emple
                                    *
ERROR en línea 1:
ORA-00923: palabra clave FROM no encontrada donde se esperaba 


SQL> select apellido,(min(fecha_alt)) mas viejo,(max(fecha_alt)) mas joven from emple;
select apellido,(min(fecha_alt)) mas viejo,(max(fecha_alt)) mas joven from emple
                                     *
ERROR en línea 1:
ORA-00923: palabra clave FROM no encontrada donde se esperaba 


SQL> select apellido,(min(fecha_alt)) mas viejo,(max(fecha_alt)) from emple;
select apellido,(min(fecha_alt)) mas viejo,(max(fecha_alt)) from emple
                                     *
ERROR en línea 1:
ORA-00923: palabra clave FROM no encontrada donde se esperaba 


SQL> select apellido, min(fecha_alt) mas viejo, max(fecha_alt) from emple;
select apellido, min(fecha_alt) mas viejo, max(fecha_alt) from emple
                                    *
ERROR en línea 1:
ORA-00923: palabra clave FROM no encontrada donde se esperaba 


SQL> select apellido, fecha_alt from emple group by fecha_alt having min(fecha_alt);
select apellido, fecha_alt from emple group by fecha_alt having min(fecha_alt)
                                                                             *
ERROR en línea 1:
ORA-00920: operador relacional no válido 


SQL> select apellido, fecha_alt from emple;

APELLIDO   FECHA_AL                                                                                                                                   
---------- --------                                                                                                                                   
SµNCHEZ    17/12/80                                                                                                                                   
ARROYO     20/02/80                                                                                                                                   
SALA       22/02/81                                                                                                                                   
JIMÔNEZ    02/04/81                                                                                                                                   
MARTÖN     29/09/81                                                                                                                                   
NEGRO      01/05/81                                                                                                                                   
CEREZO     09/06/81                                                                                                                                   
GIL        09/11/81                                                                                                                                   
REY        17/11/81                                                                                                                                   
TOVAR      08/09/81                                                                                                                                   
ALONSO     23/09/81                                                                                                                                   
JIMENO     03/12/81                                                                                                                                   
FERNµNDEZ  03/12/81                                                                                                                                   
MU¥OZ      23/01/82                                                                                                                                   

14 filas seleccionadas.

SQL> select apellido, min(fecha_alt) "mas viejo", max(fecha_alt) "mas joven" from emple;
select apellido, min(fecha_alt) "mas viejo", max(fecha_alt) "mas joven" from emple
       *
ERROR en línea 1:
ORA-00937: la función de grupo no es de grupo único 


SQL> select apellido, MIN(fecha_alt) "mas viejo", MAX(fecha_alt) "mas joven" from emple;
select apellido, MIN(fecha_alt) "mas viejo", MAX(fecha_alt) "mas joven" from emple
       *
ERROR en línea 1:
ORA-00937: la función de grupo no es de grupo único 


SQL> select apellido, MIN(fecha_alt) mas viejo, MAX(fecha_alt) mas joven from emple;
select apellido, MIN(fecha_alt) mas viejo, MAX(fecha_alt) mas joven from emple
                                    *
ERROR en línea 1:
ORA-00923: palabra clave FROM no encontrada donde se esperaba 


SQL> select apellido, MIN(fecha_alt), MAX(fecha_alt) from emple;
select apellido, MIN(fecha_alt), MAX(fecha_alt) from emple
       *
ERROR en línea 1:
ORA-00937: la función de grupo no es de grupo único 


SQL> select apellido, MIN(fecha_alt), MAX(fecha_alt), count(*) from emple;
select apellido, MIN(fecha_alt), MAX(fecha_alt), count(*) from emple
       *
ERROR en línea 1:
ORA-00937: la función de grupo no es de grupo único 


SQL> select apellido, MIN(salario), MAX(salario) from emple;
select apellido, MIN(salario), MAX(salario) from emple
       *
ERROR en línea 1:
ORA-00937: la función de grupo no es de grupo único 


SQL> rem ohla
SQL> select oficio where count(apellido)>2;
select oficio where count(apellido)>2
              *
ERROR en línea 1:
ORA-00923: palabra clave FROM no encontrada donde se esperaba 


SQL> select oficio from emple where count(apellido)>2;
select oficio from emple where count(apellido)>2
                               *
ERROR en línea 1:
ORA-00934: función de grupo no permitida aquí 


SQL> select dept_no, oficio, count(*) from emple group by dept_no, oficio having count(*) > 2;

   DEPT_NO OFICIO       COUNT(*)                                                                                                                      
---------- ---------- ----------                                                                                                                      
        30 VENDEDOR            4                                                                                                                      

SQL> select dept_no, oficio, count(*), avg(salario*12) avg_sal from emple group by dept_no, oficio having count(*)>2;

   DEPT_NO OFICIO       COUNT(*)    AVG_SAL                                                                                                           
---------- ---------- ---------- ----------                                                                                                           
        30 VENDEDOR            4    2184000                                                                                                           

SQL> select SYSTIME from DUAL;
select SYSTIME from DUAL
       *
ERROR en línea 1:
ORA-00904: "SYSTIME": identificador no válido 


SQL> select SYSDATE from DUAL;

SYSDATE                                                                                                                                               
--------                                                                                                                                              
28/01/22                                                                                                                                              

SQL> spool off
