SQL> rem cosas que se pueden hacer con una tabla
SQL> select * from kk;

NOMBRE                EDAD                                                      
--------------- ----------                                                      
prueba                  15                                                      
tomas                   20                                                      
alfonso                 19                                                      
marina                  21                                                      
made                    20                                                      
paula                   20                                                      

6 filas seleccionadas.

SQL> alter table kk add direccion varchar2(20);

Tabla modificada.

SQL> select * from kk;

NOMBRE                EDAD DIRECCION                                            
--------------- ---------- --------------------                                 
prueba                  15                                                      
tomas                   20                                                      
alfonso                 19                                                      
marina                  21                                                      
made                    20                                                      
paula                   20                                                      

6 filas seleccionadas.

SQL> rem diferencia entre change y modify
SQL> rem change es para cambiar el nombre de una variable y modify es para cambiar los caracteres del tipo de dato
SQL> alter table kk change nombre nomb varchar(30);
alter table kk change nombre nomb varchar(30)
               *
ERROR en línea 1:
ORA-01735: opción ALTER TABLE no válida 


SQL> alter table kk modify direccion varchar2(22);

Tabla modificada.

SQL> desc kk
 Nombre                                    ¿Nulo?   Tipo
 ----------------------------------------- -------- ----------------------------
 NOMBRE                                             VARCHAR2(15)
 EDAD                                               NUMBER(2)
 DIRECCION                                          VARCHAR2(22)

SQL> rem eliminar una fila
SQL> alter table kk drop direccion;
alter table kk drop direccion
                    *
ERROR en línea 1:
ORA-00905: falta una palabra clave 


SQL> rem ELIMINAR UNA COLUMNA
SQL> alter table drop column direccion
  2  ;
alter table drop column direccion
            *
ERROR en línea 1:
ORA-00903: nombre de tabla no válido 


SQL> alter table kk add prueba;
alter table kk add prueba
                   *
ERROR en línea 1:
ORA-02263: debe especificar el tipo de dato para esta columna 


SQL> alter table kk add prueba number(2);

Tabla modificada.

SQL> desc kk
 Nombre                                    ¿Nulo?   Tipo
 ----------------------------------------- -------- ----------------------------
 NOMBRE                                             VARCHAR2(15)
 EDAD                                               NUMBER(2)
 DIRECCION                                          VARCHAR2(22)
 PRUEBA                                             NUMBER(2)

SQL> alter table kk drop column prueba;

Tabla modificada.

SQL> desc kk
 Nombre                                    ¿Nulo?   Tipo
 ----------------------------------------- -------- ----------------------------
 NOMBRE                                             VARCHAR2(15)
 EDAD                                               NUMBER(2)
 DIRECCION                                          VARCHAR2(22)

SQL> drop table kk;

Tabla borrada.

SQL> desc kk
ERROR:
ORA-04043: el objeto kk no existe 


SQL> create table kk;
create table kk
              *
ERROR en línea 1:
ORA-00906: falta el paréntesis izquierdo 


SQL> rem borre kk y voy a empezar de 0
SQL> rem creo tabla con nombre y edad
SQL> rem pongo 3 datos
SQL> rem agrego columna telefono
SQL> rem agrego telefonos a los campos de antes
SQL> 
SQL> create table kk (nombre varchar2(15), edad number(2));

Tabla creada.

SQL> desc kk
 Nombre                                    ¿Nulo?   Tipo
 ----------------------------------------- -------- ----------------------------
 NOMBRE                                             VARCHAR2(15)
 EDAD                                               NUMBER(2)

SQL> insert into kk (nombre, edad) values ('thor', 42);

1 fila creada.

SQL> insert into kk (nombre, edad) values ('tony', 45);

1 fila creada.

SQL> insert into kk (nombre, edad) values ('steve', 99);

1 fila creada.

SQL> rem tengo los campos de kk
SQL> desc kk
 Nombre                                    ¿Nulo?   Tipo
 ----------------------------------------- -------- ----------------------------
 NOMBRE                                             VARCHAR2(15)
 EDAD                                               NUMBER(2)

SQL> select * from kk;

NOMBRE                EDAD                                                      
--------------- ----------                                                      
thor                    42                                                      
tony                    45                                                      
steve                   99                                                      

SQL> alter table kk add dni number(8);

Tabla modificada.

SQL> desc kk
 Nombre                                    ¿Nulo?   Tipo
 ----------------------------------------- -------- ----------------------------
 NOMBRE                                             VARCHAR2(15)
 EDAD                                               NUMBER(2)
 DNI                                                NUMBER(8)

SQL> update kk set dni = 43082463 where nombre = tony;
update kk set dni = 43082463 where nombre = tony
                                            *
ERROR en línea 1:
ORA-00904: "TONY": identificador no válido 


SQL> update kk set dni = 43082463 where nombre = 'tony';

1 fila actualizada.

SQL> select * from kk;

NOMBRE                EDAD        DNI                                           
--------------- ---------- ----------                                           
thor                    42                                                      
tony                    45   43082463                                           
steve                   99                                                      

SQL> create table meaburro
  2  create table meaburro (hola varchar2(20), adiosnum number(1));
create table meaburro (hola varchar2(20), adiosnum number(1))
*
ERROR en línea 2:
ORA-00922: falta la opción o no es válida 


SQL> create table meaburro (hola varchar2(20), adiosnum number(1));

Tabla creada.

SQL> desc meaburro
 Nombre                                    ¿Nulo?   Tipo
 ----------------------------------------- -------- ----------------------------
 HOLA                                               VARCHAR2(20)
 ADIOSNUM                                           NUMBER(1)

SQL> select * from kk;

NOMBRE                EDAD        DNI                                           
--------------- ---------- ----------                                           
thor                    42                                                      
tony                    45   43082463                                           
steve                   99                                                      

SQL> insert into meaburro (hola, adiosnum)
  2  values (quetal, 3);
values (quetal, 3)
        *
ERROR en línea 2:
ORA-00984: columna no permitida aquí 


SQL> insert into meaburro (hola, adiosnum) values (quetal, 3);
insert into meaburro (hola, adiosnum) values (quetal, 3)
                                              *
ERROR en línea 1:
ORA-00984: columna no permitida aquí 


SQL> insert into meaburro (hola, adiosnum) values ("quetal", 3);
insert into meaburro (hola, adiosnum) values ("quetal", 3)
                                              *
ERROR en línea 1:
ORA-00984: columna no permitida aquí 


SQL> insert into meaburro (hola, adiosnum) values ('quetal', 3);

1 fila creada.

SQL> select * meaburro
  2  ;
select * meaburro
         *
ERROR en línea 1:
ORA-00923: palabra clave FROM no encontrada donde se esperaba 


SQL> select * from meaburro;

HOLA                   ADIOSNUM                                                 
-------------------- ----------                                                 
quetal                        3                                                 

SQL> select nombre from kk where dni = 43082463;

NOMBRE                                                                          
---------------                                                                 
tony                                                                            

SQL> select table_name from user_tables;

TABLE_NAME                                                                      
------------------------------                                                  
DEPART                                                                          
EMPLE                                                                           
KK                                                                              
MEABURRO                                                                        

SQL> rem inserto cosas nuevas
SQL> rem inserto cosas nuevas
SQL> REM ** TABLA LIBRERIA: **
SQL> 
SQL> Drop table LIBRERIA cascade constraints;
Drop table LIBRERIA cascade constraints
           *
ERROR en línea 1:
ORA-00942: la tabla o vista no existe 


SQL> 
SQL> create table LIBRERIA
  2   (TEMA CHAR(15) NOT NULL ,
  3    ESTANTE CHAR(1),
  4    EJEMPLARES NUMBER(2)
  5   );

Tabla creada.

SQL> 
SQL> INSERT INTO LIBRERIA VALUES ('Inform tica', 'A',15);

1 fila creada.

SQL> INSERT INTO LIBRERIA VALUES ('Econom¡a',    'A',10);

1 fila creada.

SQL> INSERT INTO LIBRERIA VALUES ('Deportes',    'B',8);

1 fila creada.

SQL> INSERT INTO LIBRERIA VALUES ('Filosof¡a',   'C',7);

1 fila creada.

SQL> INSERT INTO LIBRERIA VALUES ('Dibujo',      'C',10);

1 fila creada.

SQL> INSERT INTO LIBRERIA VALUES ('Medicina',    'C',16);

1 fila creada.

SQL> INSERT INTO LIBRERIA VALUES ('Biolog¡a',    'A',11);

1 fila creada.

SQL> INSERT INTO LIBRERIA VALUES ('Geolog¡a',    'D',7);

1 fila creada.

SQL> INSERT INTO LIBRERIA VALUES ('Sociedad',    'D',9);

1 fila creada.

SQL> INSERT INTO LIBRERIA VALUES ('Labores',     'B',20);

1 fila creada.

SQL> INSERT INTO LIBRERIA VALUES ('Jardiner¡a',    'E',6);

1 fila creada.

SQL> 
SQL> 
SQL> REM ** TABLAS ALUMNOS, ASIGNATURAS, NOTAS: **
SQL> 
SQL> DROP TABLE ALUMNOS cascade constraints;
DROP TABLE ALUMNOS cascade constraints
           *
ERROR en línea 1:
ORA-00942: la tabla o vista no existe 


SQL> 
SQL> CREATE TABLE ALUMNOS
  2  (
  3    DNI VARCHAR2(10) NOT NULL,
  4    APENOM VARCHAR2(30),
  5    DIREC VARCHAR2(30),
  6    POBLA  VARCHAR2(15),
  7    TELEF  VARCHAR2(10)
  8  );

Tabla creada.

SQL> DROP TABLE ASIGNATURAS cascade constraints;
DROP TABLE ASIGNATURAS cascade constraints
           *
ERROR en línea 1:
ORA-00942: la tabla o vista no existe 


SQL> 
SQL> CREATE TABLE ASIGNATURAS
  2  (
  3    COD NUMBER(2) NOT NULL,
  4    NOMBRE VARCHAR2(25)
  5  );

Tabla creada.

SQL> 
SQL> DROP TABLE NOTAS cascade constraints;
DROP TABLE NOTAS cascade constraints
           *
ERROR en línea 1:
ORA-00942: la tabla o vista no existe 


SQL> 
SQL> CREATE TABLE NOTAS
  2  (
  3    DNI VARCHAR2(10) NOT NULL,
  4    COD NUMBER(2) NOT NULL,
  5    NOTA NUMBER(2)
  6  );

Tabla creada.

SQL> 
SQL> INSERT INTO ASIGNATURAS VALUES (1,'Prog. Leng. Estr.');

1 fila creada.

SQL> INSERT INTO ASIGNATURAS VALUES (2,'Sist. Inform ticos');

1 fila creada.

SQL> INSERT INTO ASIGNATURAS VALUES (3,'An lisis');

1 fila creada.

SQL> INSERT INTO ASIGNATURAS VALUES (4,'FOL');

1 fila creada.

SQL> INSERT INTO ASIGNATURAS VALUES (5,'RET');

1 fila creada.

SQL> INSERT INTO ASIGNATURAS VALUES (6,'Entornos Gr ficos');

1 fila creada.

SQL> INSERT INTO ASIGNATURAS VALUES (7,'Aplic. Entornos 4¦Gen');

1 fila creada.

SQL> 
SQL> INSERT INTO ALUMNOS VALUES
  2  ('12344345','Alcalde Garc¡a, Elena', 'C/Las Matas, 24','Madrid','917766545');

1 fila creada.

SQL> 
SQL> INSERT INTO ALUMNOS VALUES
  2  ('4448242','Cerrato Vela, Luis', 'C/Mina 28 - 3A', 'Madrid','916566545');

1 fila creada.

SQL> 
SQL> INSERT INTO ALUMNOS VALUES
  2  ('56882942','D¡az Fern ndez, Mar¡a', 'C/Luis Vives 25', 'M¢stoles','915577545');

1 fila creada.

SQL> 
SQL> INSERT INTO NOTAS VALUES('12344345', 1,6);

1 fila creada.

SQL> INSERT INTO NOTAS VALUES('12344345', 2,5);

1 fila creada.

SQL> INSERT INTO NOTAS VALUES('12344345', 3,6);

1 fila creada.

SQL> 
SQL> INSERT INTO NOTAS VALUES('4448242', 4,6);

1 fila creada.

SQL> INSERT INTO NOTAS VALUES('4448242', 5,8);

1 fila creada.

SQL> INSERT INTO NOTAS VALUES('4448242', 6,4);

1 fila creada.

SQL> INSERT INTO NOTAS VALUES('4448242', 7,5);

1 fila creada.

SQL> 
SQL> INSERT INTO NOTAS VALUES('56882942', 4,8);

1 fila creada.

SQL> INSERT INTO NOTAS VALUES('56882942', 5,7);

1 fila creada.

SQL> INSERT INTO NOTAS VALUES('56882942', 6,8);

1 fila creada.

SQL> INSERT INTO NOTAS VALUES('56882942', 7,9);

1 fila creada.

SQL> rem fin cosas nuevas
SQL> desc meaburro
 Nombre                                    ¿Nulo?   Tipo
 ----------------------------------------- -------- ----------------------------
 HOLA                                               VARCHAR2(20)
 ADIOSNUM                                           NUMBER(1)

SQL> select * from meaburro;

HOLA                   ADIOSNUM                                                 
-------------------- ----------                                                 
quetal                        3                                                 

SQL> insert into meaburro (hola, adiosnum) values ('mal', 7);

1 fila creada.

SQL> alter table meaburro add taluego varchar2(15);

Tabla modificada.

SQL> desc meaburro
 Nombre                                    ¿Nulo?   Tipo
 ----------------------------------------- -------- ----------------------------
 HOLA                                               VARCHAR2(20)
 ADIOSNUM                                           NUMBER(1)
 TALUEGO                                            VARCHAR2(15)

SQL> select * from meaburro;

HOLA                   ADIOSNUM TALUEGO                                         
-------------------- ---------- ---------------                                 
quetal                        3                                                 
mal                           7                                                 

SQL> update meaburro set taluego = 'ok';

2 filas actualizadas.

SQL> select * from meaburro;

HOLA                   ADIOSNUM TALUEGO                                         
-------------------- ---------- ---------------                                 
quetal                        3 ok                                              
mal                           7 ok                                              

SQL> update meaburro set taluego = 'chau' where hola = quetal;
update meaburro set taluego = 'chau' where hola = quetal
                                                  *
ERROR en línea 1:
ORA-00904: "QUETAL": identificador no válido 


SQL> update meaburro set taluego = 'chau' where hola = 'quetal';

1 fila actualizada.

SQL> select * from meaburro;

HOLA                   ADIOSNUM TALUEGO                                         
-------------------- ---------- ---------------                                 
quetal                        3 chau                                            
mal                           7 ok                                              

SQL> rem fin prueba marina
SQL> rem ejercicio libreria
SQL> rem a¤adir n§ empleados
SQL> rem a¤adir direccion
SQL> infromatica, filosofia y socio son de madrid
SP2-0734: inicio "infromatic..." de comando desconocido - resto de la línea ignorado.
SQL> jardineria y dibujo de barcelona
SP2-0734: inicio "jardineria..." de comando desconocido - resto de la línea ignorado.
SQL> rem borrar n§ empleados
SQL> todas las demas de cuenca
SP2-0734: inicio "todas las ..." de comando desconocido - resto de la línea ignorado.
SQL> rem todas las demas de cuenca
SQL> rem
SQL> rem
SQL> rem INICIO
SQL> rem
SQL> select * from libreria;

TEMA            E EJEMPLARES                                                    
--------------- - ----------                                                    
Inform tica     A         15                                                    
Econom¡a        A         10                                                    
Deportes        B          8                                                    
Filosof¡a       C          7                                                    
Dibujo          C         10                                                    
Medicina        C         16                                                    
Biolog¡a        A         11                                                    
Geolog¡a        D          7                                                    
Sociedad        D          9                                                    
Labores         B         20                                                    
Jardiner¡a      E          6                                                    

11 filas seleccionadas.

SQL> alter table libreria add n_emple number(3);

Tabla modificada.

SQL> alter table libreria add ciudad varchar2(20);

Tabla modificada.

SQL> desc libreria
 Nombre                                    ¿Nulo?   Tipo
 ----------------------------------------- -------- ----------------------------
 TEMA                                      NOT NULL CHAR(15)
 ESTANTE                                            CHAR(1)
 EJEMPLARES                                         NUMBER(2)
 N_EMPLE                                            NUMBER(3)
 CIUDAD                                             VARCHAR2(20)

SQL> update libreria set ciudad = 'Madrid' where tema = 'Inform tica' or tema = 'Filosof¡a' or tema = 'Sociolog¡a';

2 filas actualizadas.

SQL> update libreria set ciudad = 'Madrid' where tema = 'Sociedad';

1 fila actualizada.

SQL> select * from libreria;

TEMA            E EJEMPLARES    N_EMPLE CIUDAD                                  
--------------- - ---------- ---------- --------------------                    
Inform tica     A         15            Madrid                                  
Econom¡a        A         10                                                    
Deportes        B          8                                                    
Filosof¡a       C          7            Madrid                                  
Dibujo          C         10                                                    
Medicina        C         16                                                    
Biolog¡a        A         11                                                    
Geolog¡a        D          7                                                    
Sociedad        D          9            Madrid                                  
Labores         B         20                                                    
Jardiner¡a      E          6                                                    

11 filas seleccionadas.

SQL> update libreria set ciudad = 'Barcelona' where tema = 'Jardiner¡a' or tema = 'Dibujo';

2 filas actualizadas.

SQL> alter table drop column n_emple;
alter table drop column n_emple
            *
ERROR en línea 1:
ORA-00903: nombre de tabla no válido 


SQL> alter table libreria drop column n_emple;

Tabla modificada.

SQL> select * from libreria;

TEMA            E EJEMPLARES CIUDAD                                             
--------------- - ---------- --------------------                               
Inform tica     A         15 Madrid                                             
Econom¡a        A         10                                                    
Deportes        B          8                                                    
Filosof¡a       C          7 Madrid                                             
Dibujo          C         10 Barcelona                                          
Medicina        C         16                                                    
Biolog¡a        A         11                                                    
Geolog¡a        D          7                                                    
Sociedad        D          9 Madrid                                             
Labores         B         20                                                    
Jardiner¡a      E          6 Barcelona                                          

11 filas seleccionadas.

SQL> update libreria set ciudad = 'Cuenca' where tema is null;

0 filas actualizadas.

SQL> update libreria set ciudad = 'Cuenca' where tema='';

0 filas actualizadas.

SQL> update libreria set ciudad = 'Cuenca' where ciudad is null;

6 filas actualizadas.

SQL> select * from libreria;

TEMA            E EJEMPLARES CIUDAD                                             
--------------- - ---------- --------------------                               
Inform tica     A         15 Madrid                                             
Econom¡a        A         10 Cuenca                                             
Deportes        B          8 Cuenca                                             
Filosof¡a       C          7 Madrid                                             
Dibujo          C         10 Barcelona                                          
Medicina        C         16 Cuenca                                             
Biolog¡a        A         11 Cuenca                                             
Geolog¡a        D          7 Cuenca                                             
Sociedad        D          9 Madrid                                             
Labores         B         20 Cuenca                                             
Jardiner¡a      E          6 Barcelona                                          

11 filas seleccionadas.

SQL> rem fin del ejercicio
SQL> rem fin del ejercicio
SQL> spool off
