SQL> 
SQL> REM 11 - ESTA CONSULTA ANTERIOR SACARÖA LOS RESULTADOS DE TODAS LAS TABLAS QUE SE USAN EN LA BéSQUEDA, PORQUE SE USA EL COMANDO *, UNA POSIBLE SOLUCIàN SERÖA:
SQL> 
SQL> SELECT SOCIOS.* FROM SOCIOS, ASISTIR, CLASES WHERE CLASES.ID_CLASE=ASISTIR.ID_CLASE AND ASISTIR.N_SOCIO=SOCIOS.N_SOCIO AND CLASES.FECHA='%/03/%'AND SOCIOS.NOMBRRE='M%';
SELECT SOCIOS.* FROM SOCIOS, ASISTIR, CLASES WHERE CLASES.ID_CLASE=ASISTIR.ID_CLASE AND ASISTIR.N_SOCIO=SOCIOS.N_SOCIO AND CLASES.FECHA='%/03/%'AND SOCIOS.NOMBRRE='M%'
                                                                                                                                                    *
ERROR en línea 1:
ORA-00904: "SOCIOS"."NOMBRRE": identificador no válido 


SQL> SELECT SOCIOS.* FROM SOCIOS, ASISTIR, CLASES WHERE CLASES.ID_CLASE=ASISTIR.ID_CLASE AND ASISTIR.N_SOCIO=SOCIOS.N_SOCIO AND CLASES.FECHA='%/03/%'AND SOCIOS.NOMBRE LIKE 'M%';

ninguna fila seleccionada

SQL> SELECT SOCIOS.* FROM SOCIOS, ASISTIR, CLASES WHERE CLASES.ID_CLASE=ASISTIR.ID_CLASE AND ASISTIR.N_SOCIO=SOCIOS.N_SOCIO AND CLASES.FECHA LIKE '%/03/%' AND SOCIOS.NOMBRE LIKE 'M%';

   N_SOCIO DNI       NOMBRE               APELLIDO                              
---------- --------- -------------------- --------------------                  
SEG_APELLIDO                                                                    
--------------------                                                            
MAIL                                                                            
--------------------------------------------------------------------------------
TELEFONO   CALLE                                                  NUMERO        
---------- -------------------------------------------------- ----------        
        CP     ID_POB                                                           
---------- ----------                                                           
        14 46934489P MERCEDES             CUBILLO                               
MENAYO                                                                          
mcubillo@yahoo.com                                                              

   N_SOCIO DNI       NOMBRE               APELLIDO                              
---------- --------- -------------------- --------------------                  
SEG_APELLIDO                                                                    
--------------------                                                            
MAIL                                                                            
--------------------------------------------------------------------------------
TELEFONO   CALLE                                                  NUMERO        
---------- -------------------------------------------------- ----------        
        CP     ID_POB                                                           
---------- ----------                                                           
848887557  URUGUAY                                                    11        
     46792          1                                                           
                                                                                

   N_SOCIO DNI       NOMBRE               APELLIDO                              
---------- --------- -------------------- --------------------                  
SEG_APELLIDO                                                                    
--------------------                                                            
MAIL                                                                            
--------------------------------------------------------------------------------
TELEFONO   CALLE                                                  NUMERO        
---------- -------------------------------------------------- ----------        
        CP     ID_POB                                                           
---------- ----------                                                           
        14 46934489P MERCEDES             CUBILLO                               
MENAYO                                                                          
mcubillo@yahoo.com                                                              

   N_SOCIO DNI       NOMBRE               APELLIDO                              
---------- --------- -------------------- --------------------                  
SEG_APELLIDO                                                                    
--------------------                                                            
MAIL                                                                            
--------------------------------------------------------------------------------
TELEFONO   CALLE                                                  NUMERO        
---------- -------------------------------------------------- ----------        
        CP     ID_POB                                                           
---------- ----------                                                           
848887557  URUGUAY                                                    11        
     46792          1                                                           
                                                                                

   N_SOCIO DNI       NOMBRE               APELLIDO                              
---------- --------- -------------------- --------------------                  
SEG_APELLIDO                                                                    
--------------------                                                            
MAIL                                                                            
--------------------------------------------------------------------------------
TELEFONO   CALLE                                                  NUMERO        
---------- -------------------------------------------------- ----------        
        CP     ID_POB                                                           
---------- ----------                                                           
         3 43082463T MARTA                SERRAT                                
SABINA                                                                          
mserrat@gmail.com                                                               

   N_SOCIO DNI       NOMBRE               APELLIDO                              
---------- --------- -------------------- --------------------                  
SEG_APELLIDO                                                                    
--------------------                                                            
MAIL                                                                            
--------------------------------------------------------------------------------
TELEFONO   CALLE                                                  NUMERO        
---------- -------------------------------------------------- ----------        
        CP     ID_POB                                                           
---------- ----------                                                           
217954856  ARANDANO                                                  864        
     28003          6                                                           
                                                                                

   N_SOCIO DNI       NOMBRE               APELLIDO                              
---------- --------- -------------------- --------------------                  
SEG_APELLIDO                                                                    
--------------------                                                            
MAIL                                                                            
--------------------------------------------------------------------------------
TELEFONO   CALLE                                                  NUMERO        
---------- -------------------------------------------------- ----------        
        CP     ID_POB                                                           
---------- ----------                                                           
         8 69873567B MONICA               BIANCO                                
PEREZ                                                                           
mbianco@hotmail.com                                                             

   N_SOCIO DNI       NOMBRE               APELLIDO                              
---------- --------- -------------------- --------------------                  
SEG_APELLIDO                                                                    
--------------------                                                            
MAIL                                                                            
--------------------------------------------------------------------------------
TELEFONO   CALLE                                                  NUMERO        
---------- -------------------------------------------------- ----------        
        CP     ID_POB                                                           
---------- ----------                                                           
299217214  OSLO                                                       30        
     64203          8                                                           
                                                                                

   N_SOCIO DNI       NOMBRE               APELLIDO                              
---------- --------- -------------------- --------------------                  
SEG_APELLIDO                                                                    
--------------------                                                            
MAIL                                                                            
--------------------------------------------------------------------------------
TELEFONO   CALLE                                                  NUMERO        
---------- -------------------------------------------------- ----------        
        CP     ID_POB                                                           
---------- ----------                                                           
        14 46934489P MERCEDES             CUBILLO                               
MENAYO                                                                          
mcubillo@yahoo.com                                                              

   N_SOCIO DNI       NOMBRE               APELLIDO                              
---------- --------- -------------------- --------------------                  
SEG_APELLIDO                                                                    
--------------------                                                            
MAIL                                                                            
--------------------------------------------------------------------------------
TELEFONO   CALLE                                                  NUMERO        
---------- -------------------------------------------------- ----------        
        CP     ID_POB                                                           
---------- ----------                                                           
848887557  URUGUAY                                                    11        
     46792          1                                                           
                                                                                

   N_SOCIO DNI       NOMBRE               APELLIDO                              
---------- --------- -------------------- --------------------                  
SEG_APELLIDO                                                                    
--------------------                                                            
MAIL                                                                            
--------------------------------------------------------------------------------
TELEFONO   CALLE                                                  NUMERO        
---------- -------------------------------------------------- ----------        
        CP     ID_POB                                                           
---------- ----------                                                           
         3 43082463T MARTA                SERRAT                                
SABINA                                                                          
mserrat@gmail.com                                                               

   N_SOCIO DNI       NOMBRE               APELLIDO                              
---------- --------- -------------------- --------------------                  
SEG_APELLIDO                                                                    
--------------------                                                            
MAIL                                                                            
--------------------------------------------------------------------------------
TELEFONO   CALLE                                                  NUMERO        
---------- -------------------------------------------------- ----------        
        CP     ID_POB                                                           
---------- ----------                                                           
217954856  ARANDANO                                                  864        
     28003          6                                                           
                                                                                

   N_SOCIO DNI       NOMBRE               APELLIDO                              
---------- --------- -------------------- --------------------                  
SEG_APELLIDO                                                                    
--------------------                                                            
MAIL                                                                            
--------------------------------------------------------------------------------
TELEFONO   CALLE                                                  NUMERO        
---------- -------------------------------------------------- ----------        
        CP     ID_POB                                                           
---------- ----------                                                           
        12 13597127A MADELEINE            GOMEZ                                 
MOREIRA                                                                         
mgomez@yahoo.com                                                                

   N_SOCIO DNI       NOMBRE               APELLIDO                              
---------- --------- -------------------- --------------------                  
SEG_APELLIDO                                                                    
--------------------                                                            
MAIL                                                                            
--------------------------------------------------------------------------------
TELEFONO   CALLE                                                  NUMERO        
---------- -------------------------------------------------- ----------        
        CP     ID_POB                                                           
---------- ----------                                                           
383638907  CALIFORNIA                                                  8        
     64983          1                                                           
                                                                                

   N_SOCIO DNI       NOMBRE               APELLIDO                              
---------- --------- -------------------- --------------------                  
SEG_APELLIDO                                                                    
--------------------                                                            
MAIL                                                                            
--------------------------------------------------------------------------------
TELEFONO   CALLE                                                  NUMERO        
---------- -------------------------------------------------- ----------        
        CP     ID_POB                                                           
---------- ----------                                                           
        14 46934489P MERCEDES             CUBILLO                               
MENAYO                                                                          
mcubillo@yahoo.com                                                              

   N_SOCIO DNI       NOMBRE               APELLIDO                              
---------- --------- -------------------- --------------------                  
SEG_APELLIDO                                                                    
--------------------                                                            
MAIL                                                                            
--------------------------------------------------------------------------------
TELEFONO   CALLE                                                  NUMERO        
---------- -------------------------------------------------- ----------        
        CP     ID_POB                                                           
---------- ----------                                                           
848887557  URUGUAY                                                    11        
     46792          1                                                           
                                                                                

   N_SOCIO DNI       NOMBRE               APELLIDO                              
---------- --------- -------------------- --------------------                  
SEG_APELLIDO                                                                    
--------------------                                                            
MAIL                                                                            
--------------------------------------------------------------------------------
TELEFONO   CALLE                                                  NUMERO        
---------- -------------------------------------------------- ----------        
        CP     ID_POB                                                           
---------- ----------                                                           
         3 43082463T MARTA                SERRAT                                
SABINA                                                                          
mserrat@gmail.com                                                               

   N_SOCIO DNI       NOMBRE               APELLIDO                              
---------- --------- -------------------- --------------------                  
SEG_APELLIDO                                                                    
--------------------                                                            
MAIL                                                                            
--------------------------------------------------------------------------------
TELEFONO   CALLE                                                  NUMERO        
---------- -------------------------------------------------- ----------        
        CP     ID_POB                                                           
---------- ----------                                                           
217954856  ARANDANO                                                  864        
     28003          6                                                           
                                                                                

   N_SOCIO DNI       NOMBRE               APELLIDO                              
---------- --------- -------------------- --------------------                  
SEG_APELLIDO                                                                    
--------------------                                                            
MAIL                                                                            
--------------------------------------------------------------------------------
TELEFONO   CALLE                                                  NUMERO        
---------- -------------------------------------------------- ----------        
        CP     ID_POB                                                           
---------- ----------                                                           
        12 13597127A MADELEINE            GOMEZ                                 
MOREIRA                                                                         
mgomez@yahoo.com                                                                

   N_SOCIO DNI       NOMBRE               APELLIDO                              
---------- --------- -------------------- --------------------                  
SEG_APELLIDO                                                                    
--------------------                                                            
MAIL                                                                            
--------------------------------------------------------------------------------
TELEFONO   CALLE                                                  NUMERO        
---------- -------------------------------------------------- ----------        
        CP     ID_POB                                                           
---------- ----------                                                           
383638907  CALIFORNIA                                                  8        
     64983          1                                                           
                                                                                

   N_SOCIO DNI       NOMBRE               APELLIDO                              
---------- --------- -------------------- --------------------                  
SEG_APELLIDO                                                                    
--------------------                                                            
MAIL                                                                            
--------------------------------------------------------------------------------
TELEFONO   CALLE                                                  NUMERO        
---------- -------------------------------------------------- ----------        
        CP     ID_POB                                                           
---------- ----------                                                           
         3 43082463T MARTA                SERRAT                                
SABINA                                                                          
mserrat@gmail.com                                                               

   N_SOCIO DNI       NOMBRE               APELLIDO                              
---------- --------- -------------------- --------------------                  
SEG_APELLIDO                                                                    
--------------------                                                            
MAIL                                                                            
--------------------------------------------------------------------------------
TELEFONO   CALLE                                                  NUMERO        
---------- -------------------------------------------------- ----------        
        CP     ID_POB                                                           
---------- ----------                                                           
217954856  ARANDANO                                                  864        
     28003          6                                                           
                                                                                

   N_SOCIO DNI       NOMBRE               APELLIDO                              
---------- --------- -------------------- --------------------                  
SEG_APELLIDO                                                                    
--------------------                                                            
MAIL                                                                            
--------------------------------------------------------------------------------
TELEFONO   CALLE                                                  NUMERO        
---------- -------------------------------------------------- ----------        
        CP     ID_POB                                                           
---------- ----------                                                           
         8 69873567B MONICA               BIANCO                                
PEREZ                                                                           
mbianco@hotmail.com                                                             

   N_SOCIO DNI       NOMBRE               APELLIDO                              
---------- --------- -------------------- --------------------                  
SEG_APELLIDO                                                                    
--------------------                                                            
MAIL                                                                            
--------------------------------------------------------------------------------
TELEFONO   CALLE                                                  NUMERO        
---------- -------------------------------------------------- ----------        
        CP     ID_POB                                                           
---------- ----------                                                           
299217214  OSLO                                                       30        
     64203          8                                                           
                                                                                

   N_SOCIO DNI       NOMBRE               APELLIDO                              
---------- --------- -------------------- --------------------                  
SEG_APELLIDO                                                                    
--------------------                                                            
MAIL                                                                            
--------------------------------------------------------------------------------
TELEFONO   CALLE                                                  NUMERO        
---------- -------------------------------------------------- ----------        
        CP     ID_POB                                                           
---------- ----------                                                           
        14 46934489P MERCEDES             CUBILLO                               
MENAYO                                                                          
mcubillo@yahoo.com                                                              

   N_SOCIO DNI       NOMBRE               APELLIDO                              
---------- --------- -------------------- --------------------                  
SEG_APELLIDO                                                                    
--------------------                                                            
MAIL                                                                            
--------------------------------------------------------------------------------
TELEFONO   CALLE                                                  NUMERO        
---------- -------------------------------------------------- ----------        
        CP     ID_POB                                                           
---------- ----------                                                           
848887557  URUGUAY                                                    11        
     46792          1                                                           
                                                                                

13 filas seleccionadas.

SQL> SET PAGESIZE 800
SQL> SET LINESIZE 800
SQL> SELECT SOCIOS.* FROM SOCIOS, ASISTIR, CLASES WHERE CLASES.ID_CLASE=ASISTIR.ID_CLASE AND ASISTIR.N_SOCIO=SOCIOS.N_SOCIO AND CLASES.FECHA LIKE '%/03/%' AND SOCIOS.NOMBRE LIKE 'M%';

   N_SOCIO DNI       NOMBRE               APELLIDO             SEG_APELLIDO         MAIL                                                                                                 TELEFONO   CALLE                                                  NUMERO         CP     ID_POB                                                                                                                                                                                                                                                                                                                                                                                                                                                                                                                                         
---------- --------- -------------------- -------------------- -------------------- ---------------------------------------------------------------------------------------------------- ---------- -------------------------------------------------- ---------- ---------- ----------                                                                                                                                                                                                                                                                                                                                                                                                                                                                                                                                         
        14 46934489P MERCEDES             CUBILLO              MENAYO               mcubillo@yahoo.com                                                                                   848887557  URUGUAY                                                    11      46792          1                                                                                                                                                                                                                                                                                                                                                                                                                                                                                                                                         
        14 46934489P MERCEDES             CUBILLO              MENAYO               mcubillo@yahoo.com                                                                                   848887557  URUGUAY                                                    11      46792          1                                                                                                                                                                                                                                                                                                                                                                                                                                                                                                                                         
         3 43082463T MARTA                SERRAT               SABINA               mserrat@gmail.com                                                                                    217954856  ARANDANO                                                  864      28003          6                                                                                                                                                                                                                                                                                                                                                                                                                                                                                                                                         
         8 69873567B MONICA               BIANCO               PEREZ                mbianco@hotmail.com                                                                                  299217214  OSLO                                                       30      64203          8                                                                                                                                                                                                                                                                                                                                                                                                                                                                                                                                         
        14 46934489P MERCEDES             CUBILLO              MENAYO               mcubillo@yahoo.com                                                                                   848887557  URUGUAY                                                    11      46792          1                                                                                                                                                                                                                                                                                                                                                                                                                                                                                                                                         
         3 43082463T MARTA                SERRAT               SABINA               mserrat@gmail.com                                                                                    217954856  ARANDANO                                                  864      28003          6                                                                                                                                                                                                                                                                                                                                                                                                                                                                                                                                         
        12 13597127A MADELEINE            GOMEZ                MOREIRA              mgomez@yahoo.com                                                                                     383638907  CALIFORNIA                                                  8      64983          1                                                                                                                                                                                                                                                                                                                                                                                                                                                                                                                                         
        14 46934489P MERCEDES             CUBILLO              MENAYO               mcubillo@yahoo.com                                                                                   848887557  URUGUAY                                                    11      46792          1                                                                                                                                                                                                                                                                                                                                                                                                                                                                                                                                         
         3 43082463T MARTA                SERRAT               SABINA               mserrat@gmail.com                                                                                    217954856  ARANDANO                                                  864      28003          6                                                                                                                                                                                                                                                                                                                                                                                                                                                                                                                                         
        12 13597127A MADELEINE            GOMEZ                MOREIRA              mgomez@yahoo.com                                                                                     383638907  CALIFORNIA                                                  8      64983          1                                                                                                                                                                                                                                                                                                                                                                                                                                                                                                                                         
         3 43082463T MARTA                SERRAT               SABINA               mserrat@gmail.com                                                                                    217954856  ARANDANO                                                  864      28003          6                                                                                                                                                                                                                                                                                                                                                                                                                                                                                                                                         
         8 69873567B MONICA               BIANCO               PEREZ                mbianco@hotmail.com                                                                                  299217214  OSLO                                                       30      64203          8                                                                                                                                                                                                                                                                                                                                                                                                                                                                                                                                         
        14 46934489P MERCEDES             CUBILLO              MENAYO               mcubillo@yahoo.com                                                                                   848887557  URUGUAY                                                    11      46792          1                                                                                                                                                                                                                                                                                                                                                                                                                                                                                                                                         

13 filas seleccionadas.

SQL> 
SQL> REM 12 - OTRA POSIBLE SOLUCIàN:
SQL> 
SQL> SELECT CLASES.ID_CLASE, CLASES.FECHA, CLASES.HORA, CLASES.TIPO FROM SOCIOS, ASISTIR, CLASES WHERE CLASES.ID_CLASE=ASISTIR.ID_CLASE AND ASISTIR.N_SOCIO=SOCIOS.N_SOCIO AND CLASES.FECHA='%/03/%' AND SOCIOS.NOMBRRE='M%';
SELECT CLASES.ID_CLASE, CLASES.FECHA, CLASES.HORA, CLASES.TIPO FROM SOCIOS, ASISTIR, CLASES WHERE CLASES.ID_CLASE=ASISTIR.ID_CLASE AND ASISTIR.N_SOCIO=SOCIOS.N_SOCIO AND CLASES.FECHA='%/03/%' AND SOCIOS.NOMBRRE='M%'
                                                                                                                                                                                                    *
ERROR en línea 1:
ORA-00904: "SOCIOS"."NOMBRRE": identificador no válido 


SQL> 
SQL> SELECT CLASES.ID_CLASE, CLASES.FECHA, CLASES.HORA, CLASES.TIPO FROM SOCIOS, ASISTIR, CLASES WHERE CLASES.ID_CLASE=ASISTIR.ID_CLASE AND ASISTIR.N_SOCIO=SOCIOS.N_SOCIO AND CLASES.FECHA LIKE '%/03/%' AND SOCIOS.NOMBRE LIKE 'M%';

  ID_CLASE FECHA            HORA TIPO                                                                                                                                                                                                                                                                                                                                                                                                                                                                                                                                                                                                                                                                                                                                                                                           
---------- ---------- ---------- --------------------                                                                                                                                                                                                                                                                                                                                                                                                                                                                                                                                                                                                                                                                                                                                                                           
         6 2022/03/22       1330 ZUMBA                                                                                                                                                                                                                                                                                                                                                                                                                                                                                                                                                                                                                                                                                                                                                                                          
         7 2022/03/22       1530 ZUMBA                                                                                                                                                                                                                                                                                                                                                                                                                                                                                                                                                                                                                                                                                                                                                                                          
         9 2022/03/22       1930 ZUMBA                                                                                                                                                                                                                                                                                                                                                                                                                                                                                                                                                                                                                                                                                                                                                                                          
         9 2022/03/22       1930 ZUMBA                                                                                                                                                                                                                                                                                                                                                                                                                                                                                                                                                                                                                                                                                                                                                                                          
         9 2022/03/22       1930 ZUMBA                                                                                                                                                                                                                                                                                                                                                                                                                                                                                                                                                                                                                                                                                                                                                                                          
        10 2022/03/22       2130 ZUMBA                                                                                                                                                                                                                                                                                                                                                                                                                                                                                                                                                                                                                                                                                                                                                                                          
        10 2022/03/22       2130 ZUMBA                                                                                                                                                                                                                                                                                                                                                                                                                                                                                                                                                                                                                                                                                                                                                                                          
        10 2022/03/22       2130 ZUMBA                                                                                                                                                                                                                                                                                                                                                                                                                                                                                                                                                                                                                                                                                                                                                                                          
        12 2022/03/22       1030 ZUMBA                                                                                                                                                                                                                                                                                                                                                                                                                                                                                                                                                                                                                                                                                                                                                                                          
        12 2022/03/22       1030 ZUMBA                                                                                                                                                                                                                                                                                                                                                                                                                                                                                                                                                                                                                                                                                                                                                                                          
        14 2022/03/22       1430 ZUMBA                                                                                                                                                                                                                                                                                                                                                                                                                                                                                                                                                                                                                                                                                                                                                                                          
        15 2022/03/22       1630 ZUMBA                                                                                                                                                                                                                                                                                                                                                                                                                                                                                                                                                                                                                                                                                                                                                                                          
        15 2022/03/22       1630 ZUMBA                                                                                                                                                                                                                                                                                                                                                                                                                                                                                                                                                                                                                                                                                                                                                                                          

13 filas seleccionadas.

SQL> 
SQL> REM 13 - NOMBRE COMPLETO DE TODOS LOS PROFESORES QUE HAN DADO ZUMBA POR LA MA¥ANA
SQL> 
SQL> SELECT PROFESORES.NOMBRE, PROFESORES.APELLIDO, PROFESORES.SEG_APELLIDO FROM PROFESORES, DAR_ZUMBA, CLASES WHERE NUMBER>800 AND NUMBER<1400 AND PROFESORES.N_PROFESOR=DAR_ZUMBA.N_PROFESOR AND DAR_ZUMBA.ID_CLASE=CLASES.ID_CLASE;
SELECT PROFESORES.NOMBRE, PROFESORES.APELLIDO, PROFESORES.SEG_APELLIDO FROM PROFESORES, DAR_ZUMBA, CLASES WHERE NUMBER>800 AND NUMBER<1400 AND PROFESORES.N_PROFESOR=DAR_ZUMBA.N_PROFESOR AND DAR_ZUMBA.ID_CLASE=CLASES.ID_CLASE
                                                                                                                *
ERROR en línea 1:
ORA-00936: falta una expresión 


SQL> SELECT PROFESORES.NOMBRE, PROFESORES.APELLIDO, PROFESORES.SEG_APELLIDO FROM PROFESORES, DAR_ZUMBA, CLASES WHERE NUMBER>800 AND NUMBER<1400 AND PROFESORES.N_PROFESOR=DAR_ZUMBA.N_PROFESOR AND DAR_ZUMBA.ID_CLASE=CLASES.ID_CLASE;
SELECT PROFESORES.NOMBRE, PROFESORES.APELLIDO, PROFESORES.SEG_APELLIDO FROM PROFESORES, DAR_ZUMBA, CLASES WHERE NUMBER>800 AND NUMBER<1400 AND PROFESORES.N_PROFESOR=DAR_ZUMBA.N_PROFESOR AND DAR_ZUMBA.ID_CLASE=CLASES.ID_CLASE
                                                                                                                *
ERROR en línea 1:
ORA-00936: falta una expresión 


SQL> DESC PROFESORES
 Nombre                                                                                                                                                                                                                                                                                                                                                                                                                                                                                    ¿Nulo?   Tipo
 ----------------------------------------------------------------------------------------------------------------------------------------------------------------------------------------------------------------------------------------------------------------------------------------------------------------------------------------------------------------------------------------------------------------------------------------------------------------------------------------- -------- ----------------------------------------------------------------------------------------------------------------------------------------------------------------------------------------------------------------------------------------------------------------------------------------------------------------------------
 N_PROFESOR                                                                                                                                                                                                                                                                                                                                                                                                                                                                                NOT NULL NUMBER(7)
 DNI                                                                                                                                                                                                                                                                                                                                                                                                                                                                                                VARCHAR2(9)
 NOMBRE                                                                                                                                                                                                                                                                                                                                                                                                                                                                                             VARCHAR2(20)
 APELLIDO                                                                                                                                                                                                                                                                                                                                                                                                                                                                                           VARCHAR2(20)
 SEG_APELLIDO                                                                                                                                                                                                                                                                                                                                                                                                                                                                                       VARCHAR2(20)
 MAIL                                                                                                                                                                                                                                                                                                                                                                                                                                                                                               VARCHAR2(100)
 TELEFONO                                                                                                                                                                                                                                                                                                                                                                                                                                                                                           VARCHAR2(10)
 CALLE                                                                                                                                                                                                                                                                                                                                                                                                                                                                                              VARCHAR2(50)
 NUMERO                                                                                                                                                                                                                                                                                                                                                                                                                                                                                             NUMBER(3)
 CP                                                                                                                                                                                                                                                                                                                                                                                                                                                                                                 NUMBER(5)
 LICENCIA                                                                                                                                                                                                                                                                                                                                                                                                                                                                                           NUMBER(6)
 ESTILO                                                                                                                                                                                                                                                                                                                                                                                                                                                                                             VARCHAR2(8)
 ID_POB                                                                                                                                                                                                                                                                                                                                                                                                                                                                                             NUMBER(5)

SQL> SET LINESIZE 800
SQL> SET PAGESIZE 800
SQL> SELECT PROFESORES.NOMBRE, PROFESORES.APELLIDO, PROFESORES.SEG_APELLIDO FROM PROFESORES, DAR_ZUMBA, CLASES WHERE NUMBER>800 AND NUMBER<1400 AND PROFESORES.N_PROFESOR=DAR_ZUMBA.N_PROFESOR AND DAR_ZUMBA.ID_CLASE=CLASES.ID_CLASE;
SELECT PROFESORES.NOMBRE, PROFESORES.APELLIDO, PROFESORES.SEG_APELLIDO FROM PROFESORES, DAR_ZUMBA, CLASES WHERE NUMBER>800 AND NUMBER<1400 AND PROFESORES.N_PROFESOR=DAR_ZUMBA.N_PROFESOR AND DAR_ZUMBA.ID_CLASE=CLASES.ID_CLASE
                                                                                                                *
ERROR en línea 1:
ORA-00936: falta una expresión 


SQL> DESC PROFESORES
 Nombre                                                                                                                                                                                                                                                                                                                                                                                                                                                                                    ¿Nulo?   Tipo
 ----------------------------------------------------------------------------------------------------------------------------------------------------------------------------------------------------------------------------------------------------------------------------------------------------------------------------------------------------------------------------------------------------------------------------------------------------------------------------------------- -------- ----------------------------------------------------------------------------------------------------------------------------------------------------------------------------------------------------------------------------------------------------------------------------------------------------------------------------
 N_PROFESOR                                                                                                                                                                                                                                                                                                                                                                                                                                                                                NOT NULL NUMBER(7)
 DNI                                                                                                                                                                                                                                                                                                                                                                                                                                                                                                VARCHAR2(9)
 NOMBRE                                                                                                                                                                                                                                                                                                                                                                                                                                                                                             VARCHAR2(20)
 APELLIDO                                                                                                                                                                                                                                                                                                                                                                                                                                                                                           VARCHAR2(20)
 SEG_APELLIDO                                                                                                                                                                                                                                                                                                                                                                                                                                                                                       VARCHAR2(20)
 MAIL                                                                                                                                                                                                                                                                                                                                                                                                                                                                                               VARCHAR2(100)
 TELEFONO                                                                                                                                                                                                                                                                                                                                                                                                                                                                                           VARCHAR2(10)
 CALLE                                                                                                                                                                                                                                                                                                                                                                                                                                                                                              VARCHAR2(50)
 NUMERO                                                                                                                                                                                                                                                                                                                                                                                                                                                                                             NUMBER(3)
 CP                                                                                                                                                                                                                                                                                                                                                                                                                                                                                                 NUMBER(5)
 LICENCIA                                                                                                                                                                                                                                                                                                                                                                                                                                                                                           NUMBER(6)
 ESTILO                                                                                                                                                                                                                                                                                                                                                                                                                                                                                             VARCHAR2(8)
 ID_POB                                                                                                                                                                                                                                                                                                                                                                                                                                                                                             NUMBER(5)

SQL> SELECT PROFESORES.NOMBRE, PROFESORES.APELLIDO, PROFESORES.SEG_APELLIDO FROM PROFESORES, DAR_ZUMBA, CLASES WHERE NUMBER>800 AND NUMBER<1400 AND PROFESORES.N_PROFESOR=DAR_ZUMBA.N_PROFESOR AND DAR_ZUMBA.ID_CLASE=CLASES.ID_CLASE;
SELECT PROFESORES.NOMBRE, PROFESORES.APELLIDO, PROFESORES.SEG_APELLIDO FROM PROFESORES, DAR_ZUMBA, CLASES WHERE NUMBER>800 AND NUMBER<1400 AND PROFESORES.N_PROFESOR=DAR_ZUMBA.N_PROFESOR AND DAR_ZUMBA.ID_CLASE=CLASES.ID_CLASE
                                                                                                                *
ERROR en línea 1:
ORA-00936: falta una expresión 


SQL> 
SQL> SELECT PROFESORES.NOMBRE, PROFESORES.APELLIDO, PROFESORES.SEG_APELLIDO FROM PROFESORES, DAR_ZUMBA, CLASES WHERE NUMBER>800 AND NUMBER<1400 AND PROFESORES.N_PROFESOR=DAR_ZUMBA.N_PROFESOR AND DAR_ZUMBA.ID_CLASE=CLASES.ID_CLASE
  2  ;
SELECT PROFESORES.NOMBRE, PROFESORES.APELLIDO, PROFESORES.SEG_APELLIDO FROM PROFESORES, DAR_ZUMBA, CLASES WHERE NUMBER>800 AND NUMBER<1400 AND PROFESORES.N_PROFESOR=DAR_ZUMBA.N_PROFESOR AND DAR_ZUMBA.ID_CLASE=CLASES.ID_CLASE
                                                                                                                *
ERROR en línea 1:
ORA-00936: falta una expresión 


SQL> SELECT PROFESORES.NOMBRE, PROFESORES.APELLIDO, PROFESORES.SEG_APELLIDO FROM PROFESORES, DAR_ZUMBA, CLASES WHERE CLASES.HORA>800 AND CLASES.HORA<1400 AND PROFESORES.N_PROFESOR=DAR_ZUMBA.N_PROFESOR AND DAR_ZUMBA.ID_CLASE=CLASES.ID_CLASE;

NOMBRE               APELLIDO             SEG_APELLIDO                                                                                                                                                                                                                                                                                                                                                                                                                                                                                                                                                                                                                                                                                                                                                                          
-------------------- -------------------- --------------------                                                                                                                                                                                                                                                                                                                                                                                                                                                                                                                                                                                                                                                                                                                                                                  
MANUEL               GALLEGO              HERRERA                                                                                                                                                                                                                                                                                                                                                                                                                                                                                                                                                                                                                                                                                                                                                                               
MANUEL               GALLEGO              HERRERA                                                                                                                                                                                                                                                                                                                                                                                                                                                                                                                                                                                                                                                                                                                                                                               
LUCIA                ALVAR                ORTEGA                                                                                                                                                                                                                                                                                                                                                                                                                                                                                                                                                                                                                                                                                                                                                                                
MARIA                OSUNA                GALISTEO                                                                                                                                                                                                                                                                                                                                                                                                                                                                                                                                                                                                                                                                                                                                                                              
MARIA                OSUNA                GALISTEO                                                                                                                                                                                                                                                                                                                                                                                                                                                                                                                                                                                                                                                                                                                                                                              
MANUEL               GALLEGO              HERRERA                                                                                                                                                                                                                                                                                                                                                                                                                                                                                                                                                                                                                                                                                                                                                                               
SERGIO               NAVAS                                                                                                                                                                                                                                                                                                                                                                                                                                                                                                                                                                                                                                                                                                                                                                                                      

7 filas seleccionadas.

SQL> SELECT DISTINCT PROFESORES.NOMBRE, PROFESORES.APELLIDO, PROFESORES.SEG_APELLIDO FROM PROFESORES, DAR_ZUMBA, CLASES WHERE CLASES.HORA>800 AND CLASES.HORA<1400 AND PROFESORES.N_PROFESOR=DAR_ZUMBA.N_PROFESOR AND DAR_ZUMBA.ID_CLASE=CLASES.ID_CLASE;

NOMBRE               APELLIDO             SEG_APELLIDO                                                                                                                                                                                                                                                                                                                                                                                                                                                                                                                                                                                                                                                                                                                                                                          
-------------------- -------------------- --------------------                                                                                                                                                                                                                                                                                                                                                                                                                                                                                                                                                                                                                                                                                                                                                                  
MANUEL               GALLEGO              HERRERA                                                                                                                                                                                                                                                                                                                                                                                                                                                                                                                                                                                                                                                                                                                                                                               
SERGIO               NAVAS                                                                                                                                                                                                                                                                                                                                                                                                                                                                                                                                                                                                                                                                                                                                                                                                      
MARIA                OSUNA                GALISTEO                                                                                                                                                                                                                                                                                                                                                                                                                                                                                                                                                                                                                                                                                                                                                                              
LUCIA                ALVAR                ORTEGA                                                                                                                                                                                                                                                                                                                                                                                                                                                                                                                                                                                                                                                                                                                                                                                

SQL> 
SQL> REM 14 - LOS NOMBRES Y TELFONOS DE LOS SOCIOS QUE HAN ASISTIDO A CLASES DE DANIEL
SQL> 
SQL> SELECT SOCIOS.NOMBRE, SOCIOS.TELEFONO FROM SOCIOS, PROFESORES, ASISTIR, DARSE WHERE SOCIOS.N_SOCIO=ASISTIR.N_SOCIO AND ASISTIR.ID_CLASE=DARSE.ID_CLASE AND DARSE.N_PROFESOR=PROFESORES.N_PROFESOR AND PROFESORES.NOMBRE='DANIEL';
SELECT SOCIOS.NOMBRE, SOCIOS.TELEFONO FROM SOCIOS, PROFESORES, ASISTIR, DARSE WHERE SOCIOS.N_SOCIO=ASISTIR.N_SOCIO AND ASISTIR.ID_CLASE=DARSE.ID_CLASE AND DARSE.N_PROFESOR=PROFESORES.N_PROFESOR AND PROFESORES.NOMBRE='DANIEL'
                                                                                                                                                           *
ERROR en línea 1:
ORA-00904: "DARSE"."N_PROFESOR": identificador no válido 


SQL> DESC DARSE
 Nombre                                                                                                                                                                                                                                                                                                                                                                                                                                                                                    ¿Nulo?   Tipo
 ----------------------------------------------------------------------------------------------------------------------------------------------------------------------------------------------------------------------------------------------------------------------------------------------------------------------------------------------------------------------------------------------------------------------------------------------------------------------------------------- -------- ----------------------------------------------------------------------------------------------------------------------------------------------------------------------------------------------------------------------------------------------------------------------------------------------------------------------------
 ID_CLASE                                                                                                                                                                                                                                                                                                                                                                                                                                                                                  NOT NULL NUMBER(6)
 N_SALA                                                                                                                                                                                                                                                                                                                                                                                                                                                                                    NOT NULL NUMBER(3)

SQL> SELECT SOCIOS.NOMBRE, SOCIOS.TELEFONO FROM SOCIOS, PROFESORES, ASISTIR, DARSE WHERE SOCIOS.N_SOCIO=ASISTIR.N_SOCIO AND ASISTIR.ID_CLASE=DARSE.ID_CLASE AND DARSE.N_PROFESOR=PROFESORES.N_PROFESOR AND PROFESORES.NOMBRE='DANIEL' AND CLASES.ESTILO=PROFESORES.ESTILO;
SELECT SOCIOS.NOMBRE, SOCIOS.TELEFONO FROM SOCIOS, PROFESORES, ASISTIR, DARSE WHERE SOCIOS.N_SOCIO=ASISTIR.N_SOCIO AND ASISTIR.ID_CLASE=DARSE.ID_CLASE AND DARSE.N_PROFESOR=PROFESORES.N_PROFESOR AND PROFESORES.NOMBRE='DANIEL' AND CLASES.ESTILO=PROFESORES.ESTILO
                                                                                                                                                                                                                                     *
ERROR en línea 1:
ORA-00904: "CLASES"."ESTILO": identificador no válido 


SQL> DESC CLASES
 Nombre                                                                                                                                                                                                                                                                                                                                                                                                                                                                                    ¿Nulo?   Tipo
 ----------------------------------------------------------------------------------------------------------------------------------------------------------------------------------------------------------------------------------------------------------------------------------------------------------------------------------------------------------------------------------------------------------------------------------------------------------------------------------------- -------- ----------------------------------------------------------------------------------------------------------------------------------------------------------------------------------------------------------------------------------------------------------------------------------------------------------------------------
 ID_CLASE                                                                                                                                                                                                                                                                                                                                                                                                                                                                                  NOT NULL NUMBER(6)
 FECHA                                                                                                                                                                                                                                                                                                                                                                                                                                                                                              VARCHAR2(10)
 HORA                                                                                                                                                                                                                                                                                                                                                                                                                                                                                               NUMBER(4)
 TIPO                                                                                                                                                                                                                                                                                                                                                                                                                                                                                               VARCHAR2(20)

SQL> SELECT SOCIOS.NOMBRE, SOCIOS.TELEFONO FROM SOCIOS, PROFESORES, ASISTIR, DARSE WHERE SOCIOS.N_SOCIO=ASISTIR.N_SOCIO AND ASISTIR.ID_CLASE=DARSE.ID_CLASE AND DARSE.N_PROFESOR=PROFESORES.N_PROFESOR AND PROFESORES.NOMBRE='DANIEL' AND CLASES.TIPO=PROFESORES.TIPO;
SELECT SOCIOS.NOMBRE, SOCIOS.TELEFONO FROM SOCIOS, PROFESORES, ASISTIR, DARSE WHERE SOCIOS.N_SOCIO=ASISTIR.N_SOCIO AND ASISTIR.ID_CLASE=DARSE.ID_CLASE AND DARSE.N_PROFESOR=PROFESORES.N_PROFESOR AND PROFESORES.NOMBRE='DANIEL' AND CLASES.TIPO=PROFESORES.TIPO
                                                                                                                                                                                                                                                 *
ERROR en línea 1:
ORA-00904: "PROFESORES"."TIPO": identificador no válido 


SQL> SELECT SOCIOS.NOMBRE, SOCIOS.TELEFONO FROM SOCIOS, PROFESORES, ASISTIR, DARSE WHERE SOCIOS.N_SOCIO=ASISTIR.N_SOCIO AND ASISTIR.ID_CLASE=DARSE.ID_CLASE AND DARSE.N_PROFESOR=PROFESORES.N_PROFESOR AND PROFESORES.NOMBRE='DANIEL' AND CLASES.TIPO=PROFESORES.ESTILO;
SELECT SOCIOS.NOMBRE, SOCIOS.TELEFONO FROM SOCIOS, PROFESORES, ASISTIR, DARSE WHERE SOCIOS.N_SOCIO=ASISTIR.N_SOCIO AND ASISTIR.ID_CLASE=DARSE.ID_CLASE AND DARSE.N_PROFESOR=PROFESORES.N_PROFESOR AND PROFESORES.NOMBRE='DANIEL' AND CLASES.TIPO=PROFESORES.ESTILO
                                                                                                                                                                                                                                     *
ERROR en línea 1:
ORA-00904: "CLASES"."TIPO": identificador no válido 


SQL> SELECT SOCIOS.NOMBRE, SOCIOS.TELEFONO FROM SOCIOS, PROFESORES, ASISTIR, CLASES WHERE SOCIOS.N_SOCIO=ASISTIR.N_SOCIO AND ASISTIR.ID_CLASE=DARSE.ID_CLASE AND DARSE.N_PROFESOR=PROFESORES.N_PROFESOR AND PROFESORES.NOMBRE='DANIEL' AND CLASES.TIPO=PROFESORES.ESTILO;
SELECT SOCIOS.NOMBRE, SOCIOS.TELEFONO FROM SOCIOS, PROFESORES, ASISTIR, CLASES WHERE SOCIOS.N_SOCIO=ASISTIR.N_SOCIO AND ASISTIR.ID_CLASE=DARSE.ID_CLASE AND DARSE.N_PROFESOR=PROFESORES.N_PROFESOR AND PROFESORES.NOMBRE='DANIEL' AND CLASES.TIPO=PROFESORES.ESTILO
                                                                                                                                                            *
ERROR en línea 1:
ORA-00904: "DARSE"."N_PROFESOR": identificador no válido 


SQL> SELECT SOCIOS.NOMBRE, SOCIOS.TELEFONO FROM SOCIOS, PROFESORES, ASISTIR, CLASES, DARSE WHERE SOCIOS.N_SOCIO=ASISTIR.N_SOCIO AND ASISTIR.ID_CLASE=DARSE.ID_CLASE AND DARSE.N_PROFESOR=PROFESORES.N_PROFESOR AND PROFESORES.NOMBRE='DANIEL' AND CLASES.TIPO=PROFESORES.ESTILO;
SELECT SOCIOS.NOMBRE, SOCIOS.TELEFONO FROM SOCIOS, PROFESORES, ASISTIR, CLASES, DARSE WHERE SOCIOS.N_SOCIO=ASISTIR.N_SOCIO AND ASISTIR.ID_CLASE=DARSE.ID_CLASE AND DARSE.N_PROFESOR=PROFESORES.N_PROFESOR AND PROFESORES.NOMBRE='DANIEL' AND CLASES.TIPO=PROFESORES.ESTILO
                                                                                                                                                                   *
ERROR en línea 1:
ORA-00904: "DARSE"."N_PROFESOR": identificador no válido 


SQL> SELECT SOCIOS.NOMBRE, SOCIOS.TELEFONO FROM SOCIOS, PROFESORES, ASISTIR, CLASES, DARSE WHERE SOCIOS.N_SOCIO=ASISTIR.N_SOCIO AND ASISTIR.ID_CLASE=DARSE.ID_CLASE AND CLASES.N_PROFESOR=PROFESORES.N_PROFESOR AND PROFESORES.NOMBRE='DANIEL' AND CLASES.TIPO=PROFESORES.ESTILO;
SELECT SOCIOS.NOMBRE, SOCIOS.TELEFONO FROM SOCIOS, PROFESORES, ASISTIR, CLASES, DARSE WHERE SOCIOS.N_SOCIO=ASISTIR.N_SOCIO AND ASISTIR.ID_CLASE=DARSE.ID_CLASE AND CLASES.N_PROFESOR=PROFESORES.N_PROFESOR AND PROFESORES.NOMBRE='DANIEL' AND CLASES.TIPO=PROFESORES.ESTILO
                                                                                                                                                                   *
ERROR en línea 1:
ORA-00904: "CLASES"."N_PROFESOR": identificador no válido 


SQL> DESC CLASES
 Nombre                                                                                                                                                                                                                                                                                                                                                                                                                                                                                    ¿Nulo?   Tipo
 ----------------------------------------------------------------------------------------------------------------------------------------------------------------------------------------------------------------------------------------------------------------------------------------------------------------------------------------------------------------------------------------------------------------------------------------------------------------------------------------- -------- ----------------------------------------------------------------------------------------------------------------------------------------------------------------------------------------------------------------------------------------------------------------------------------------------------------------------------
 ID_CLASE                                                                                                                                                                                                                                                                                                                                                                                                                                                                                  NOT NULL NUMBER(6)
 FECHA                                                                                                                                                                                                                                                                                                                                                                                                                                                                                              VARCHAR2(10)
 HORA                                                                                                                                                                                                                                                                                                                                                                                                                                                                                               NUMBER(4)
 TIPO                                                                                                                                                                                                                                                                                                                                                                                                                                                                                               VARCHAR2(20)

SQL> SELECT DISTINCT SOCIOS.NOMBRE, SOCIOS.TELEFONO FROM SOCIOS, PROFESORES, ASISTIR, CLASES, DARSE WHERE SOCIOS.N_SOCIO=ASISTIR.N_SOCIO AND ASISTIR.ID_CLASE=DARSE.ID_CLASE AND CLASES.N_PROFESOR=PROFESORES.N_PROFESOR AND PROFESORES.NOMBRE='DANIEL' AND CLASES.TIPO=PROFESORES.ESTILO;
SELECT DISTINCT SOCIOS.NOMBRE, SOCIOS.TELEFONO FROM SOCIOS, PROFESORES, ASISTIR, CLASES, DARSE WHERE SOCIOS.N_SOCIO=ASISTIR.N_SOCIO AND ASISTIR.ID_CLASE=DARSE.ID_CLASE AND CLASES.N_PROFESOR=PROFESORES.N_PROFESOR AND PROFESORES.NOMBRE='DANIEL' AND CLASES.TIPO=PROFESORES.ESTILO
                                                                                                                                                                            *
ERROR en línea 1:
ORA-00904: "CLASES"."N_PROFESOR": identificador no válido 


SQL> SELECT DISTINCT SOCIOS.NOMBRE, SOCIOS.TELEFONO FROM SOCIOS, PROFESORES, ASISTIR, CLASES, DARSE WHERE SOCIOS.N_SOCIO=ASISTIR.N_SOCIO AND ASISTIR.ID_CLASE=DARSE.ID_CLASE AND CLASES.N_PROFESOR=PROFESORES.N_PROFESOR AND PROFESORES.NOMBRE='DANIEL' AND CLASES.TIPO=PROFESORES.ESTILO;
SELECT DISTINCT SOCIOS.NOMBRE, SOCIOS.TELEFONO FROM SOCIOS, PROFESORES, ASISTIR, CLASES, DARSE WHERE SOCIOS.N_SOCIO=ASISTIR.N_SOCIO AND ASISTIR.ID_CLASE=DARSE.ID_CLASE AND CLASES.N_PROFESOR=PROFESORES.N_PROFESOR AND PROFESORES.NOMBRE='DANIEL' AND CLASES.TIPO=PROFESORES.ESTILO
                                                                                                                                                                            *
ERROR en línea 1:
ORA-00904: "CLASES"."N_PROFESOR": identificador no válido 


SQL> SELECT S.* FROM SOCIOS S, ASISTIR A, CLASES C, PROFESORES P WHERE S.N_SOCIO = A.N_SOCIO AND A.ID_CLASE = C.ID_CLASE AND C.TIPO = P.ESTILO AND P.NOMBRE='ZUMBA';

ninguna fila seleccionada

SQL> SELECT S.* FROM SOCIOS S, ASISTIR A, CLASES C, PROFESORES P WHERE S.N_SOCIO = A.N_SOCIO AND A.ID_CLASE = C.ID_CLASE AND C.TIPO = P.ESTILO AND P.NOMBRE='DANIEL';

ninguna fila seleccionada

SQL> SELECT * FROM CLASES, PROFESORES WHERE TIPO = ESTILO AND NOMBRE = 'DANIEL';

  ID_CLASE FECHA            HORA TIPO                 N_PROFESOR DNI       NOMBRE               APELLIDO             SEG_APELLIDO         MAIL                                                                                                 TELEFONO   CALLE                                                  NUMERO         CP   LICENCIA ESTILO       ID_POB                                                                                                                                                                                                                                                                                                                                                                                                                                                               
---------- ---------- ---------- -------------------- ---------- --------- -------------------- -------------------- -------------------- ---------------------------------------------------------------------------------------------------- ---------- -------------------------------------------------- ---------- ---------- ---------- -------- ----------                                                                                                                                                                                                                                                                                                                                                                                                                                                               
        18 2022/03/22       2230 SPINNING                      1 50065349J DANIEL               NAVARRO              MONTERO              dnavarro@gmail.com                                                                                   648462568  DOMINGO                                                    12      28300     656359 SPINNING          1                                                                                                                                                                                                                                                                                                                                                                                                                                                               
        19 2022/04/24        930 SPINNING                      1 50065349J DANIEL               NAVARRO              MONTERO              dnavarro@gmail.com                                                                                   648462568  DOMINGO                                                    12      28300     656359 SPINNING          1                                                                                                                                                                                                                                                                                                                                                                                                                                                               
        20 2022/04/24       1130 SPINNING                      1 50065349J DANIEL               NAVARRO              MONTERO              dnavarro@gmail.com                                                                                   648462568  DOMINGO                                                    12      28300     656359 SPINNING          1                                                                                                                                                                                                                                                                                                                                                                                                                                                               
        21 2022/04/24       1330 SPINNING                      1 50065349J DANIEL               NAVARRO              MONTERO              dnavarro@gmail.com                                                                                   648462568  DOMINGO                                                    12      28300     656359 SPINNING          1                                                                                                                                                                                                                                                                                                                                                                                                                                                               
        22 2022/04/24       1530 SPINNING                      1 50065349J DANIEL               NAVARRO              MONTERO              dnavarro@gmail.com                                                                                   648462568  DOMINGO                                                    12      28300     656359 SPINNING          1                                                                                                                                                                                                                                                                                                                                                                                                                                                               
        23 2022/04/24       1730 SPINNING                      1 50065349J DANIEL               NAVARRO              MONTERO              dnavarro@gmail.com                                                                                   648462568  DOMINGO                                                    12      28300     656359 SPINNING          1                                                                                                                                                                                                                                                                                                                                                                                                                                                               
        24 2022/04/24       1930 SPINNING                      1 50065349J DANIEL               NAVARRO              MONTERO              dnavarro@gmail.com                                                                                   648462568  DOMINGO                                                    12      28300     656359 SPINNING          1                                                                                                                                                                                                                                                                                                                                                                                                                                                               
        25 2022/04/24       2130 SPINNING                      1 50065349J DANIEL               NAVARRO              MONTERO              dnavarro@gmail.com                                                                                   648462568  DOMINGO                                                    12      28300     656359 SPINNING          1                                                                                                                                                                                                                                                                                                                                                                                                                                                               
        26 2022/04/24        830 SPINNING                      1 50065349J DANIEL               NAVARRO              MONTERO              dnavarro@gmail.com                                                                                   648462568  DOMINGO                                                    12      28300     656359 SPINNING          1                                                                                                                                                                                                                                                                                                                                                                                                                                                               
        27 2022/04/24       1030 SPINNING                      1 50065349J DANIEL               NAVARRO              MONTERO              dnavarro@gmail.com                                                                                   648462568  DOMINGO                                                    12      28300     656359 SPINNING          1                                                                                                                                                                                                                                                                                                                                                                                                                                                               
        28 2022/04/24       1230 SPINNING                      1 50065349J DANIEL               NAVARRO              MONTERO              dnavarro@gmail.com                                                                                   648462568  DOMINGO                                                    12      28300     656359 SPINNING          1                                                                                                                                                                                                                                                                                                                                                                                                                                                               
        29 2022/04/24       1430 SPINNING                      1 50065349J DANIEL               NAVARRO              MONTERO              dnavarro@gmail.com                                                                                   648462568  DOMINGO                                                    12      28300     656359 SPINNING          1                                                                                                                                                                                                                                                                                                                                                                                                                                                               
        30 2022/04/24       1630 SPINNING                      1 50065349J DANIEL               NAVARRO              MONTERO              dnavarro@gmail.com                                                                                   648462568  DOMINGO                                                    12      28300     656359 SPINNING          1                                                                                                                                                                                                                                                                                                                                                                                                                                                               
        31 2022/04/24       1830 SPINNING                      1 50065349J DANIEL               NAVARRO              MONTERO              dnavarro@gmail.com                                                                                   648462568  DOMINGO                                                    12      28300     656359 SPINNING          1                                                                                                                                                                                                                                                                                                                                                                                                                                                               
        32 2022/04/24       2030 SPINNING                      1 50065349J DANIEL               NAVARRO              MONTERO              dnavarro@gmail.com                                                                                   648462568  DOMINGO                                                    12      28300     656359 SPINNING          1                                                                                                                                                                                                                                                                                                                                                                                                                                                               
        33 2022/04/24       2230 SPINNING                      1 50065349J DANIEL               NAVARRO              MONTERO              dnavarro@gmail.com                                                                                   648462568  DOMINGO                                                    12      28300     656359 SPINNING          1                                                                                                                                                                                                                                                                                                                                                                                                                                                               

16 filas seleccionadas.

SQL> SELECT CLASES.* FROM CLASES, PROFESORES WHERE TIPO = ESTILO AND NOMBRE = 'DANIEL';

  ID_CLASE FECHA            HORA TIPO                                                                                                                                                                                                                                                                                                                                                                                                                                                                                                                                                                                                                                                                                                                                                                                           
---------- ---------- ---------- --------------------                                                                                                                                                                                                                                                                                                                                                                                                                                                                                                                                                                                                                                                                                                                                                                           
        18 2022/03/22       2230 SPINNING                                                                                                                                                                                                                                                                                                                                                                                                                                                                                                                                                                                                                                                                                                                                                                                       
        19 2022/04/24        930 SPINNING                                                                                                                                                                                                                                                                                                                                                                                                                                                                                                                                                                                                                                                                                                                                                                                       
        20 2022/04/24       1130 SPINNING                                                                                                                                                                                                                                                                                                                                                                                                                                                                                                                                                                                                                                                                                                                                                                                       
        21 2022/04/24       1330 SPINNING                                                                                                                                                                                                                                                                                                                                                                                                                                                                                                                                                                                                                                                                                                                                                                                       
        22 2022/04/24       1530 SPINNING                                                                                                                                                                                                                                                                                                                                                                                                                                                                                                                                                                                                                                                                                                                                                                                       
        23 2022/04/24       1730 SPINNING                                                                                                                                                                                                                                                                                                                                                                                                                                                                                                                                                                                                                                                                                                                                                                                       
        24 2022/04/24       1930 SPINNING                                                                                                                                                                                                                                                                                                                                                                                                                                                                                                                                                                                                                                                                                                                                                                                       
        25 2022/04/24       2130 SPINNING                                                                                                                                                                                                                                                                                                                                                                                                                                                                                                                                                                                                                                                                                                                                                                                       
        26 2022/04/24        830 SPINNING                                                                                                                                                                                                                                                                                                                                                                                                                                                                                                                                                                                                                                                                                                                                                                                       
        27 2022/04/24       1030 SPINNING                                                                                                                                                                                                                                                                                                                                                                                                                                                                                                                                                                                                                                                                                                                                                                                       
        28 2022/04/24       1230 SPINNING                                                                                                                                                                                                                                                                                                                                                                                                                                                                                                                                                                                                                                                                                                                                                                                       
        29 2022/04/24       1430 SPINNING                                                                                                                                                                                                                                                                                                                                                                                                                                                                                                                                                                                                                                                                                                                                                                                       
        30 2022/04/24       1630 SPINNING                                                                                                                                                                                                                                                                                                                                                                                                                                                                                                                                                                                                                                                                                                                                                                                       
        31 2022/04/24       1830 SPINNING                                                                                                                                                                                                                                                                                                                                                                                                                                                                                                                                                                                                                                                                                                                                                                                       
        32 2022/04/24       2030 SPINNING                                                                                                                                                                                                                                                                                                                                                                                                                                                                                                                                                                                                                                                                                                                                                                                       
        33 2022/04/24       2230 SPINNING                                                                                                                                                                                                                                                                                                                                                                                                                                                                                                                                                                                                                                                                                                                                                                                       

16 filas seleccionadas.

SQL> SELECT ASISTIR.* FROM ASISTIR, CLASES, PROFESORES WHERE ASISTIR.ID_CLASE=CLASES.ID_CLASE AND TIPO = ESTILO AND NOMBRE = 'DANIEL';

ninguna fila seleccionada

SQL> SELECT * FROM ASISTIR;

  ID_CLASE    N_SOCIO                                                                                                                                                                                                                                                                                                                                                                                                                                                                                                                                                                                                                                                                                                                                                                                                           
---------- ----------                                                                                                                                                                                                                                                                                                                                                                                                                                                                                                                                                                                                                                                                                                                                                                                                           
         1         11                                                                                                                                                                                                                                                                                                                                                                                                                                                                                                                                                                                                                                                                                                                                                                                                           
         1         13                                                                                                                                                                                                                                                                                                                                                                                                                                                                                                                                                                                                                                                                                                                                                                                                           
         1         15                                                                                                                                                                                                                                                                                                                                                                                                                                                                                                                                                                                                                                                                                                                                                                                                           
         2          4                                                                                                                                                                                                                                                                                                                                                                                                                                                                                                                                                                                                                                                                                                                                                                                                           
         2          5                                                                                                                                                                                                                                                                                                                                                                                                                                                                                                                                                                                                                                                                                                                                                                                                           
         2         14                                                                                                                                                                                                                                                                                                                                                                                                                                                                                                                                                                                                                                                                                                                                                                                                           
         2         16                                                                                                                                                                                                                                                                                                                                                                                                                                                                                                                                                                                                                                                                                                                                                                                                           
         3          9                                                                                                                                                                                                                                                                                                                                                                                                                                                                                                                                                                                                                                                                                                                                                                                                           
         3         13                                                                                                                                                                                                                                                                                                                                                                                                                                                                                                                                                                                                                                                                                                                                                                                                           
         4         10                                                                                                                                                                                                                                                                                                                                                                                                                                                                                                                                                                                                                                                                                                                                                                                                           
         4         13                                                                                                                                                                                                                                                                                                                                                                                                                                                                                                                                                                                                                                                                                                                                                                                                           
         5          2                                                                                                                                                                                                                                                                                                                                                                                                                                                                                                                                                                                                                                                                                                                                                                                                           
         5          5                                                                                                                                                                                                                                                                                                                                                                                                                                                                                                                                                                                                                                                                                                                                                                                                           
         5          9                                                                                                                                                                                                                                                                                                                                                                                                                                                                                                                                                                                                                                                                                                                                                                                                           
         5         10                                                                                                                                                                                                                                                                                                                                                                                                                                                                                                                                                                                                                                                                                                                                                                                                           
         5         11                                                                                                                                                                                                                                                                                                                                                                                                                                                                                                                                                                                                                                                                                                                                                                                                           
         5         16                                                                                                                                                                                                                                                                                                                                                                                                                                                                                                                                                                                                                                                                                                                                                                                                           
         6          4                                                                                                                                                                                                                                                                                                                                                                                                                                                                                                                                                                                                                                                                                                                                                                                                           
         6          6                                                                                                                                                                                                                                                                                                                                                                                                                                                                                                                                                                                                                                                                                                                                                                                                           
         6          7                                                                                                                                                                                                                                                                                                                                                                                                                                                                                                                                                                                                                                                                                                                                                                                                           
         6          9                                                                                                                                                                                                                                                                                                                                                                                                                                                                                                                                                                                                                                                                                                                                                                                                           
         6         14                                                                                                                                                                                                                                                                                                                                                                                                                                                                                                                                                                                                                                                                                                                                                                                                           
         7          4                                                                                                                                                                                                                                                                                                                                                                                                                                                                                                                                                                                                                                                                                                                                                                                                           
         7         13                                                                                                                                                                                                                                                                                                                                                                                                                                                                                                                                                                                                                                                                                                                                                                                                           
         7         14                                                                                                                                                                                                                                                                                                                                                                                                                                                                                                                                                                                                                                                                                                                                                                                                           
         8          4                                                                                                                                                                                                                                                                                                                                                                                                                                                                                                                                                                                                                                                                                                                                                                                                           
         8          5                                                                                                                                                                                                                                                                                                                                                                                                                                                                                                                                                                                                                                                                                                                                                                                                           
         8          7                                                                                                                                                                                                                                                                                                                                                                                                                                                                                                                                                                                                                                                                                                                                                                                                           
         9          1                                                                                                                                                                                                                                                                                                                                                                                                                                                                                                                                                                                                                                                                                                                                                                                                           
         9          3                                                                                                                                                                                                                                                                                                                                                                                                                                                                                                                                                                                                                                                                                                                                                                                                           
         9          4                                                                                                                                                                                                                                                                                                                                                                                                                                                                                                                                                                                                                                                                                                                                                                                                           
         9          8                                                                                                                                                                                                                                                                                                                                                                                                                                                                                                                                                                                                                                                                                                                                                                                                           
         9         14                                                                                                                                                                                                                                                                                                                                                                                                                                                                                                                                                                                                                                                                                                                                                                                                           
         9         16                                                                                                                                                                                                                                                                                                                                                                                                                                                                                                                                                                                                                                                                                                                                                                                                           
        10          3                                                                                                                                                                                                                                                                                                                                                                                                                                                                                                                                                                                                                                                                                                                                                                                                           
        10          7                                                                                                                                                                                                                                                                                                                                                                                                                                                                                                                                                                                                                                                                                                                                                                                                           
        10         12                                                                                                                                                                                                                                                                                                                                                                                                                                                                                                                                                                                                                                                                                                                                                                                                           
        10         14                                                                                                                                                                                                                                                                                                                                                                                                                                                                                                                                                                                                                                                                                                                                                                                                           
        11          4                                                                                                                                                                                                                                                                                                                                                                                                                                                                                                                                                                                                                                                                                                                                                                                                           
        11          5                                                                                                                                                                                                                                                                                                                                                                                                                                                                                                                                                                                                                                                                                                                                                                                                           
        11          6                                                                                                                                                                                                                                                                                                                                                                                                                                                                                                                                                                                                                                                                                                                                                                                                           
        11         11                                                                                                                                                                                                                                                                                                                                                                                                                                                                                                                                                                                                                                                                                                                                                                                                           
        11         13                                                                                                                                                                                                                                                                                                                                                                                                                                                                                                                                                                                                                                                                                                                                                                                                           
        11         15                                                                                                                                                                                                                                                                                                                                                                                                                                                                                                                                                                                                                                                                                                                                                                                                           
        12          3                                                                                                                                                                                                                                                                                                                                                                                                                                                                                                                                                                                                                                                                                                                                                                                                           
        12          6                                                                                                                                                                                                                                                                                                                                                                                                                                                                                                                                                                                                                                                                                                                                                                                                           
        12          9                                                                                                                                                                                                                                                                                                                                                                                                                                                                                                                                                                                                                                                                                                                                                                                                           
        12         12                                                                                                                                                                                                                                                                                                                                                                                                                                                                                                                                                                                                                                                                                                                                                                                                           
        13          1                                                                                                                                                                                                                                                                                                                                                                                                                                                                                                                                                                                                                                                                                                                                                                                                           
        13          5                                                                                                                                                                                                                                                                                                                                                                                                                                                                                                                                                                                                                                                                                                                                                                                                           
        13          6                                                                                                                                                                                                                                                                                                                                                                                                                                                                                                                                                                                                                                                                                                                                                                                                           
        13          9                                                                                                                                                                                                                                                                                                                                                                                                                                                                                                                                                                                                                                                                                                                                                                                                           
        13         16                                                                                                                                                                                                                                                                                                                                                                                                                                                                                                                                                                                                                                                                                                                                                                                                           
        14          1                                                                                                                                                                                                                                                                                                                                                                                                                                                                                                                                                                                                                                                                                                                                                                                                           
        14          3                                                                                                                                                                                                                                                                                                                                                                                                                                                                                                                                                                                                                                                                                                                                                                                                           
        14          4                                                                                                                                                                                                                                                                                                                                                                                                                                                                                                                                                                                                                                                                                                                                                                                                           
        14          9                                                                                                                                                                                                                                                                                                                                                                                                                                                                                                                                                                                                                                                                                                                                                                                                           
        15          2                                                                                                                                                                                                                                                                                                                                                                                                                                                                                                                                                                                                                                                                                                                                                                                                           
        15          5                                                                                                                                                                                                                                                                                                                                                                                                                                                                                                                                                                                                                                                                                                                                                                                                           
        15          6                                                                                                                                                                                                                                                                                                                                                                                                                                                                                                                                                                                                                                                                                                                                                                                                           
        15          8                                                                                                                                                                                                                                                                                                                                                                                                                                                                                                                                                                                                                                                                                                                                                                                                           
        15         13                                                                                                                                                                                                                                                                                                                                                                                                                                                                                                                                                                                                                                                                                                                                                                                                           
        15         14                                                                                                                                                                                                                                                                                                                                                                                                                                                                                                                                                                                                                                                                                                                                                                                                           
        15         16                                                                                                                                                                                                                                                                                                                                                                                                                                                                                                                                                                                                                                                                                                                                                                                                           
        16          1                                                                                                                                                                                                                                                                                                                                                                                                                                                                                                                                                                                                                                                                                                                                                                                                           
        16          5                                                                                                                                                                                                                                                                                                                                                                                                                                                                                                                                                                                                                                                                                                                                                                                                           
        16         13                                                                                                                                                                                                                                                                                                                                                                                                                                                                                                                                                                                                                                                                                                                                                                                                           

67 filas seleccionadas.

SQL> SELECT S.* FROM SOCIOS S, ASISTIR A, CLASES C, PROFESORES P WHERE S.N_SOCIO = A.N_SOCIO AND A.ID_CLASE = C.ID_CLASE AND C.TIPO = P.ESTILO AND P.NOMBRE='ELENA';

ninguna fila seleccionada

SQL> SELECT S.* FROM SOCIOS S, ASISTIR A, CLASES C, PROFESORES P WHERE S.N_SOCIO = A.N_SOCIO AND A.ID_CLASE = C.ID_CLASE AND C.TIPO = P.ESTILO AND P.NOMBRE='ANGELA';

ninguna fila seleccionada

SQL> SELECT S.* FROM SOCIOS S, ASISTIR A, CLASES C, PROFESORES P WHERE S.N_SOCIO = A.N_SOCIO AND A.ID_CLASE = C.ID_CLASE AND C.TIPO = P.ESTILO AND P.NOMBRE='MARIA';

   N_SOCIO DNI       NOMBRE               APELLIDO             SEG_APELLIDO         MAIL                                                                                                 TELEFONO   CALLE                                                  NUMERO         CP     ID_POB                                                                                                                                                                                                                                                                                                                                                                                                                                                                                                                                         
---------- --------- -------------------- -------------------- -------------------- ---------------------------------------------------------------------------------------------------- ---------- -------------------------------------------------- ---------- ---------- ----------                                                                                                                                                                                                                                                                                                                                                                                                                                                                                                                                         
        11 78975461X ALBERTO              FERNANDEZ                                 afernandez@yahoo.com                                                                                 646503181  CHINA                                                      69      28022          4                                                                                                                                                                                                                                                                                                                                                                                                                                                                                                                                         
        13 49863105Z ALFONSO              ORTEGA               SILLERO              aortega@yahoo.com                                                                                    360462957  NORUEGA                                                    10      46432          3                                                                                                                                                                                                                                                                                                                                                                                                                                                                                                                                         
        15 Y5689843M OSCAR                NOVILLO              CAMACHO              onovillo@yahoo.com                                                                                   355745640  UGANDA                                                     22      36569          1                                                                                                                                                                                                                                                                                                                                                                                                                                                                                                                                         
         4 68792565F CARLA                MESSI                RONALDO              cmessi@gmail.com                                                                                     793324108  ARGENTINA                                                  86      36950          4                                                                                                                                                                                                                                                                                                                                                                                                                                                                                                                                         
         5 13644098S ALEXA                MARTINEZ             ORTEGA               amartinez@gmail.com                                                                                  347186593  PADRE NUESTRO                                              13        300          7                                                                                                                                                                                                                                                                                                                                                                                                                                                                                                                                         
        14 46934489P MERCEDES             CUBILLO              MENAYO               mcubillo@yahoo.com                                                                                   848887557  URUGUAY                                                    11      46792          1                                                                                                                                                                                                                                                                                                                                                                                                                                                                                                                                         
        16 84695325W JUAN                 GARRIDO                                   jgarrido@gmail.com                                                                                   227652163  ALCALA                                                    256      28020          6                                                                                                                                                                                                                                                                                                                                                                                                                                                                                                                                         
         9 Y4635879C ENRIQUE              MARTINEZ                                  emartinez@hotmail.com                                                                                514378378  NAIROBI                                                    81      41620         10                                                                                                                                                                                                                                                                                                                                                                                                                                                                                                                                         
        13 49863105Z ALFONSO              ORTEGA               SILLERO              aortega@yahoo.com                                                                                    360462957  NORUEGA                                                    10      46432          3                                                                                                                                                                                                                                                                                                                                                                                                                                                                                                                                         
        10 13454981L JOSE LUIS            GONZALEZ             CASARES              jlgonzalez@hotmail.com                                                                               595711088  BUENOS AIRES                                              369      97723          1                                                                                                                                                                                                                                                                                                                                                                                                                                                                                                                                         
        13 49863105Z ALFONSO              ORTEGA               SILLERO              aortega@yahoo.com                                                                                    360462957  NORUEGA                                                    10      46432          3                                                                                                                                                                                                                                                                                                                                                                                                                                                                                                                                         
         2 43594630Z CARLOS               DA VINCI             PAVAROTTI            cdavinci@gmail.com                                                                                   364814653  SEVILLA                                                    88      46892          6                                                                                                                                                                                                                                                                                                                                                                                                                                                                                                                                         
         5 13644098S ALEXA                MARTINEZ             ORTEGA               amartinez@gmail.com                                                                                  347186593  PADRE NUESTRO                                              13        300          7                                                                                                                                                                                                                                                                                                                                                                                                                                                                                                                                         
         9 Y4635879C ENRIQUE              MARTINEZ                                  emartinez@hotmail.com                                                                                514378378  NAIROBI                                                    81      41620         10                                                                                                                                                                                                                                                                                                                                                                                                                                                                                                                                         
        10 13454981L JOSE LUIS            GONZALEZ             CASARES              jlgonzalez@hotmail.com                                                                               595711088  BUENOS AIRES                                              369      97723          1                                                                                                                                                                                                                                                                                                                                                                                                                                                                                                                                         
        11 78975461X ALBERTO              FERNANDEZ                                 afernandez@yahoo.com                                                                                 646503181  CHINA                                                      69      28022          4                                                                                                                                                                                                                                                                                                                                                                                                                                                                                                                                         
        16 84695325W JUAN                 GARRIDO                                   jgarrido@gmail.com                                                                                   227652163  ALCALA                                                    256      28020          6                                                                                                                                                                                                                                                                                                                                                                                                                                                                                                                                         
         4 68792565F CARLA                MESSI                RONALDO              cmessi@gmail.com                                                                                     793324108  ARGENTINA                                                  86      36950          4                                                                                                                                                                                                                                                                                                                                                                                                                                                                                                                                         
         6 14516978C PAULA                EDERY                                     pedery@gmail.com                                                                                     604826822  CALLEJON                                                  853      66038          8                                                                                                                                                                                                                                                                                                                                                                                                                                                                                                                                         
         7 16139488X SUSANA               VEGA                 GONZALEZ             svega@hotmail.com                                                                                    821403819  RIO                                                       359      99252         10                                                                                                                                                                                                                                                                                                                                                                                                                                                                                                                                         
         9 Y4635879C ENRIQUE              MARTINEZ                                  emartinez@hotmail.com                                                                                514378378  NAIROBI                                                    81      41620         10                                                                                                                                                                                                                                                                                                                                                                                                                                                                                                                                         
        14 46934489P MERCEDES             CUBILLO              MENAYO               mcubillo@yahoo.com                                                                                   848887557  URUGUAY                                                    11      46792          1                                                                                                                                                                                                                                                                                                                                                                                                                                                                                                                                         
         4 68792565F CARLA                MESSI                RONALDO              cmessi@gmail.com                                                                                     793324108  ARGENTINA                                                  86      36950          4                                                                                                                                                                                                                                                                                                                                                                                                                                                                                                                                         
        13 49863105Z ALFONSO              ORTEGA               SILLERO              aortega@yahoo.com                                                                                    360462957  NORUEGA                                                    10      46432          3                                                                                                                                                                                                                                                                                                                                                                                                                                                                                                                                         
        14 46934489P MERCEDES             CUBILLO              MENAYO               mcubillo@yahoo.com                                                                                   848887557  URUGUAY                                                    11      46792          1                                                                                                                                                                                                                                                                                                                                                                                                                                                                                                                                         
         4 68792565F CARLA                MESSI                RONALDO              cmessi@gmail.com                                                                                     793324108  ARGENTINA                                                  86      36950          4                                                                                                                                                                                                                                                                                                                                                                                                                                                                                                                                         
         5 13644098S ALEXA                MARTINEZ             ORTEGA               amartinez@gmail.com                                                                                  347186593  PADRE NUESTRO                                              13        300          7                                                                                                                                                                                                                                                                                                                                                                                                                                                                                                                                         
         7 16139488X SUSANA               VEGA                 GONZALEZ             svega@hotmail.com                                                                                    821403819  RIO                                                       359      99252         10                                                                                                                                                                                                                                                                                                                                                                                                                                                                                                                                         
         1 Y7451932S TOMAS                VEGA                 ORTEGA               tvega@gmail.com                                                                                      660046009  SUECIA                                                     44      28022          2                                                                                                                                                                                                                                                                                                                                                                                                                                                                                                                                         
         3 43082463T MARTA                SERRAT               SABINA               mserrat@gmail.com                                                                                    217954856  ARANDANO                                                  864      28003          6                                                                                                                                                                                                                                                                                                                                                                                                                                                                                                                                         
         4 68792565F CARLA                MESSI                RONALDO              cmessi@gmail.com                                                                                     793324108  ARGENTINA                                                  86      36950          4                                                                                                                                                                                                                                                                                                                                                                                                                                                                                                                                         
         8 69873567B MONICA               BIANCO               PEREZ                mbianco@hotmail.com                                                                                  299217214  OSLO                                                       30      64203          8                                                                                                                                                                                                                                                                                                                                                                                                                                                                                                                                         
        14 46934489P MERCEDES             CUBILLO              MENAYO               mcubillo@yahoo.com                                                                                   848887557  URUGUAY                                                    11      46792          1                                                                                                                                                                                                                                                                                                                                                                                                                                                                                                                                         
        16 84695325W JUAN                 GARRIDO                                   jgarrido@gmail.com                                                                                   227652163  ALCALA                                                    256      28020          6                                                                                                                                                                                                                                                                                                                                                                                                                                                                                                                                         
         3 43082463T MARTA                SERRAT               SABINA               mserrat@gmail.com                                                                                    217954856  ARANDANO                                                  864      28003          6                                                                                                                                                                                                                                                                                                                                                                                                                                                                                                                                         
         7 16139488X SUSANA               VEGA                 GONZALEZ             svega@hotmail.com                                                                                    821403819  RIO                                                       359      99252         10                                                                                                                                                                                                                                                                                                                                                                                                                                                                                                                                         
        12 13597127A MADELEINE            GOMEZ                MOREIRA              mgomez@yahoo.com                                                                                     383638907  CALIFORNIA                                                  8      64983          1                                                                                                                                                                                                                                                                                                                                                                                                                                                                                                                                         
        14 46934489P MERCEDES             CUBILLO              MENAYO               mcubillo@yahoo.com                                                                                   848887557  URUGUAY                                                    11      46792          1                                                                                                                                                                                                                                                                                                                                                                                                                                                                                                                                         
         4 68792565F CARLA                MESSI                RONALDO              cmessi@gmail.com                                                                                     793324108  ARGENTINA                                                  86      36950          4                                                                                                                                                                                                                                                                                                                                                                                                                                                                                                                                         
         5 13644098S ALEXA                MARTINEZ             ORTEGA               amartinez@gmail.com                                                                                  347186593  PADRE NUESTRO                                              13        300          7                                                                                                                                                                                                                                                                                                                                                                                                                                                                                                                                         
         6 14516978C PAULA                EDERY                                     pedery@gmail.com                                                                                     604826822  CALLEJON                                                  853      66038          8                                                                                                                                                                                                                                                                                                                                                                                                                                                                                                                                         
        11 78975461X ALBERTO              FERNANDEZ                                 afernandez@yahoo.com                                                                                 646503181  CHINA                                                      69      28022          4                                                                                                                                                                                                                                                                                                                                                                                                                                                                                                                                         
        13 49863105Z ALFONSO              ORTEGA               SILLERO              aortega@yahoo.com                                                                                    360462957  NORUEGA                                                    10      46432          3                                                                                                                                                                                                                                                                                                                                                                                                                                                                                                                                         
        15 Y5689843M OSCAR                NOVILLO              CAMACHO              onovillo@yahoo.com                                                                                   355745640  UGANDA                                                     22      36569          1                                                                                                                                                                                                                                                                                                                                                                                                                                                                                                                                         
         3 43082463T MARTA                SERRAT               SABINA               mserrat@gmail.com                                                                                    217954856  ARANDANO                                                  864      28003          6                                                                                                                                                                                                                                                                                                                                                                                                                                                                                                                                         
         6 14516978C PAULA                EDERY                                     pedery@gmail.com                                                                                     604826822  CALLEJON                                                  853      66038          8                                                                                                                                                                                                                                                                                                                                                                                                                                                                                                                                         
         9 Y4635879C ENRIQUE              MARTINEZ                                  emartinez@hotmail.com                                                                                514378378  NAIROBI                                                    81      41620         10                                                                                                                                                                                                                                                                                                                                                                                                                                                                                                                                         
        12 13597127A MADELEINE            GOMEZ                MOREIRA              mgomez@yahoo.com                                                                                     383638907  CALIFORNIA                                                  8      64983          1                                                                                                                                                                                                                                                                                                                                                                                                                                                                                                                                         
         1 Y7451932S TOMAS                VEGA                 ORTEGA               tvega@gmail.com                                                                                      660046009  SUECIA                                                     44      28022          2                                                                                                                                                                                                                                                                                                                                                                                                                                                                                                                                         
         5 13644098S ALEXA                MARTINEZ             ORTEGA               amartinez@gmail.com                                                                                  347186593  PADRE NUESTRO                                              13        300          7                                                                                                                                                                                                                                                                                                                                                                                                                                                                                                                                         
         6 14516978C PAULA                EDERY                                     pedery@gmail.com                                                                                     604826822  CALLEJON                                                  853      66038          8                                                                                                                                                                                                                                                                                                                                                                                                                                                                                                                                         
         9 Y4635879C ENRIQUE              MARTINEZ                                  emartinez@hotmail.com                                                                                514378378  NAIROBI                                                    81      41620         10                                                                                                                                                                                                                                                                                                                                                                                                                                                                                                                                         
        16 84695325W JUAN                 GARRIDO                                   jgarrido@gmail.com                                                                                   227652163  ALCALA                                                    256      28020          6                                                                                                                                                                                                                                                                                                                                                                                                                                                                                                                                         
         1 Y7451932S TOMAS                VEGA                 ORTEGA               tvega@gmail.com                                                                                      660046009  SUECIA                                                     44      28022          2                                                                                                                                                                                                                                                                                                                                                                                                                                                                                                                                         
         3 43082463T MARTA                SERRAT               SABINA               mserrat@gmail.com                                                                                    217954856  ARANDANO                                                  864      28003          6                                                                                                                                                                                                                                                                                                                                                                                                                                                                                                                                         
         4 68792565F CARLA                MESSI                RONALDO              cmessi@gmail.com                                                                                     793324108  ARGENTINA                                                  86      36950          4                                                                                                                                                                                                                                                                                                                                                                                                                                                                                                                                         
         9 Y4635879C ENRIQUE              MARTINEZ                                  emartinez@hotmail.com                                                                                514378378  NAIROBI                                                    81      41620         10                                                                                                                                                                                                                                                                                                                                                                                                                                                                                                                                         
         2 43594630Z CARLOS               DA VINCI             PAVAROTTI            cdavinci@gmail.com                                                                                   364814653  SEVILLA                                                    88      46892          6                                                                                                                                                                                                                                                                                                                                                                                                                                                                                                                                         
         5 13644098S ALEXA                MARTINEZ             ORTEGA               amartinez@gmail.com                                                                                  347186593  PADRE NUESTRO                                              13        300          7                                                                                                                                                                                                                                                                                                                                                                                                                                                                                                                                         
         6 14516978C PAULA                EDERY                                     pedery@gmail.com                                                                                     604826822  CALLEJON                                                  853      66038          8                                                                                                                                                                                                                                                                                                                                                                                                                                                                                                                                         
         8 69873567B MONICA               BIANCO               PEREZ                mbianco@hotmail.com                                                                                  299217214  OSLO                                                       30      64203          8                                                                                                                                                                                                                                                                                                                                                                                                                                                                                                                                         
        13 49863105Z ALFONSO              ORTEGA               SILLERO              aortega@yahoo.com                                                                                    360462957  NORUEGA                                                    10      46432          3                                                                                                                                                                                                                                                                                                                                                                                                                                                                                                                                         
        14 46934489P MERCEDES             CUBILLO              MENAYO               mcubillo@yahoo.com                                                                                   848887557  URUGUAY                                                    11      46792          1                                                                                                                                                                                                                                                                                                                                                                                                                                                                                                                                         
        16 84695325W JUAN                 GARRIDO                                   jgarrido@gmail.com                                                                                   227652163  ALCALA                                                    256      28020          6                                                                                                                                                                                                                                                                                                                                                                                                                                                                                                                                         
         1 Y7451932S TOMAS                VEGA                 ORTEGA               tvega@gmail.com                                                                                      660046009  SUECIA                                                     44      28022          2                                                                                                                                                                                                                                                                                                                                                                                                                                                                                                                                         
         5 13644098S ALEXA                MARTINEZ             ORTEGA               amartinez@gmail.com                                                                                  347186593  PADRE NUESTRO                                              13        300          7                                                                                                                                                                                                                                                                                                                                                                                                                                                                                                                                         
        13 49863105Z ALFONSO              ORTEGA               SILLERO              aortega@yahoo.com                                                                                    360462957  NORUEGA                                                    10      46432          3                                                                                                                                                                                                                                                                                                                                                                                                                                                                                                                                         

67 filas seleccionadas.

SQL> SELECT NOMBRE, TELEFONO FROM SOCIOS S, ASISTIR A, CLASES C, PROFESORES P WHERE S.N_SOCIO = A.N_SOCIO AND A.ID_CLASE = C.ID_CLASE AND C.TIPO = P.ESTILO AND P.NOMBRE='MARIA';
SELECT NOMBRE, TELEFONO FROM SOCIOS S, ASISTIR A, CLASES C, PROFESORES P WHERE S.N_SOCIO = A.N_SOCIO AND A.ID_CLASE = C.ID_CLASE AND C.TIPO = P.ESTILO AND P.NOMBRE='MARIA'
               *
ERROR en línea 1:
ORA-00918: columna definida de forma ambigua 


SQL> SELECT S.NOMBRE, S.TELEFONO FROM SOCIOS S, ASISTIR A, CLASES C, PROFESORES P WHERE S.N_SOCIO = A.N_SOCIO AND A.ID_CLASE = C.ID_CLASE AND C.TIPO = P.ESTILO AND P.NOMBRE='MARIA';

NOMBRE               TELEFONO                                                                                                                                                                                                                                                                                                                                                                                                                                                                                                                                                                                                                                                                                                                                                                                                   
-------------------- ----------                                                                                                                                                                                                                                                                                                                                                                                                                                                                                                                                                                                                                                                                                                                                                                                                 
ALBERTO              646503181                                                                                                                                                                                                                                                                                                                                                                                                                                                                                                                                                                                                                                                                                                                                                                                                  
ALFONSO              360462957                                                                                                                                                                                                                                                                                                                                                                                                                                                                                                                                                                                                                                                                                                                                                                                                  
OSCAR                355745640                                                                                                                                                                                                                                                                                                                                                                                                                                                                                                                                                                                                                                                                                                                                                                                                  
CARLA                793324108                                                                                                                                                                                                                                                                                                                                                                                                                                                                                                                                                                                                                                                                                                                                                                                                  
ALEXA                347186593                                                                                                                                                                                                                                                                                                                                                                                                                                                                                                                                                                                                                                                                                                                                                                                                  
MERCEDES             848887557                                                                                                                                                                                                                                                                                                                                                                                                                                                                                                                                                                                                                                                                                                                                                                                                  
JUAN                 227652163                                                                                                                                                                                                                                                                                                                                                                                                                                                                                                                                                                                                                                                                                                                                                                                                  
ENRIQUE              514378378                                                                                                                                                                                                                                                                                                                                                                                                                                                                                                                                                                                                                                                                                                                                                                                                  
ALFONSO              360462957                                                                                                                                                                                                                                                                                                                                                                                                                                                                                                                                                                                                                                                                                                                                                                                                  
JOSE LUIS            595711088                                                                                                                                                                                                                                                                                                                                                                                                                                                                                                                                                                                                                                                                                                                                                                                                  
ALFONSO              360462957                                                                                                                                                                                                                                                                                                                                                                                                                                                                                                                                                                                                                                                                                                                                                                                                  
CARLOS               364814653                                                                                                                                                                                                                                                                                                                                                                                                                                                                                                                                                                                                                                                                                                                                                                                                  
ALEXA                347186593                                                                                                                                                                                                                                                                                                                                                                                                                                                                                                                                                                                                                                                                                                                                                                                                  
ENRIQUE              514378378                                                                                                                                                                                                                                                                                                                                                                                                                                                                                                                                                                                                                                                                                                                                                                                                  
JOSE LUIS            595711088                                                                                                                                                                                                                                                                                                                                                                                                                                                                                                                                                                                                                                                                                                                                                                                                  
ALBERTO              646503181                                                                                                                                                                                                                                                                                                                                                                                                                                                                                                                                                                                                                                                                                                                                                                                                  
JUAN                 227652163                                                                                                                                                                                                                                                                                                                                                                                                                                                                                                                                                                                                                                                                                                                                                                                                  
CARLA                793324108                                                                                                                                                                                                                                                                                                                                                                                                                                                                                                                                                                                                                                                                                                                                                                                                  
PAULA                604826822                                                                                                                                                                                                                                                                                                                                                                                                                                                                                                                                                                                                                                                                                                                                                                                                  
SUSANA               821403819                                                                                                                                                                                                                                                                                                                                                                                                                                                                                                                                                                                                                                                                                                                                                                                                  
ENRIQUE              514378378                                                                                                                                                                                                                                                                                                                                                                                                                                                                                                                                                                                                                                                                                                                                                                                                  
MERCEDES             848887557                                                                                                                                                                                                                                                                                                                                                                                                                                                                                                                                                                                                                                                                                                                                                                                                  
CARLA                793324108                                                                                                                                                                                                                                                                                                                                                                                                                                                                                                                                                                                                                                                                                                                                                                                                  
ALFONSO              360462957                                                                                                                                                                                                                                                                                                                                                                                                                                                                                                                                                                                                                                                                                                                                                                                                  
MERCEDES             848887557                                                                                                                                                                                                                                                                                                                                                                                                                                                                                                                                                                                                                                                                                                                                                                                                  
CARLA                793324108                                                                                                                                                                                                                                                                                                                                                                                                                                                                                                                                                                                                                                                                                                                                                                                                  
ALEXA                347186593                                                                                                                                                                                                                                                                                                                                                                                                                                                                                                                                                                                                                                                                                                                                                                                                  
SUSANA               821403819                                                                                                                                                                                                                                                                                                                                                                                                                                                                                                                                                                                                                                                                                                                                                                                                  
TOMAS                660046009                                                                                                                                                                                                                                                                                                                                                                                                                                                                                                                                                                                                                                                                                                                                                                                                  
MARTA                217954856                                                                                                                                                                                                                                                                                                                                                                                                                                                                                                                                                                                                                                                                                                                                                                                                  
CARLA                793324108                                                                                                                                                                                                                                                                                                                                                                                                                                                                                                                                                                                                                                                                                                                                                                                                  
MONICA               299217214                                                                                                                                                                                                                                                                                                                                                                                                                                                                                                                                                                                                                                                                                                                                                                                                  
MERCEDES             848887557                                                                                                                                                                                                                                                                                                                                                                                                                                                                                                                                                                                                                                                                                                                                                                                                  
JUAN                 227652163                                                                                                                                                                                                                                                                                                                                                                                                                                                                                                                                                                                                                                                                                                                                                                                                  
MARTA                217954856                                                                                                                                                                                                                                                                                                                                                                                                                                                                                                                                                                                                                                                                                                                                                                                                  
SUSANA               821403819                                                                                                                                                                                                                                                                                                                                                                                                                                                                                                                                                                                                                                                                                                                                                                                                  
MADELEINE            383638907                                                                                                                                                                                                                                                                                                                                                                                                                                                                                                                                                                                                                                                                                                                                                                                                  
MERCEDES             848887557                                                                                                                                                                                                                                                                                                                                                                                                                                                                                                                                                                                                                                                                                                                                                                                                  
CARLA                793324108                                                                                                                                                                                                                                                                                                                                                                                                                                                                                                                                                                                                                                                                                                                                                                                                  
ALEXA                347186593                                                                                                                                                                                                                                                                                                                                                                                                                                                                                                                                                                                                                                                                                                                                                                                                  
PAULA                604826822                                                                                                                                                                                                                                                                                                                                                                                                                                                                                                                                                                                                                                                                                                                                                                                                  
ALBERTO              646503181                                                                                                                                                                                                                                                                                                                                                                                                                                                                                                                                                                                                                                                                                                                                                                                                  
ALFONSO              360462957                                                                                                                                                                                                                                                                                                                                                                                                                                                                                                                                                                                                                                                                                                                                                                                                  
OSCAR                355745640                                                                                                                                                                                                                                                                                                                                                                                                                                                                                                                                                                                                                                                                                                                                                                                                  
MARTA                217954856                                                                                                                                                                                                                                                                                                                                                                                                                                                                                                                                                                                                                                                                                                                                                                                                  
PAULA                604826822                                                                                                                                                                                                                                                                                                                                                                                                                                                                                                                                                                                                                                                                                                                                                                                                  
ENRIQUE              514378378                                                                                                                                                                                                                                                                                                                                                                                                                                                                                                                                                                                                                                                                                                                                                                                                  
MADELEINE            383638907                                                                                                                                                                                                                                                                                                                                                                                                                                                                                                                                                                                                                                                                                                                                                                                                  
TOMAS                660046009                                                                                                                                                                                                                                                                                                                                                                                                                                                                                                                                                                                                                                                                                                                                                                                                  
ALEXA                347186593                                                                                                                                                                                                                                                                                                                                                                                                                                                                                                                                                                                                                                                                                                                                                                                                  
PAULA                604826822                                                                                                                                                                                                                                                                                                                                                                                                                                                                                                                                                                                                                                                                                                                                                                                                  
ENRIQUE              514378378                                                                                                                                                                                                                                                                                                                                                                                                                                                                                                                                                                                                                                                                                                                                                                                                  
JUAN                 227652163                                                                                                                                                                                                                                                                                                                                                                                                                                                                                                                                                                                                                                                                                                                                                                                                  
TOMAS                660046009                                                                                                                                                                                                                                                                                                                                                                                                                                                                                                                                                                                                                                                                                                                                                                                                  
MARTA                217954856                                                                                                                                                                                                                                                                                                                                                                                                                                                                                                                                                                                                                                                                                                                                                                                                  
CARLA                793324108                                                                                                                                                                                                                                                                                                                                                                                                                                                                                                                                                                                                                                                                                                                                                                                                  
ENRIQUE              514378378                                                                                                                                                                                                                                                                                                                                                                                                                                                                                                                                                                                                                                                                                                                                                                                                  
CARLOS               364814653                                                                                                                                                                                                                                                                                                                                                                                                                                                                                                                                                                                                                                                                                                                                                                                                  
ALEXA                347186593                                                                                                                                                                                                                                                                                                                                                                                                                                                                                                                                                                                                                                                                                                                                                                                                  
PAULA                604826822                                                                                                                                                                                                                                                                                                                                                                                                                                                                                                                                                                                                                                                                                                                                                                                                  
MONICA               299217214                                                                                                                                                                                                                                                                                                                                                                                                                                                                                                                                                                                                                                                                                                                                                                                                  
ALFONSO              360462957                                                                                                                                                                                                                                                                                                                                                                                                                                                                                                                                                                                                                                                                                                                                                                                                  
MERCEDES             848887557                                                                                                                                                                                                                                                                                                                                                                                                                                                                                                                                                                                                                                                                                                                                                                                                  
JUAN                 227652163                                                                                                                                                                                                                                                                                                                                                                                                                                                                                                                                                                                                                                                                                                                                                                                                  
TOMAS                660046009                                                                                                                                                                                                                                                                                                                                                                                                                                                                                                                                                                                                                                                                                                                                                                                                  
ALEXA                347186593                                                                                                                                                                                                                                                                                                                                                                                                                                                                                                                                                                                                                                                                                                                                                                                                  
ALFONSO              360462957                                                                                                                                                                                                                                                                                                                                                                                                                                                                                                                                                                                                                                                                                                                                                                                                  

67 filas seleccionadas.

SQL> SELECT DISTINCT S.NOMBRE, S.TELEFONO FROM SOCIOS S, ASISTIR A, CLASES C, PROFESORES P WHERE S.N_SOCIO = A.N_SOCIO AND A.ID_CLASE = C.ID_CLASE AND C.TIPO = P.ESTILO AND P.NOMBRE='MARIA';

NOMBRE               TELEFONO                                                                                                                                                                                                                                                                                                                                                                                                                                                                                                                                                                                                                                                                                                                                                                                                   
-------------------- ----------                                                                                                                                                                                                                                                                                                                                                                                                                                                                                                                                                                                                                                                                                                                                                                                                 
ALFONSO              360462957                                                                                                                                                                                                                                                                                                                                                                                                                                                                                                                                                                                                                                                                                                                                                                                                  
OSCAR                355745640                                                                                                                                                                                                                                                                                                                                                                                                                                                                                                                                                                                                                                                                                                                                                                                                  
ALBERTO              646503181                                                                                                                                                                                                                                                                                                                                                                                                                                                                                                                                                                                                                                                                                                                                                                                                  
CARLOS               364814653                                                                                                                                                                                                                                                                                                                                                                                                                                                                                                                                                                                                                                                                                                                                                                                                  
SUSANA               821403819                                                                                                                                                                                                                                                                                                                                                                                                                                                                                                                                                                                                                                                                                                                                                                                                  
MERCEDES             848887557                                                                                                                                                                                                                                                                                                                                                                                                                                                                                                                                                                                                                                                                                                                                                                                                  
TOMAS                660046009                                                                                                                                                                                                                                                                                                                                                                                                                                                                                                                                                                                                                                                                                                                                                                                                  
JUAN                 227652163                                                                                                                                                                                                                                                                                                                                                                                                                                                                                                                                                                                                                                                                                                                                                                                                  
MARTA                217954856                                                                                                                                                                                                                                                                                                                                                                                                                                                                                                                                                                                                                                                                                                                                                                                                  
CARLA                793324108                                                                                                                                                                                                                                                                                                                                                                                                                                                                                                                                                                                                                                                                                                                                                                                                  
MONICA               299217214                                                                                                                                                                                                                                                                                                                                                                                                                                                                                                                                                                                                                                                                                                                                                                                                  
JOSE LUIS            595711088                                                                                                                                                                                                                                                                                                                                                                                                                                                                                                                                                                                                                                                                                                                                                                                                  
ALEXA                347186593                                                                                                                                                                                                                                                                                                                                                                                                                                                                                                                                                                                                                                                                                                                                                                                                  
ENRIQUE              514378378                                                                                                                                                                                                                                                                                                                                                                                                                                                                                                                                                                                                                                                                                                                                                                                                  
PAULA                604826822                                                                                                                                                                                                                                                                                                                                                                                                                                                                                                                                                                                                                                                                                                                                                                                                  
MADELEINE            383638907                                                                                                                                                                                                                                                                                                                                                                                                                                                                                                                                                                                                                                                                                                                                                                                                  

16 filas seleccionadas.

SQL> SELECT MAX(COUNT(S.NOMBRE), S.N_SOCIO FROM SOCIOS S, ASISTIR A, CLASES C, PROFESORES P WHERE S.N_SOCIO = A.N_SOCIO AND A.ID_CLASE = C.ID_CLASE AND C.TIPO = P.ESTILO AND P.NOMBRE='MARIA';
SELECT MAX(COUNT(S.NOMBRE), S.N_SOCIO FROM SOCIOS S, ASISTIR A, CLASES C, PROFESORES P WHERE S.N_SOCIO = A.N_SOCIO AND A.ID_CLASE = C.ID_CLASE AND C.TIPO = P.ESTILO AND P.NOMBRE='MARIA'
       *
ERROR en línea 1:
ORA-00909: número de argumentos no válido 


SQL> SELECT MAX(COUNT(S.NOMBRE) FROM SOCIOS S, ASISTIR A, CLASES C, PROFESORES P WHERE S.N_SOCIO = A.N_SOCIO AND A.ID_CLASE = C.ID_CLASE AND C.TIPO = P.ESTILO AND P.NOMBRE='MARIA';
SELECT MAX(COUNT(S.NOMBRE) FROM SOCIOS S, ASISTIR A, CLASES C, PROFESORES P WHERE S.N_SOCIO = A.N_SOCIO AND A.ID_CLASE = C.ID_CLASE AND C.TIPO = P.ESTILO AND P.NOMBRE='MARIA'
                           *
ERROR en línea 1:
ORA-00907: falta el paréntesis derecho 


SQL> SELECT MAX(COUNT(S.NOMBRE)) FROM SOCIOS S, ASISTIR A, CLASES C, PROFESORES P WHERE S.N_SOCIO = A.N_SOCIO AND A.ID_CLASE = C.ID_CLASE AND C.TIPO = P.ESTILO AND P.NOMBRE='MARIA';
SELECT MAX(COUNT(S.NOMBRE)) FROM SOCIOS S, ASISTIR A, CLASES C, PROFESORES P WHERE S.N_SOCIO = A.N_SOCIO AND A.ID_CLASE = C.ID_CLASE AND C.TIPO = P.ESTILO AND P.NOMBRE='MARIA'
           *
ERROR en línea 1:
ORA-00978: función de grupo anidada sin GROUP BY 


SQL> SELECT MAX(COUNT(S.NOMBRE)) FROM SOCIOS S, ASISTIR A, CLASES C, PROFESORES P WHERE S.N_SOCIO = A.N_SOCIO AND A.ID_CLASE = C.ID_CLASE AND C.TIPO = P.ESTILO AND P.NOMBRE='MARIA' GROUP BY S.NOMBRE;

MAX(COUNT(S.NOMBRE))                                                                                                                                                                                                                                                                                                                                                                                                                                                                                                                                                                                                                                                                                                                                                                                                            
--------------------                                                                                                                                                                                                                                                                                                                                                                                                                                                                                                                                                                                                                                                                                                                                                                                                            
                   7                                                                                                                                                                                                                                                                                                                                                                                                                                                                                                                                                                                                                                                                                                                                                                                                            

SQL> SELECT S.nOMBRE, MAX(COUNT(S.NOMBRE)) FROM SOCIOS S, ASISTIR A, CLASES C, PROFESORES P WHERE S.N_SOCIO = A.N_SOCIO AND A.ID_CLASE = C.ID_CLASE AND C.TIPO = P.ESTILO AND P.NOMBRE='MARIA' GROUP BY S.NOMBRE;
SELECT S.nOMBRE, MAX(COUNT(S.NOMBRE)) FROM SOCIOS S, ASISTIR A, CLASES C, PROFESORES P WHERE S.N_SOCIO = A.N_SOCIO AND A.ID_CLASE = C.ID_CLASE AND C.TIPO = P.ESTILO AND P.NOMBRE='MARIA' GROUP BY S.NOMBRE
       *
ERROR en línea 1:
ORA-00937: la función de grupo no es de grupo único 


SQL> SELECT S.ID_SOCIO, MAX(COUNT(S.NOMBRE)) FROM SOCIOS S, ASISTIR A, CLASES C, PROFESORES P WHERE S.N_SOCIO = A.N_SOCIO AND A.ID_CLASE = C.ID_CLASE AND C.TIPO = P.ESTILO AND P.NOMBRE='MARIA' GROUP BY S.NOMBRE;
SELECT S.ID_SOCIO, MAX(COUNT(S.NOMBRE)) FROM SOCIOS S, ASISTIR A, CLASES C, PROFESORES P WHERE S.N_SOCIO = A.N_SOCIO AND A.ID_CLASE = C.ID_CLASE AND C.TIPO = P.ESTILO AND P.NOMBRE='MARIA' GROUP BY S.NOMBRE
       *
ERROR en línea 1:
ORA-00904: "S"."ID_SOCIO": identificador no válido 


SQL> SELECT S.* FROM SOCIOS S, ASISTIR A, CLASES C, PROFESORES P WHERE S.N_SOCIO = A.N_SOCIO AND A.ID_CLASE = C.ID_CLASE AND C.TIPO = P.ESTILO AND P.NOMBRE='MARIA' GROUP BY S.NOMBRE HAVING COUNT(S.NOMBRE)=(SELECT MAX(COUNT(S.NOMBRE)) FROM SOCIOS S, ASISTIR A, CLASES C, PROFESORES P WHERE S.N_SOCIO = A.N_SOCIO AND A.ID_CLASE = C.ID_CLASE AND C.TIPO = P.ESTILO AND P.NOMBRE='MARIA' GROUP BY S.NOMBRE;);
SELECT S.* FROM SOCIOS S, ASISTIR A, CLASES C, PROFESORES P WHERE S.N_SOCIO = A.N_SOCIO AND A.ID_CLASE = C.ID_CLASE AND C.TIPO = P.ESTILO AND P.NOMBRE='MARIA' GROUP BY S.NOMBRE HAVING COUNT(S.NOMBRE)=(SELECT MAX(COUNT(S.NOMBRE)) FROM SOCIOS S, ASISTIR A, CLASES C, PROFESORES P WHERE S.N_SOCIO = A.N_SOCIO AND A.ID_CLASE = C.ID_CLASE AND C.TIPO = P.ESTILO AND P.NOMBRE='MARIA' GROUP BY S.NOMBRE;)
                                                                                                                                                                                                                                                                                                                                                                                                          *
ERROR en línea 1:
ORA-00911: carácter no válido 


SQL> SELECT S.* FROM SOCIOS S, ASISTIR A, CLASES C, PROFESORES P WHERE S.N_SOCIO = A.N_SOCIO AND A.ID_CLASE = C.ID_CLASE AND C.TIPO = P.ESTILO AND P.NOMBRE='MARIA' GROUP BY S.NOMBRE HAVING COUNT(S.NOMBRE)=(SELECT MAX(COUNT(S.NOMBRE)) FROM SOCIOS S, ASISTIR A, CLASES C, PROFESORES P WHERE S.N_SOCIO = A.N_SOCIO AND A.ID_CLASE = C.ID_CLASE AND C.TIPO = P.ESTILO AND P.NOMBRE='MARIA' GROUP BY S.NOMBRE);
SELECT S.* FROM SOCIOS S, ASISTIR A, CLASES C, PROFESORES P WHERE S.N_SOCIO = A.N_SOCIO AND A.ID_CLASE = C.ID_CLASE AND C.TIPO = P.ESTILO AND P.NOMBRE='MARIA' GROUP BY S.NOMBRE HAVING COUNT(S.NOMBRE)=(SELECT MAX(COUNT(S.NOMBRE)) FROM SOCIOS S, ASISTIR A, CLASES C, PROFESORES P WHERE S.N_SOCIO = A.N_SOCIO AND A.ID_CLASE = C.ID_CLASE AND C.TIPO = P.ESTILO AND P.NOMBRE='MARIA' GROUP BY S.NOMBRE)
         *
ERROR en línea 1:
ORA-00979: no es una expresión GROUP BY 


SQL> SELECT S.* FROM SOCIOS S, ASISTIR A, CLASES C, PROFESORES P WHERE S.N_SOCIO = A.N_SOCIO AND A.ID_CLASE = C.ID_CLASE AND C.TIPO = P.ESTILO AND P.NOMBRE='MARIA' GROUP BY S.NOMBRE HAVING COUNT(S.NOMBRE)=(SELECT MAX(COUNT(S.NOMBRE)) FROM SOCIOS S, ASISTIR A, CLASES C, PROFESORES P WHERE S.N_SOCIO = A.N_SOCIO AND A.ID_CLASE = C.ID_CLASE AND C.TIPO = P.ESTILO AND P.NOMBRE='MARIA' GROUP BY S.NOMBRE);
SELECT S.* FROM SOCIOS S, ASISTIR A, CLASES C, PROFESORES P WHERE S.N_SOCIO = A.N_SOCIO AND A.ID_CLASE = C.ID_CLASE AND C.TIPO = P.ESTILO AND P.NOMBRE='MARIA' GROUP BY S.NOMBRE HAVING COUNT(S.NOMBRE)=(SELECT MAX(COUNT(S.NOMBRE)) FROM SOCIOS S, ASISTIR A, CLASES C, PROFESORES P WHERE S.N_SOCIO = A.N_SOCIO AND A.ID_CLASE = C.ID_CLASE AND C.TIPO = P.ESTILO AND P.NOMBRE='MARIA' GROUP BY S.NOMBRE)
         *
ERROR en línea 1:
ORA-00979: no es una expresión GROUP BY 


SQL> SELECT S.* FROM SOCIOS S, ASISTIR A, CLASES C, PROFESORES P WHERE S.N_SOCIO = A.N_SOCIO AND A.ID_CLASE = C.ID_CLASE AND C.TIPO = P.ESTILO AND P.NOMBRE='MARIA' GROUP BY S.NOMBRE HAVING COUNT(S.NOMBRE)=(SELECT MAX(COUNT(SO.NOMBRE)) FROM SOCIOS SO, ASISTIR AS, CLASES CL, PROFESORES PR WHERE SO.N_SOCIO = AS.N_SOCIO AND AS.ID_CLASE = CL.ID_CLASE AND CL.TIPO = PR.ESTILO AND PR.NOMBRE='MARIA' GROUP BY SO.NOMBRE);
SELECT S.* FROM SOCIOS S, ASISTIR A, CLASES C, PROFESORES P WHERE S.N_SOCIO = A.N_SOCIO AND A.ID_CLASE = C.ID_CLASE AND C.TIPO = P.ESTILO AND P.NOMBRE='MARIA' GROUP BY S.NOMBRE HAVING COUNT(S.NOMBRE)=(SELECT MAX(COUNT(SO.NOMBRE)) FROM SOCIOS SO, ASISTIR AS, CLASES CL, PROFESORES PR WHERE SO.N_SOCIO = AS.N_SOCIO AND AS.ID_CLASE = CL.ID_CLASE AND CL.TIPO = PR.ESTILO AND PR.NOMBRE='MARIA' GROUP BY SO.NOMBRE)
                                                                                                                                                                                                                                                              *
ERROR en línea 1:
ORA-00907: falta el paréntesis derecho 


SQL> SELECT S.* FROM SOCIOS S, ASISTIR A, CLASES C, PROFESORES P WHERE S.N_SOCIO = A.N_SOCIO AND A.ID_CLASE = C.ID_CLASE AND C.TIPO = P.ESTILO AND P.NOMBRE='MARIA' GROUP BY S.NOMBRE HAVING COUNT(S.NOMBRE)=(SELECT MAX(COUNT(SO.NOMBRE)) FROM SOCIOS SO, ASISTIR AS, CLASES CL, PROFESORES PR WHERE SO.N_SOCIO = AS.N_SOCIO AND AS.ID_CLASE = CL.ID_CLASE AND CL.TIPO = PR.ESTILO AND PR.NOMBRE='MARIA' GROUP BY SO.NOMBRE));
SELECT S.* FROM SOCIOS S, ASISTIR A, CLASES C, PROFESORES P WHERE S.N_SOCIO = A.N_SOCIO AND A.ID_CLASE = C.ID_CLASE AND C.TIPO = P.ESTILO AND P.NOMBRE='MARIA' GROUP BY S.NOMBRE HAVING COUNT(S.NOMBRE)=(SELECT MAX(COUNT(SO.NOMBRE)) FROM SOCIOS SO, ASISTIR AS, CLASES CL, PROFESORES PR WHERE SO.N_SOCIO = AS.N_SOCIO AND AS.ID_CLASE = CL.ID_CLASE AND CL.TIPO = PR.ESTILO AND PR.NOMBRE='MARIA' GROUP BY SO.NOMBRE))
                                                                                                                                                                                                                                                              *
ERROR en línea 1:
ORA-00907: falta el paréntesis derecho 


SQL> SELECT S.* FROM SOCIOS S, ASISTIR A, CLASES C, PROFESORES P WHERE S.N_SOCIO = A.N_SOCIO AND A.ID_CLASE = C.ID_CLASE AND C.TIPO = P.ESTILO AND P.NOMBRE='MARIA' GROUP BY S.NOMBRE HAVING COUNT(S.NOMBRE)=(SELECT MAX(COUNT(SO.NOMBRE)) FROM SOCIOS SO, ASISTIR, CLASES CL, PROFESORES PR WHERE SO.N_SOCIO = AS.N_SOCIO AND AS.ID_CLASE = CL.ID_CLASE AND CL.TIPO = PR.ESTILO AND PR.NOMBRE='MARIA' GROUP BY SO.NOMBRE));
SELECT S.* FROM SOCIOS S, ASISTIR A, CLASES C, PROFESORES P WHERE S.N_SOCIO = A.N_SOCIO AND A.ID_CLASE = C.ID_CLASE AND C.TIPO = P.ESTILO AND P.NOMBRE='MARIA' GROUP BY S.NOMBRE HAVING COUNT(S.NOMBRE)=(SELECT MAX(COUNT(SO.NOMBRE)) FROM SOCIOS SO, ASISTIR, CLASES CL, PROFESORES PR WHERE SO.N_SOCIO = AS.N_SOCIO AND AS.ID_CLASE = CL.ID_CLASE AND CL.TIPO = PR.ESTILO AND PR.NOMBRE='MARIA' GROUP BY SO.NOMBRE))
                                                                                                                                                                                                                                                                                                           *
ERROR en línea 1:
ORA-00936: falta una expresión 


SQL> SELECT S.* FROM SOCIOS S, ASISTIR A, CLASES C, PROFESORES P WHERE S.N_SOCIO = A.N_SOCIO AND A.ID_CLASE = C.ID_CLASE AND C.TIPO = P.ESTILO AND P.NOMBRE='MARIA' GROUP BY S.NOMBRE HAVING COUNT(S.NOMBRE)=(SELECT MAX(COUNT(SO.NOMBRE)) FROM SOCIOS SO, ASISTIR, CLASES CL, PROFESORES PR WHERE SO.N_SOCIO = ASISTIR.N_SOCIO AND ASISTIR.ID_CLASE = CL.ID_CLASE AND CL.TIPO = PR.ESTILO AND PR.NOMBRE='MARIA' GROUP BY SO.NOMBRE));
SELECT S.* FROM SOCIOS S, ASISTIR A, CLASES C, PROFESORES P WHERE S.N_SOCIO = A.N_SOCIO AND A.ID_CLASE = C.ID_CLASE AND C.TIPO = P.ESTILO AND P.NOMBRE='MARIA' GROUP BY S.NOMBRE HAVING COUNT(S.NOMBRE)=(SELECT MAX(COUNT(SO.NOMBRE)) FROM SOCIOS SO, ASISTIR, CLASES CL, PROFESORES PR WHERE SO.N_SOCIO = ASISTIR.N_SOCIO AND ASISTIR.ID_CLASE = CL.ID_CLASE AND CL.TIPO = PR.ESTILO AND PR.NOMBRE='MARIA' GROUP BY SO.NOMBRE))
                                                                                                                                                                                                                                                                                                                                                                                                                               *
ERROR en línea 1:
ORA-00933: comando SQL no terminado correctamente 


SQL> SELECT S.* FROM SOCIOS S, ASISTIR A, CLASES C, PROFESORES P WHERE S.N_SOCIO = A.N_SOCIO AND A.ID_CLASE = C.ID_CLASE AND C.TIPO = P.ESTILO AND P.NOMBRE='MARIA' GROUP BY S.NOMBRE HAVING COUNT(S.NOMBRE)=(SELECT MAX(COUNT(SO.NOMBRE)) FROM SOCIOS SO, ASISTIR, CLASES CL, PROFESORES PR WHERE SO.N_SOCIO = ASISTIR.N_SOCIO AND ASISTIR.ID_CLASE = CL.ID_CLASE AND CL.TIPO = PR.ESTILO AND PR.NOMBRE='MARIA' GROUP BY SO.NOMBRE);
SELECT S.* FROM SOCIOS S, ASISTIR A, CLASES C, PROFESORES P WHERE S.N_SOCIO = A.N_SOCIO AND A.ID_CLASE = C.ID_CLASE AND C.TIPO = P.ESTILO AND P.NOMBRE='MARIA' GROUP BY S.NOMBRE HAVING COUNT(S.NOMBRE)=(SELECT MAX(COUNT(SO.NOMBRE)) FROM SOCIOS SO, ASISTIR, CLASES CL, PROFESORES PR WHERE SO.N_SOCIO = ASISTIR.N_SOCIO AND ASISTIR.ID_CLASE = CL.ID_CLASE AND CL.TIPO = PR.ESTILO AND PR.NOMBRE='MARIA' GROUP BY SO.NOMBRE)
         *
ERROR en línea 1:
ORA-00979: no es una expresión GROUP BY 


SQL> SELECT MAX(COUNT(S.NOMBRE)) FROM SOCIOS S, ASISTIR A, CLASES C, PROFESORES P WHERE S.N_SOCIO = A.N_SOCIO AND A.ID_CLASE = C.ID_CLASE AND C.TIPO = P.ESTILO AND P.NOMBRE='MARIA' GROUP BY S.NOMBRE;

MAX(COUNT(S.NOMBRE))                                                                                                                                                                                                                                                                                                                                                                                                                                                                                                                                                                                                                                                                                                                                                                                                            
--------------------                                                                                                                                                                                                                                                                                                                                                                                                                                                                                                                                                                                                                                                                                                                                                                                                            
                   7                                                                                                                                                                                                                                                                                                                                                                                                                                                                                                                                                                                                                                                                                                                                                                                                            

SQL> SELECT SOCIOS.* GROUP BY N_SOCIO HAVING COUNT(N_SOCIO)=)SELECT MAX(COUNT(S.NOMBRE)) FROM SOCIOS S, ASISTIR A, CLASES C, PROFESORES P WHERE S.N_SOCIO = A.N_SOCIO AND A.ID_CLASE = C.ID_CLASE AND C.TIPO = P.ESTILO AND P.NOMBRE='MARIA' GROUP BY S.NOMBRE);
SELECT SOCIOS.* GROUP BY N_SOCIO HAVING COUNT(N_SOCIO)=)SELECT MAX(COUNT(S.NOMBRE)) FROM SOCIOS S, ASISTIR A, CLASES C, PROFESORES P WHERE S.N_SOCIO = A.N_SOCIO AND A.ID_CLASE = C.ID_CLASE AND C.TIPO = P.ESTILO AND P.NOMBRE='MARIA' GROUP BY S.NOMBRE)
                *
ERROR en línea 1:
ORA-00923: palabra clave FROM no encontrada donde se esperaba 


SQL> SELECT SOCIOS.* FROM SOCIOS GROUP BY N_SOCIO HAVING COUNT(N_SOCIO)=)SELECT MAX(COUNT(S.NOMBRE)) FROM SOCIOS S, ASISTIR A, CLASES C, PROFESORES P WHERE S.N_SOCIO = A.N_SOCIO AND A.ID_CLASE = C.ID_CLASE AND C.TIPO = P.ESTILO AND P.NOMBRE='MARIA' GROUP BY S.NOMBRE);
SELECT SOCIOS.* FROM SOCIOS GROUP BY N_SOCIO HAVING COUNT(N_SOCIO)=)SELECT MAX(COUNT(S.NOMBRE)) FROM SOCIOS S, ASISTIR A, CLASES C, PROFESORES P WHERE S.N_SOCIO = A.N_SOCIO AND A.ID_CLASE = C.ID_CLASE AND C.TIPO = P.ESTILO AND P.NOMBRE='MARIA' GROUP BY S.NOMBRE)
                                                                   *
ERROR en línea 1:
ORA-00936: falta una expresión 


SQL> SELECT SOCIOS.* FROM SOCIOS GROUP BY N_SOCIO HAVING COUNT(N_SOCIO)=(SELECT MAX(COUNT(S.NOMBRE)) FROM SOCIOS S, ASISTIR A, CLASES C, PROFESORES P WHERE S.N_SOCIO = A.N_SOCIO AND A.ID_CLASE = C.ID_CLASE AND C.TIPO = P.ESTILO AND P.NOMBRE='MARIA' GROUP BY S.NOMBRE);
SELECT SOCIOS.* FROM SOCIOS GROUP BY N_SOCIO HAVING COUNT(N_SOCIO)=(SELECT MAX(COUNT(S.NOMBRE)) FROM SOCIOS S, ASISTIR A, CLASES C, PROFESORES P WHERE S.N_SOCIO = A.N_SOCIO AND A.ID_CLASE = C.ID_CLASE AND C.TIPO = P.ESTILO AND P.NOMBRE='MARIA' GROUP BY S.NOMBRE)
              *
ERROR en línea 1:
ORA-00979: no es una expresión GROUP BY 


SQL> SELECT S.NOMBRE FROM SOCIOS S, ASISTIR A, CLASES C, PROFESORES P WHERE S.N_SOCIO = A.N_SOCIO AND A.ID_CLASE = C.ID_CLASE AND C.TIPO = P.ESTILO AND P.NOMBRE='MARIA' GROUP BY S.NOMBRE HAVING COUNT(S.NOMBRE)=(SELECT MAX(COUNT(SO.NOMBRE)) FROM SOCIOS SO, ASISTIR, CLASES CL, PROFESORES PR WHERE SO.N_SOCIO = ASISTIR.N_SOCIO AND ASISTIR.ID_CLASE = CL.ID_CLASE AND CL.TIPO = PR.ESTILO AND PR.NOMBRE='MARIA' GROUP BY SO.NOMBRE);

NOMBRE                                                                                                                                                                                                                                                                                                                                                                                                                                                                                                                                                                                                                                                                                                                                                                                                                          
--------------------                                                                                                                                                                                                                                                                                                                                                                                                                                                                                                                                                                                                                                                                                                                                                                                                            
ALFONSO                                                                                                                                                                                                                                                                                                                                                                                                                                                                                                                                                                                                                                                                                                                                                                                                                         
ALEXA                                                                                                                                                                                                                                                                                                                                                                                                                                                                                                                                                                                                                                                                                                                                                                                                                           
CARLA                                                                                                                                                                                                                                                                                                                                                                                                                                                                                                                                                                                                                                                                                                                                                                                                                           

SQL> SELECT S.NOMBRE COUNT(S.NOMBRE) FROM SOCIOS S, ASISTIR A, CLASES C, PROFESORES P WHERE S.N_SOCIO = A.N_SOCIO AND A.ID_CLASE = C.ID_CLASE AND C.TIPO = P.ESTILO AND P.NOMBRE='MARIA' GROUP BY S.NOMBRE HAVING COUNT(S.NOMBRE)=(SELECT MAX(COUNT(SO.NOMBRE)) FROM SOCIOS SO, ASISTIR, CLASES CL, PROFESORES PR WHERE SO.N_SOCIO = ASISTIR.N_SOCIO AND ASISTIR.ID_CLASE = CL.ID_CLASE AND CL.TIPO = PR.ESTILO AND PR.NOMBRE='MARIA' GROUP BY SO.NOMBRE);
SELECT S.NOMBRE COUNT(S.NOMBRE) FROM SOCIOS S, ASISTIR A, CLASES C, PROFESORES P WHERE S.N_SOCIO = A.N_SOCIO AND A.ID_CLASE = C.ID_CLASE AND C.TIPO = P.ESTILO AND P.NOMBRE='MARIA' GROUP BY S.NOMBRE HAVING COUNT(S.NOMBRE)=(SELECT MAX(COUNT(SO.NOMBRE)) FROM SOCIOS SO, ASISTIR, CLASES CL, PROFESORES PR WHERE SO.N_SOCIO = ASISTIR.N_SOCIO AND ASISTIR.ID_CLASE = CL.ID_CLASE AND CL.TIPO = PR.ESTILO AND PR.NOMBRE='MARIA' GROUP BY SO.NOMBRE)
                     *
ERROR en línea 1:
ORA-00923: palabra clave FROM no encontrada donde se esperaba 


SQL> SELECT S.NOMBRE, COUNT(S.NOMBRE) FROM SOCIOS S, ASISTIR A, CLASES C, PROFESORES P WHERE S.N_SOCIO = A.N_SOCIO AND A.ID_CLASE = C.ID_CLASE AND C.TIPO = P.ESTILO AND P.NOMBRE='MARIA' GROUP BY S.NOMBRE HAVING COUNT(S.NOMBRE)=(SELECT MAX(COUNT(SO.NOMBRE)) FROM SOCIOS SO, ASISTIR, CLASES CL, PROFESORES PR WHERE SO.N_SOCIO = ASISTIR.N_SOCIO AND ASISTIR.ID_CLASE = CL.ID_CLASE AND CL.TIPO = PR.ESTILO AND PR.NOMBRE='MARIA' GROUP BY SO.NOMBRE);

NOMBRE               COUNT(S.NOMBRE)                                                                                                                                                                                                                                                                                                                                                                                                                                                                                                                                                                                                                                                                                                                                                                                            
-------------------- ---------------                                                                                                                                                                                                                                                                                                                                                                                                                                                                                                                                                                                                                                                                                                                                                                                            
ALFONSO                            7                                                                                                                                                                                                                                                                                                                                                                                                                                                                                                                                                                                                                                                                                                                                                                                            
ALEXA                              7                                                                                                                                                                                                                                                                                                                                                                                                                                                                                                                                                                                                                                                                                                                                                                                            
CARLA                              7                                                                                                                                                                                                                                                                                                                                                                                                                                                                                                                                                                                                                                                                                                                                                                                            

SQL> SPOOL OFF
